22:48:03 **** Incremental Build of configuration Debug for project sensorMod_test ****
make all 
make: Nothing to be done for 'all'.
09:14:54 **** Build of configuration Debug for project sensorMod_test ****
make all 
make: Nothing to be done for `all'.
09:30:41 **** Auto Build of configuration Debug for project sensorMod_test ****
make all 
'Building file: ../src/sensorMod_test.c'
'Invoking: ARM v7 Linux gcc compiler'
arm-linux-gnueabihf-gcc -Wall -O0 -g3 -c -fmessage-length=0 -MT"src/sensorMod_test.o" -MMD -MP -MF"src/sensorMod_test.d" -MT"src/sensorMod_test.o" -o "src/sensorMod_test.o" "../src/sensorMod_test.c"
../src/sensorMod_test.c: In function 'main':
../src/sensorMod_test.c:47:24: warning: format '%x' expects argument of type 'unsigned int', but argument 2 has type 'double' [-Wformat=]
     printf("\n dt = 0x%x", dt);
                       ~^
                       %f
'Finished building: ../src/sensorMod_test.c'
' '
'Building target: sensorMod_test.elf'
'Invoking: ARM v7 Linux gcc linker'
arm-linux-gnueabihf-gcc  -o "sensorMod_test.elf"  ./src/SensorMod.o ./src/sensorMod_test.o ./src/xil_uio.o   
'Finished building target: sensorMod_test.elf'
' '
'Invoking: ARM v7 Linux Print Size'
arm-linux-gnueabihf-size sensorMod_test.elf  |tee "sensorMod_test.elf.size"
   text	   data	    bss	    dec	    hex	filename
   4501	    320	      4	   4825	   12d9	sensorMod_test.elf
'Finished building: sensorMod_test.elf.size'
' '
09:31:06 **** Auto Build of configuration Debug for project sensorMod_test ****
make all 
'Building file: ../src/sensorMod_test.c'
'Invoking: ARM v7 Linux gcc compiler'
arm-linux-gnueabihf-gcc -Wall -O0 -g3 -c -fmessage-length=0 -MT"src/sensorMod_test.o" -MMD -MP -MF"src/sensorMod_test.d" -MT"src/sensorMod_test.o" -o "src/sensorMod_test.o" "../src/sensorMod_test.c"
'Finished building: ../src/sensorMod_test.c'
' '
'Building target: sensorMod_test.elf'
'Invoking: ARM v7 Linux gcc linker'
arm-linux-gnueabihf-gcc  -o "sensorMod_test.elf"  ./src/SensorMod.o ./src/sensorMod_test.o ./src/xil_uio.o   
'Finished building target: sensorMod_test.elf'
' '
'Invoking: ARM v7 Linux Print Size'
arm-linux-gnueabihf-size sensorMod_test.elf  |tee "sensorMod_test.elf.size"
   text	   data	    bss	    dec	    hex	filename
   4501	    320	      4	   4825	   12d9	sensorMod_test.elf
'Finished building: sensorMod_test.elf.size'
' '
09:39:36 **** Incremental Build of configuration Debug for project sensorMod_test ****
make all 
make: Nothing to be done for `all'.
09:39:57 **** Incremental Build of configuration Debug for project sensorMod_test ****
make all 
make: Nothing to be done for `all'.
09:50:48 **** Incremental Build of configuration Debug for project sensorMod_test ****
make all 
'Building file: ../src/sensorMod_test.c'
'Invoking: ARM v7 Linux gcc compiler'
arm-linux-gnueabihf-gcc -Wall -O0 -g3 -c -fmessage-length=0 -MT"src/sensorMod_test.o" -MMD -MP -MF"src/sensorMod_test.d" -MT"src/sensorMod_test.o" -o "src/sensorMod_test.o" "../src/sensorMod_test.c"
../src/sensorMod_test.c: In function 'main':
../src/sensorMod_test.c:43:16: warning: unused variable 'sensor_handler' [-Wunused-variable]
     sensorMod *sensor_handler;
                ^~~~~~~~~~~~~~
'Finished building: ../src/sensorMod_test.c'
' '
'Building target: sensorMod_test.elf'
'Invoking: ARM v7 Linux gcc linker'
arm-linux-gnueabihf-gcc  -o "sensorMod_test.elf"  ./src/SensorMod.o ./src/sensorMod_test.o ./src/xil_uio.o   
'Finished building target: sensorMod_test.elf'
' '
'Invoking: ARM v7 Linux Print Size'
arm-linux-gnueabihf-size sensorMod_test.elf  |tee "sensorMod_test.elf.size"
   text	   data	    bss	    dec	    hex	filename
   4425	    320	      4	   4749	   128d	sensorMod_test.elf
'Finished building: sensorMod_test.elf.size'
' '
09:51:10 **** Incremental Build of configuration Debug for project sensorMod_test ****
make all 
'Building file: ../src/sensorMod_test.c'
'Invoking: ARM v7 Linux gcc compiler'
arm-linux-gnueabihf-gcc -Wall -O0 -g3 -c -fmessage-length=0 -MT"src/sensorMod_test.o" -MMD -MP -MF"src/sensorMod_test.d" -MT"src/sensorMod_test.o" -o "src/sensorMod_test.o" "../src/sensorMod_test.c"
../src/sensorMod_test.c: In function 'main':
../src/sensorMod_test.c:43:16: warning: variable 'sensor_handler' set but not used [-Wunused-but-set-variable]
     sensorMod *sensor_handler;
                ^~~~~~~~~~~~~~
'Finished building: ../src/sensorMod_test.c'
' '
'Building target: sensorMod_test.elf'
'Invoking: ARM v7 Linux gcc linker'
arm-linux-gnueabihf-gcc  -o "sensorMod_test.elf"  ./src/SensorMod.o ./src/sensorMod_test.o ./src/xil_uio.o   
'Finished building target: sensorMod_test.elf'
' '
'Invoking: ARM v7 Linux Print Size'
arm-linux-gnueabihf-size sensorMod_test.elf  |tee "sensorMod_test.elf.size"
   text	   data	    bss	    dec	    hex	filename
   4453	    320	      4	   4777	   12a9	sensorMod_test.elf
'Finished building: sensorMod_test.elf.size'
' '
09:54:32 **** Auto Build of configuration Debug for project sensorMod_test ****
make all 
'Building file: ../src/SensorMod.c'
'Invoking: ARM v7 Linux gcc compiler'
arm-linux-gnueabihf-gcc -Wall -O0 -g3 -c -fmessage-length=0 -MT"src/SensorMod.o" -MMD -MP -MF"src/SensorMod.d" -MT"src/SensorMod.o" -o "src/SensorMod.o" "../src/SensorMod.c"
'Finished building: ../src/SensorMod.c'
' '
'Building target: sensorMod_test.elf'
'Invoking: ARM v7 Linux gcc linker'
arm-linux-gnueabihf-gcc  -o "sensorMod_test.elf"  ./src/SensorMod.o ./src/sensorMod_test.o ./src/xil_uio.o   
'Finished building target: sensorMod_test.elf'
' '
'Invoking: ARM v7 Linux Print Size'
arm-linux-gnueabihf-size sensorMod_test.elf  |tee "sensorMod_test.elf.size"
   text	   data	    bss	    dec	    hex	filename
   4261	    320	      4	   4585	   11e9	sensorMod_test.elf
'Finished building: sensorMod_test.elf.size'
' '
09:55:10 **** Incremental Build of configuration Debug for project sensorMod_test ****
make all 
make: Nothing to be done for `all'.
09:55:31 **** Incremental Build of configuration Debug for project sensorMod_test ****
make all 
'Building file: ../src/sensorMod_test.c'
'Invoking: ARM v7 Linux gcc compiler'
arm-linux-gnueabihf-gcc -Wall -O0 -g3 -c -fmessage-length=0 -MT"src/sensorMod_test.o" -MMD -MP -MF"src/sensorMod_test.d" -MT"src/sensorMod_test.o" -o "src/sensorMod_test.o" "../src/sensorMod_test.c"
'Finished building: ../src/sensorMod_test.c'
' '
'Building target: sensorMod_test.elf'
'Invoking: ARM v7 Linux gcc linker'
arm-linux-gnueabihf-gcc  -o "sensorMod_test.elf"  ./src/SensorMod.o ./src/sensorMod_test.o ./src/xil_uio.o   
'Finished building target: sensorMod_test.elf'
' '
'Invoking: ARM v7 Linux Print Size'
arm-linux-gnueabihf-size sensorMod_test.elf  |tee "sensorMod_test.elf.size"
   text	   data	    bss	    dec	    hex	filename
   4309	    320	      4	   4633	   1219	sensorMod_test.elf
'Finished building: sensorMod_test.elf.size'
' '
09:55:46 **** Incremental Build of configuration Debug for project sensorMod_test ****
make all 
'Building file: ../src/sensorMod_test.c'
'Invoking: ARM v7 Linux gcc compiler'
arm-linux-gnueabihf-gcc -Wall -O0 -g3 -c -fmessage-length=0 -MT"src/sensorMod_test.o" -MMD -MP -MF"src/sensorMod_test.d" -MT"src/sensorMod_test.o" -o "src/sensorMod_test.o" "../src/sensorMod_test.c"
../src/sensorMod_test.c: In function 'main':
../src/sensorMod_test.c:43:16: warning: variable 'sensor_handler' set but not used [-Wunused-but-set-variable]
     sensorMod *sensor_handler;
                ^~~~~~~~~~~~~~
'Finished building: ../src/sensorMod_test.c'
' '
'Building target: sensorMod_test.elf'
'Invoking: ARM v7 Linux gcc linker'
arm-linux-gnueabihf-gcc  -o "sensorMod_test.elf"  ./src/SensorMod.o ./src/sensorMod_test.o ./src/xil_uio.o   
'Finished building target: sensorMod_test.elf'
' '
'Invoking: ARM v7 Linux Print Size'
arm-linux-gnueabihf-size sensorMod_test.elf  |tee "sensorMod_test.elf.size"
   text	   data	    bss	    dec	    hex	filename
   4261	    320	      4	   4585	   11e9	sensorMod_test.elf
'Finished building: sensorMod_test.elf.size'
' '
10:04:10 **** Incremental Build of configuration Debug for project sensorMod_test ****
make all 
'Building file: ../src/sensorMod_test.c'
'Invoking: ARM v7 Linux gcc compiler'
arm-linux-gnueabihf-gcc -Wall -O0 -g3 -c -fmessage-length=0 -MT"src/sensorMod_test.o" -MMD -MP -MF"src/sensorMod_test.d" -MT"src/sensorMod_test.o" -o "src/sensorMod_test.o" "../src/sensorMod_test.c"
'Finished building: ../src/sensorMod_test.c'
' '
'Building target: sensorMod_test.elf'
'Invoking: ARM v7 Linux gcc linker'
arm-linux-gnueabihf-gcc  -o "sensorMod_test.elf"  ./src/SensorMod.o ./src/sensorMod_test.o ./src/xil_uio.o   
'Finished building target: sensorMod_test.elf'
' '
'Invoking: ARM v7 Linux Print Size'
arm-linux-gnueabihf-size sensorMod_test.elf  |tee "sensorMod_test.elf.size"
   text	   data	    bss	    dec	    hex	filename
   4305	    320	      4	   4629	   1215	sensorMod_test.elf
'Finished building: sensorMod_test.elf.size'
' '
10:12:43 **** Auto Build of configuration Debug for project sensorMod_test ****
make all 
'Building file: ../src/SensorMod.c'
'Invoking: ARM v7 Linux gcc compiler'
arm-linux-gnueabihf-gcc -Wall -O0 -g3 -c -fmessage-length=0 -MT"src/SensorMod.o" -MMD -MP -MF"src/SensorMod.d" -MT"src/SensorMod.o" -o "src/SensorMod.o" "../src/SensorMod.c"
'Finished building: ../src/SensorMod.c'
' '
'Building target: sensorMod_test.elf'
'Invoking: ARM v7 Linux gcc linker'
arm-linux-gnueabihf-gcc  -o "sensorMod_test.elf"  ./src/SensorMod.o ./src/sensorMod_test.o ./src/xil_uio.o   
'Finished building target: sensorMod_test.elf'
' '
'Invoking: ARM v7 Linux Print Size'
arm-linux-gnueabihf-size sensorMod_test.elf  |tee "sensorMod_test.elf.size"
   text	   data	    bss	    dec	    hex	filename
   4277	    320	      4	   4601	   11f9	sensorMod_test.elf
'Finished building: sensorMod_test.elf.size'
' '
10:17:10 **** Auto Build of configuration Debug for project sensorMod_test ****
make all 
'Building file: ../src/sensorMod_test.c'
'Invoking: ARM v7 Linux gcc compiler'
arm-linux-gnueabihf-gcc -Wall -O0 -g3 -c -fmessage-length=0 -MT"src/sensorMod_test.o" -MMD -MP -MF"src/sensorMod_test.d" -MT"src/sensorMod_test.o" -o "src/sensorMod_test.o" "../src/sensorMod_test.c"
'Finished building: ../src/sensorMod_test.c'
' '
'Building target: sensorMod_test.elf'
'Invoking: ARM v7 Linux gcc linker'
arm-linux-gnueabihf-gcc  -o "sensorMod_test.elf"  ./src/SensorMod.o ./src/sensorMod_test.o ./src/xil_uio.o   
'Finished building target: sensorMod_test.elf'
' '
'Invoking: ARM v7 Linux Print Size'
arm-linux-gnueabihf-size sensorMod_test.elf  |tee "sensorMod_test.elf.size"
   text	   data	    bss	    dec	    hex	filename
   4285	    320	      4	   4609	   1201	sensorMod_test.elf
'Finished building: sensorMod_test.elf.size'
' '
10:17:43 **** Auto Build of configuration Debug for project sensorMod_test ****
make all 
'Building file: ../src/sensorMod_test.c'
'Invoking: ARM v7 Linux gcc compiler'
arm-linux-gnueabihf-gcc -Wall -O0 -g3 -c -fmessage-length=0 -MT"src/sensorMod_test.o" -MMD -MP -MF"src/sensorMod_test.d" -MT"src/sensorMod_test.o" -o "src/sensorMod_test.o" "../src/sensorMod_test.c"
'Finished building: ../src/sensorMod_test.c'
' '
'Building target: sensorMod_test.elf'
'Invoking: ARM v7 Linux gcc linker'
arm-linux-gnueabihf-gcc  -o "sensorMod_test.elf"  ./src/SensorMod.o ./src/sensorMod_test.o ./src/xil_uio.o   
'Finished building target: sensorMod_test.elf'
' '
'Invoking: ARM v7 Linux Print Size'
arm-linux-gnueabihf-size sensorMod_test.elf  |tee "sensorMod_test.elf.size"
   text	   data	    bss	    dec	    hex	filename
   4285	    320	      4	   4609	   1201	sensorMod_test.elf
'Finished building: sensorMod_test.elf.size'
' '
10:17:47 **** Incremental Build of configuration Debug for project sensorMod_test ****
make all 
make: Nothing to be done for `all'.
10:38:55 **** Auto Build of configuration Debug for project sensorMod_test ****
make all 
'Building file: ../src/SensorMod.c'
'Invoking: ARM v7 Linux gcc compiler'
arm-linux-gnueabihf-gcc -Wall -O0 -g3 -c -fmessage-length=0 -MT"src/SensorMod.o" -MMD -MP -MF"src/SensorMod.d" -MT"src/SensorMod.o" -o "src/SensorMod.o" "../src/SensorMod.c"
../src/SensorMod.c: In function 'sensorMod__init':
../src/SensorMod.c:8:34: warning: assignment makes pointer from integer without a cast [-Wint-conversion]
     self->center_current._uint32 = xil_uio__read32(self->sensorMod_handler,
                                  ^
'Finished building: ../src/SensorMod.c'
' '
'Building target: sensorMod_test.elf'
'Invoking: ARM v7 Linux gcc linker'
arm-linux-gnueabihf-gcc  -o "sensorMod_test.elf"  ./src/SensorMod.o ./src/sensorMod_test.o ./src/xil_uio.o   
'Finished building target: sensorMod_test.elf'
' '
'Invoking: ARM v7 Linux Print Size'
arm-linux-gnueabihf-size sensorMod_test.elf  |tee "sensorMod_test.elf.size"
   text	   data	    bss	    dec	    hex	filename
   4213	    320	      4	   4537	   11b9	sensorMod_test.elf
'Finished building: sensorMod_test.elf.size'
' '
10:39:04 **** Auto Build of configuration Debug for project sensorMod_test ****
make all 
'Building file: ../src/SensorMod.c'
'Invoking: ARM v7 Linux gcc compiler'
arm-linux-gnueabihf-gcc -Wall -O0 -g3 -c -fmessage-length=0 -MT"src/SensorMod.o" -MMD -MP -MF"src/SensorMod.d" -MT"src/SensorMod.o" -o "src/SensorMod.o" "../src/SensorMod.c"
../src/SensorMod.c: In function 'sensorMod__init':
../src/SensorMod.c:8:36: error: invalid type argument of unary '*' (have 'uint32_t {aka unsigned int}')
     self->center_current._uint32 = *xil_uio__read32(self->sensorMod_handler,
                                    ^~~~~~~~~~~~~~~~~~~~~~~~~~~~~~~~~~~~~~~~~
       OFFSET_CEN_CURR);
       ~~~~~~~~~~~~~~~~              
make: *** [src/SensorMod.o] Error 1
10:39:17 **** Auto Build of configuration Debug for project sensorMod_test ****
make all 
'Building file: ../src/SensorMod.c'
'Invoking: ARM v7 Linux gcc compiler'
arm-linux-gnueabihf-gcc -Wall -O0 -g3 -c -fmessage-length=0 -MT"src/SensorMod.o" -MMD -MP -MF"src/SensorMod.d" -MT"src/SensorMod.o" -o "src/SensorMod.o" "../src/SensorMod.c"
../src/SensorMod.c: In function 'sensorMod__init':
../src/SensorMod.c:8:36: error: lvalue required as unary '&' operand
     self->center_current._uint32 = &xil_uio__read32(self->sensorMod_handler,
                                    ^
make: *** [src/SensorMod.o] Error 1
10:39:57 **** Auto Build of configuration Debug for project sensorMod_test ****
make all 
'Building file: ../src/SensorMod.c'
'Invoking: ARM v7 Linux gcc compiler'
arm-linux-gnueabihf-gcc -Wall -O0 -g3 -c -fmessage-length=0 -MT"src/SensorMod.o" -MMD -MP -MF"src/SensorMod.d" -MT"src/SensorMod.o" -o "src/SensorMod.o" "../src/SensorMod.c"
'Finished building: ../src/SensorMod.c'
' '
'Building target: sensorMod_test.elf'
'Invoking: ARM v7 Linux gcc linker'
arm-linux-gnueabihf-gcc  -o "sensorMod_test.elf"  ./src/SensorMod.o ./src/sensorMod_test.o ./src/xil_uio.o   
'Finished building target: sensorMod_test.elf'
' '
'Invoking: ARM v7 Linux Print Size'
arm-linux-gnueabihf-size sensorMod_test.elf  |tee "sensorMod_test.elf.size"
   text	   data	    bss	    dec	    hex	filename
   4217	    320	      4	   4541	   11bd	sensorMod_test.elf
'Finished building: sensorMod_test.elf.size'
' '
10:41:00 **** Auto Build of configuration Debug for project sensorMod_test ****
make all 
'Building file: ../src/sensorMod_test.c'
'Invoking: ARM v7 Linux gcc compiler'
arm-linux-gnueabihf-gcc -Wall -O0 -g3 -c -fmessage-length=0 -MT"src/sensorMod_test.o" -MMD -MP -MF"src/sensorMod_test.d" -MT"src/sensorMod_test.o" -o "src/sensorMod_test.o" "../src/sensorMod_test.c"
../src/sensorMod_test.c: In function 'main':
../src/sensorMod_test.c:45:11: error: conflicting types for 'data'
     float data = sensorMod__get_centerCurr(sensor_handler);
           ^~~~
../src/sensorMod_test.c:33:14: note: previous definition of 'data' was here
     unsigned data = xil_uio__read32(gpioSw_handler, XIL_GPIO_2_OFFSET);
              ^~~~
../src/sensorMod_test.c:49:28: error: 'dt' undeclared (first use in this function); did you mean 'data'?
     printf("\n dt = %.2f", dt);
                            ^~
                            data
../src/sensorMod_test.c:49:28: note: each undeclared identifier is reported only once for each function it appears in
../src/sensorMod_test.c:45:11: warning: unused variable 'data' [-Wunused-variable]
     float data = sensorMod__get_centerCurr(sensor_handler);
           ^~~~
make: *** [src/sensorMod_test.o] Error 1
10:41:11 **** Auto Build of configuration Debug for project sensorMod_test ****
make all 
'Building file: ../src/sensorMod_test.c'
'Invoking: ARM v7 Linux gcc compiler'
arm-linux-gnueabihf-gcc -Wall -O0 -g3 -c -fmessage-length=0 -MT"src/sensorMod_test.o" -MMD -MP -MF"src/sensorMod_test.d" -MT"src/sensorMod_test.o" -o "src/sensorMod_test.o" "../src/sensorMod_test.c"
../src/sensorMod_test.c: In function 'main':
../src/sensorMod_test.c:45:11: error: conflicting types for 'data'
     float data = sensorMod__get_centerCurr(sensor_handler);
           ^~~~
../src/sensorMod_test.c:33:14: note: previous definition of 'data' was here
     unsigned data = xil_uio__read32(gpioSw_handler, XIL_GPIO_2_OFFSET);
              ^~~~
make: *** [src/sensorMod_test.o] Error 1
10:41:25 **** Auto Build of configuration Debug for project sensorMod_test ****
make all 
'Building file: ../src/sensorMod_test.c'
'Invoking: ARM v7 Linux gcc compiler'
arm-linux-gnueabihf-gcc -Wall -O0 -g3 -c -fmessage-length=0 -MT"src/sensorMod_test.o" -MMD -MP -MF"src/sensorMod_test.d" -MT"src/sensorMod_test.o" -o "src/sensorMod_test.o" "../src/sensorMod_test.c"
../src/sensorMod_test.c: In function 'main':
../src/sensorMod_test.c:49:24: warning: format '%f' expects argument of type 'double', but argument 2 has type 'unsigned int' [-Wformat=]
     printf("\n dt = %.2f", data);
                     ~~~^
                     %.2d
../src/sensorMod_test.c:43:16: warning: variable 'sensor_handler' set but not used [-Wunused-but-set-variable]
     sensorMod *sensor_handler;
                ^~~~~~~~~~~~~~
'Finished building: ../src/sensorMod_test.c'
' '
'Building target: sensorMod_test.elf'
'Invoking: ARM v7 Linux gcc linker'
arm-linux-gnueabihf-gcc  -o "sensorMod_test.elf"  ./src/SensorMod.o ./src/sensorMod_test.o ./src/xil_uio.o   
'Finished building target: sensorMod_test.elf'
' '
'Invoking: ARM v7 Linux Print Size'
arm-linux-gnueabihf-size sensorMod_test.elf  |tee "sensorMod_test.elf.size"
   text	   data	    bss	    dec	    hex	filename
   4193	    320	      4	   4517	   11a5	sensorMod_test.elf
'Finished building: sensorMod_test.elf.size'
' '
10:41:31 **** Auto Build of configuration Debug for project sensorMod_test ****
make all 
'Building file: ../src/sensorMod_test.c'
'Invoking: ARM v7 Linux gcc compiler'
arm-linux-gnueabihf-gcc -Wall -O0 -g3 -c -fmessage-length=0 -MT"src/sensorMod_test.o" -MMD -MP -MF"src/sensorMod_test.d" -MT"src/sensorMod_test.o" -o "src/sensorMod_test.o" "../src/sensorMod_test.c"
../src/sensorMod_test.c: In function 'main':
../src/sensorMod_test.c:43:16: warning: variable 'sensor_handler' set but not used [-Wunused-but-set-variable]
     sensorMod *sensor_handler;
                ^~~~~~~~~~~~~~
'Finished building: ../src/sensorMod_test.c'
' '
'Building target: sensorMod_test.elf'
'Invoking: ARM v7 Linux gcc linker'
arm-linux-gnueabihf-gcc  -o "sensorMod_test.elf"  ./src/SensorMod.o ./src/sensorMod_test.o ./src/xil_uio.o   
'Finished building target: sensorMod_test.elf'
' '
'Invoking: ARM v7 Linux Print Size'
arm-linux-gnueabihf-size sensorMod_test.elf  |tee "sensorMod_test.elf.size"
   text	   data	    bss	    dec	    hex	filename
   4165	    320	      4	   4489	   1189	sensorMod_test.elf
'Finished building: sensorMod_test.elf.size'
' '
10:42:02 **** Auto Build of configuration Debug for project sensorMod_test ****
make all 
'Building file: ../src/sensorMod_test.c'
'Invoking: ARM v7 Linux gcc compiler'
arm-linux-gnueabihf-gcc -Wall -O0 -g3 -c -fmessage-length=0 -MT"src/sensorMod_test.o" -MMD -MP -MF"src/sensorMod_test.d" -MT"src/sensorMod_test.o" -o "src/sensorMod_test.o" "../src/sensorMod_test.c"
../src/sensorMod_test.c: In function 'main':
../src/sensorMod_test.c:56:5: error: expected ';' before 'sensorMod__get_centerCurr'
     sensorMod__get_centerCurr
     ^~~~~~~~~~~~~~~~~~~~~~~~~
make: *** [src/sensorMod_test.o] Error 1
10:42:06 **** Auto Build of configuration Debug for project sensorMod_test ****
make all 
'Building file: ../src/sensorMod_test.c'
'Invoking: ARM v7 Linux gcc compiler'
arm-linux-gnueabihf-gcc -Wall -O0 -g3 -c -fmessage-length=0 -MT"src/sensorMod_test.o" -MMD -MP -MF"src/sensorMod_test.d" -MT"src/sensorMod_test.o" -o "src/sensorMod_test.o" "../src/sensorMod_test.c"
../src/sensorMod_test.c: In function 'main':
../src/sensorMod_test.c:56:5: warning: statement with no effect [-Wunused-value]
     sensorMod__get_centerCurr
     ^~~~~~~~~~~~~~~~~~~~~~~~~
../src/sensorMod_test.c:57:5: error: expected ';' before 'return'
     return 0;
     ^~~~~~
make: *** [src/sensorMod_test.o] Error 1
10:42:22 **** Auto Build of configuration Debug for project sensorMod_test ****
make all 
'Building file: ../src/sensorMod_test.c'
'Invoking: ARM v7 Linux gcc compiler'
arm-linux-gnueabihf-gcc -Wall -O0 -g3 -c -fmessage-length=0 -MT"src/sensorMod_test.o" -MMD -MP -MF"src/sensorMod_test.d" -MT"src/sensorMod_test.o" -o "src/sensorMod_test.o" "../src/sensorMod_test.c"
../src/sensorMod_test.c: In function 'main':
../src/sensorMod_test.c:56:12: warning: too many arguments for format [-Wformat-extra-args]
     printf("\n End", data);
            ^~~~~~~~
'Finished building: ../src/sensorMod_test.c'
' '
'Building target: sensorMod_test.elf'
'Invoking: ARM v7 Linux gcc linker'
arm-linux-gnueabihf-gcc  -o "sensorMod_test.elf"  ./src/SensorMod.o ./src/sensorMod_test.o ./src/xil_uio.o   
'Finished building target: sensorMod_test.elf'
' '
'Invoking: ARM v7 Linux Print Size'
arm-linux-gnueabihf-size sensorMod_test.elf  |tee "sensorMod_test.elf.size"
   text	   data	    bss	    dec	    hex	filename
   4197	    320	      4	   4521	   11a9	sensorMod_test.elf
'Finished building: sensorMod_test.elf.size'
' '
10:42:24 **** Incremental Build of configuration Debug for project sensorMod_test ****
make all 
make: Nothing to be done for `all'.
10:42:38 **** Auto Build of configuration Debug for project sensorMod_test ****
make all 
'Building file: ../src/sensorMod_test.c'
'Invoking: ARM v7 Linux gcc compiler'
arm-linux-gnueabihf-gcc -Wall -O0 -g3 -c -fmessage-length=0 -MT"src/sensorMod_test.o" -MMD -MP -MF"src/sensorMod_test.d" -MT"src/sensorMod_test.o" -o "src/sensorMod_test.o" "../src/sensorMod_test.c"
../src/sensorMod_test.c: In function 'main':
../src/sensorMod_test.c:45:11: error: conflicting types for 'data'
     float data = sensorMod__get_centerCurr(sensor_handler);
           ^~~~
../src/sensorMod_test.c:33:14: note: previous definition of 'data' was here
     unsigned data = xil_uio__read32(gpioSw_handler, XIL_GPIO_2_OFFSET);
              ^~~~
../src/sensorMod_test.c:56:12: warning: too many arguments for format [-Wformat-extra-args]
     printf("\n End", data);
            ^~~~~~~~
make: *** [src/sensorMod_test.o] Error 1
10:43:16 **** Auto Build of configuration Debug for project sensorMod_test ****
make all 
'Building file: ../src/sensorMod_test.c'
'Invoking: ARM v7 Linux gcc compiler'
arm-linux-gnueabihf-gcc -Wall -O0 -g3 -c -fmessage-length=0 -MT"src/sensorMod_test.o" -MMD -MP -MF"src/sensorMod_test.d" -MT"src/sensorMod_test.o" -o "src/sensorMod_test.o" "../src/sensorMod_test.c"
../src/sensorMod_test.c: In function 'main':
../src/sensorMod_test.c:45:11: error: conflicting types for 'data'
     float data;
           ^~~~
../src/sensorMod_test.c:33:14: note: previous definition of 'data' was here
     unsigned data = xil_uio__read32(gpioSw_handler, XIL_GPIO_2_OFFSET);
              ^~~~
../src/sensorMod_test.c:57:12: warning: too many arguments for format [-Wformat-extra-args]
     printf("\n End", data);
            ^~~~~~~~
make: *** [src/sensorMod_test.o] Error 1
10:43:31 **** Auto Build of configuration Debug for project sensorMod_test ****
make all 
'Building file: ../src/sensorMod_test.c'
'Invoking: ARM v7 Linux gcc compiler'
arm-linux-gnueabihf-gcc -Wall -O0 -g3 -c -fmessage-length=0 -MT"src/sensorMod_test.o" -MMD -MP -MF"src/sensorMod_test.d" -MT"src/sensorMod_test.o" -o "src/sensorMod_test.o" "../src/sensorMod_test.c"
../src/sensorMod_test.c: In function 'main':
../src/sensorMod_test.c:56:12: warning: too many arguments for format [-Wformat-extra-args]
     printf("\n End", data);
            ^~~~~~~~
../src/sensorMod_test.c:45:11: warning: unused variable 'senMod_data' [-Wunused-variable]
     float senMod_data = sensorMod__get_centerCurr(sensor_handler);
           ^~~~~~~~~~~
'Finished building: ../src/sensorMod_test.c'
' '
'Building target: sensorMod_test.elf'
'Invoking: ARM v7 Linux gcc linker'
arm-linux-gnueabihf-gcc  -o "sensorMod_test.elf"  ./src/SensorMod.o ./src/sensorMod_test.o ./src/xil_uio.o   
'Finished building target: sensorMod_test.elf'
' '
'Invoking: ARM v7 Linux Print Size'
arm-linux-gnueabihf-size sensorMod_test.elf  |tee "sensorMod_test.elf.size"
   text	   data	    bss	    dec	    hex	filename
   4209	    320	      4	   4533	   11b5	sensorMod_test.elf
'Finished building: sensorMod_test.elf.size'
' '
10:43:35 **** Incremental Build of configuration Debug for project sensorMod_test ****
make all 
make: Nothing to be done for `all'.
10:43:51 **** Incremental Build of configuration Debug for project sensorMod_test ****
make all 
'Building file: ../src/sensorMod_test.c'
'Invoking: ARM v7 Linux gcc compiler'
arm-linux-gnueabihf-gcc -Wall -O0 -g3 -c -fmessage-length=0 -MT"src/sensorMod_test.o" -MMD -MP -MF"src/sensorMod_test.d" -MT"src/sensorMod_test.o" -o "src/sensorMod_test.o" "../src/sensorMod_test.c"
../src/sensorMod_test.c: In function 'main':
../src/sensorMod_test.c:56:12: warning: too many arguments for format [-Wformat-extra-args]
     printf("\n End", data);
            ^~~~~~~~
'Finished building: ../src/sensorMod_test.c'
' '
'Building target: sensorMod_test.elf'
'Invoking: ARM v7 Linux gcc linker'
arm-linux-gnueabihf-gcc  -o "sensorMod_test.elf"  ./src/SensorMod.o ./src/sensorMod_test.o ./src/xil_uio.o   
'Finished building target: sensorMod_test.elf'
' '
'Invoking: ARM v7 Linux Print Size'
arm-linux-gnueabihf-size sensorMod_test.elf  |tee "sensorMod_test.elf.size"
   text	   data	    bss	    dec	    hex	filename
   4245	    320	      4	   4569	   11d9	sensorMod_test.elf
'Finished building: sensorMod_test.elf.size'
' '
10:44:10 **** Auto Build of configuration Debug for project sensorMod_test ****
make all 
'Building file: ../src/sensorMod_test.c'
'Invoking: ARM v7 Linux gcc compiler'
arm-linux-gnueabihf-gcc -Wall -O0 -g3 -c -fmessage-length=0 -MT"src/sensorMod_test.o" -MMD -MP -MF"src/sensorMod_test.d" -MT"src/sensorMod_test.o" -o "src/sensorMod_test.o" "../src/sensorMod_test.c"
../src/sensorMod_test.c: In function 'main':
../src/sensorMod_test.c:56:12: warning: too many arguments for format [-Wformat-extra-args]
     printf("\n End", data);
            ^~~~~~~~
'Finished building: ../src/sensorMod_test.c'
' '
'Building target: sensorMod_test.elf'
'Invoking: ARM v7 Linux gcc linker'
arm-linux-gnueabihf-gcc  -o "sensorMod_test.elf"  ./src/SensorMod.o ./src/sensorMod_test.o ./src/xil_uio.o   
'Finished building target: sensorMod_test.elf'
' '
'Invoking: ARM v7 Linux Print Size'
arm-linux-gnueabihf-size sensorMod_test.elf  |tee "sensorMod_test.elf.size"
   text	   data	    bss	    dec	    hex	filename
   4249	    320	      4	   4573	   11dd	sensorMod_test.elf
'Finished building: sensorMod_test.elf.size'
' '
10:45:06 **** Auto Build of configuration Debug for project sensorMod_test ****
make all 
'Building file: ../src/SensorMod.c'
'Invoking: ARM v7 Linux gcc compiler'
arm-linux-gnueabihf-gcc -Wall -O0 -g3 -c -fmessage-length=0 -MT"src/SensorMod.o" -MMD -MP -MF"src/SensorMod.d" -MT"src/SensorMod.o" -o "src/SensorMod.o" "../src/SensorMod.c"
../src/SensorMod.c: In function 'sensorMod__init':
../src/SensorMod.c:8:36: error: lvalue required as unary '&' operand
     self->center_current._uint32 = &xil_uio__read32(self->sensorMod_handler, OFFSET_CEN_CURR);
                                    ^
make: *** [src/SensorMod.o] Error 1
10:45:23 **** Auto Build of configuration Debug for project sensorMod_test ****
make all 
'Building file: ../src/SensorMod.c'
'Invoking: ARM v7 Linux gcc compiler'
arm-linux-gnueabihf-gcc -Wall -O0 -g3 -c -fmessage-length=0 -MT"src/SensorMod.o" -MMD -MP -MF"src/SensorMod.d" -MT"src/SensorMod.o" -o "src/SensorMod.o" "../src/SensorMod.c"
'Finished building: ../src/SensorMod.c'
' '
'Building target: sensorMod_test.elf'
'Invoking: ARM v7 Linux gcc linker'
arm-linux-gnueabihf-gcc  -o "sensorMod_test.elf"  ./src/SensorMod.o ./src/sensorMod_test.o ./src/xil_uio.o   
'Finished building target: sensorMod_test.elf'
' '
'Invoking: ARM v7 Linux Print Size'
arm-linux-gnueabihf-size sensorMod_test.elf  |tee "sensorMod_test.elf.size"
   text	   data	    bss	    dec	    hex	filename
   4245	    320	      4	   4569	   11d9	sensorMod_test.elf
'Finished building: sensorMod_test.elf.size'
' '
10:48:06 **** Auto Build of configuration Debug for project sensorMod_test ****
make all 
'Building file: ../src/SensorMod.c'
'Invoking: ARM v7 Linux gcc compiler'
arm-linux-gnueabihf-gcc -Wall -O0 -g3 -c -fmessage-length=0 -MT"src/SensorMod.o" -MMD -MP -MF"src/SensorMod.d" -MT"src/SensorMod.o" -o "src/SensorMod.o" "../src/SensorMod.c"
../src/SensorMod.c: In function 'sensorMod__init':
../src/SensorMod.c:8:26: error: expected identifier before '*' token
     self->center_current.*_uint32 = xil_uio__read32(self->sensorMod_handler, OFFSET_CEN_CURR);
                          ^
make: *** [src/SensorMod.o] Error 1
10:48:13 **** Auto Build of configuration Debug for project sensorMod_test ****
make all 
'Building file: ../src/SensorMod.c'
'Invoking: ARM v7 Linux gcc compiler'
arm-linux-gnueabihf-gcc -Wall -O0 -g3 -c -fmessage-length=0 -MT"src/SensorMod.o" -MMD -MP -MF"src/SensorMod.d" -MT"src/SensorMod.o" -o "src/SensorMod.o" "../src/SensorMod.c"
'Finished building: ../src/SensorMod.c'
' '
'Building target: sensorMod_test.elf'
'Invoking: ARM v7 Linux gcc linker'
arm-linux-gnueabihf-gcc  -o "sensorMod_test.elf"  ./src/SensorMod.o ./src/sensorMod_test.o ./src/xil_uio.o   
'Finished building target: sensorMod_test.elf'
' '
'Invoking: ARM v7 Linux Print Size'
arm-linux-gnueabihf-size sensorMod_test.elf  |tee "sensorMod_test.elf.size"
   text	   data	    bss	    dec	    hex	filename
   4245	    320	      4	   4569	   11d9	sensorMod_test.elf
'Finished building: sensorMod_test.elf.size'
' '
10:48:23 **** Auto Build of configuration Debug for project sensorMod_test ****
make all 
'Building file: ../src/SensorMod.c'
'Invoking: ARM v7 Linux gcc compiler'
arm-linux-gnueabihf-gcc -Wall -O0 -g3 -c -fmessage-length=0 -MT"src/SensorMod.o" -MMD -MP -MF"src/SensorMod.d" -MT"src/SensorMod.o" -o "src/SensorMod.o" "../src/SensorMod.c"
'Finished building: ../src/SensorMod.c'
' '
'Building target: sensorMod_test.elf'
'Invoking: ARM v7 Linux gcc linker'
arm-linux-gnueabihf-gcc  -o "sensorMod_test.elf"  ./src/SensorMod.o ./src/sensorMod_test.o ./src/xil_uio.o   
'Finished building target: sensorMod_test.elf'
' '
'Invoking: ARM v7 Linux Print Size'
arm-linux-gnueabihf-size sensorMod_test.elf  |tee "sensorMod_test.elf.size"
   text	   data	    bss	    dec	    hex	filename
   4245	    320	      4	   4569	   11d9	sensorMod_test.elf
'Finished building: sensorMod_test.elf.size'
' '
10:48:29 **** Incremental Build of configuration Debug for project sensorMod_test ****
make all 
make: Nothing to be done for `all'.
10:52:59 **** Auto Build of configuration Debug for project sensorMod_test ****
make all 
'Building file: ../src/SensorMod.c'
'Invoking: ARM v7 Linux gcc compiler'
arm-linux-gnueabihf-gcc -Wall -O0 -g3 -c -fmessage-length=0 -MT"src/SensorMod.o" -MMD -MP -MF"src/SensorMod.d" -MT"src/SensorMod.o" -o "src/SensorMod.o" "../src/SensorMod.c"
../src/SensorMod.c: In function 'sensorMod__init':
../src/SensorMod.c:8:26: error: expected identifier before '(' token
     self->center_current.(*)_uint32 = xil_uio__read32(self->sensorMod_handler, OFFSET_CEN_CURR);
                          ^
make: *** [src/SensorMod.o] Error 1
11:41:02 **** Auto Build of configuration Debug for project sensorMod_test ****
make all 
'Building file: ../src/SensorMod.c'
'Invoking: ARM v7 Linux gcc compiler'
arm-linux-gnueabihf-gcc -Wall -O0 -g3 -c -fmessage-length=0 -MT"src/SensorMod.o" -MMD -MP -MF"src/SensorMod.d" -MT"src/SensorMod.o" -o "src/SensorMod.o" "../src/SensorMod.c"
'Finished building: ../src/SensorMod.c'
' '
'Building target: sensorMod_test.elf'
'Invoking: ARM v7 Linux gcc linker'
arm-linux-gnueabihf-gcc  -o "sensorMod_test.elf"  ./src/SensorMod.o ./src/sensorMod_test.o ./src/xil_uio.o   
'Finished building target: sensorMod_test.elf'
' '
'Invoking: ARM v7 Linux Print Size'
arm-linux-gnueabihf-size sensorMod_test.elf  |tee "sensorMod_test.elf.size"
   text	   data	    bss	    dec	    hex	filename
   4521	    320	      4	   4845	   12ed	sensorMod_test.elf
'Finished building: sensorMod_test.elf.size'
' '
11:48:38 **** Auto Build of configuration Debug for project sensorMod_test ****
make all 
'Building file: ../src/sensorMod_test.c'
'Invoking: ARM v7 Linux gcc compiler'
arm-linux-gnueabihf-gcc -Wall -O0 -g3 -c -fmessage-length=0 -MT"src/sensorMod_test.o" -MMD -MP -MF"src/sensorMod_test.d" -MT"src/sensorMod_test.o" -o "src/sensorMod_test.o" "../src/sensorMod_test.c"
../src/sensorMod_test.c: In function 'main':
../src/sensorMod_test.c:49:30: error: 'senMod_data' undeclared (first use in this function); did you mean 'random_data'?
     printf("\n data = %.2f", senMod_data);
                              ^~~~~~~~~~~
                              random_data
../src/sensorMod_test.c:49:30: note: each undeclared identifier is reported only once for each function it appears in
../src/sensorMod_test.c:56:12: warning: too many arguments for format [-Wformat-extra-args]
     printf("\n End", data);
            ^~~~~~~~
make: *** [src/sensorMod_test.o] Error 1
11:48:43 **** Auto Build of configuration Debug for project sensorMod_test ****
make all 
'Building file: ../src/sensorMod_test.c'
'Invoking: ARM v7 Linux gcc compiler'
arm-linux-gnueabihf-gcc -Wall -O0 -g3 -c -fmessage-length=0 -MT"src/sensorMod_test.o" -MMD -MP -MF"src/sensorMod_test.d" -MT"src/sensorMod_test.o" -o "src/sensorMod_test.o" "../src/sensorMod_test.c"
../src/sensorMod_test.c: In function 'main':
../src/sensorMod_test.c:56:12: warning: too many arguments for format [-Wformat-extra-args]
     printf("\n End", data);
            ^~~~~~~~
'Finished building: ../src/sensorMod_test.c'
' '
'Building target: sensorMod_test.elf'
'Invoking: ARM v7 Linux gcc linker'
arm-linux-gnueabihf-gcc  -o "sensorMod_test.elf"  ./src/SensorMod.o ./src/sensorMod_test.o ./src/xil_uio.o   
'Finished building target: sensorMod_test.elf'
' '
'Invoking: ARM v7 Linux Print Size'
arm-linux-gnueabihf-size sensorMod_test.elf  |tee "sensorMod_test.elf.size"
   text	   data	    bss	    dec	    hex	filename
   4469	    320	      4	   4793	   12b9	sensorMod_test.elf
'Finished building: sensorMod_test.elf.size'
' '
11:48:46 **** Incremental Build of configuration Debug for project sensorMod_test ****
make all 
make: Nothing to be done for `all'.
11:49:17 **** Auto Build of configuration Debug for project sensorMod_test ****
make all 
'Building file: ../src/SensorMod.c'
'Invoking: ARM v7 Linux gcc compiler'
arm-linux-gnueabihf-gcc -Wall -O0 -g3 -c -fmessage-length=0 -MT"src/SensorMod.o" -MMD -MP -MF"src/SensorMod.d" -MT"src/SensorMod.o" -o "src/SensorMod.o" "../src/SensorMod.c"
'Finished building: ../src/SensorMod.c'
' '
'Building target: sensorMod_test.elf'
'Invoking: ARM v7 Linux gcc linker'
arm-linux-gnueabihf-gcc  -o "sensorMod_test.elf"  ./src/SensorMod.o ./src/sensorMod_test.o ./src/xil_uio.o   
'Finished building target: sensorMod_test.elf'
' '
'Invoking: ARM v7 Linux Print Size'
arm-linux-gnueabihf-size sensorMod_test.elf  |tee "sensorMod_test.elf.size"
   text	   data	    bss	    dec	    hex	filename
   4277	    320	      4	   4601	   11f9	sensorMod_test.elf
'Finished building: sensorMod_test.elf.size'
' '
11:49:23 **** Incremental Build of configuration Debug for project sensorMod_test ****
make all 
make: Nothing to be done for `all'.
11:49:41 **** Incremental Build of configuration Debug for project sensorMod_test ****
make all 
'Building file: ../src/sensorMod_test.c'
'Invoking: ARM v7 Linux gcc compiler'
arm-linux-gnueabihf-gcc -Wall -O0 -g3 -c -fmessage-length=0 -MT"src/sensorMod_test.o" -MMD -MP -MF"src/sensorMod_test.d" -MT"src/sensorMod_test.o" -o "src/sensorMod_test.o" "../src/sensorMod_test.c"
../src/sensorMod_test.c: In function 'main':
../src/sensorMod_test.c:56:12: warning: too many arguments for format [-Wformat-extra-args]
     printf("\n End", data);
            ^~~~~~~~
'Finished building: ../src/sensorMod_test.c'
' '
'Building target: sensorMod_test.elf'
'Invoking: ARM v7 Linux gcc linker'
arm-linux-gnueabihf-gcc  -o "sensorMod_test.elf"  ./src/SensorMod.o ./src/sensorMod_test.o ./src/xil_uio.o   
'Finished building target: sensorMod_test.elf'
' '
'Invoking: ARM v7 Linux Print Size'
arm-linux-gnueabihf-size sensorMod_test.elf  |tee "sensorMod_test.elf.size"
   text	   data	    bss	    dec	    hex	filename
   4329	    320	      4	   4653	   122d	sensorMod_test.elf
'Finished building: sensorMod_test.elf.size'
' '
11:49:58 **** Auto Build of configuration Debug for project sensorMod_test ****
make all 
'Building file: ../src/sensorMod_test.c'
'Invoking: ARM v7 Linux gcc compiler'
arm-linux-gnueabihf-gcc -Wall -O0 -g3 -c -fmessage-length=0 -MT"src/sensorMod_test.o" -MMD -MP -MF"src/sensorMod_test.d" -MT"src/sensorMod_test.o" -o "src/sensorMod_test.o" "../src/sensorMod_test.c"
../src/sensorMod_test.c: In function 'main':
../src/sensorMod_test.c:56:12: warning: too many arguments for format [-Wformat-extra-args]
     printf("\n End", data);
            ^~~~~~~~
'Finished building: ../src/sensorMod_test.c'
' '
'Building target: sensorMod_test.elf'
'Invoking: ARM v7 Linux gcc linker'
arm-linux-gnueabihf-gcc  -o "sensorMod_test.elf"  ./src/SensorMod.o ./src/sensorMod_test.o ./src/xil_uio.o   
'Finished building target: sensorMod_test.elf'
' '
'Invoking: ARM v7 Linux Print Size'
arm-linux-gnueabihf-size sensorMod_test.elf  |tee "sensorMod_test.elf.size"
   text	   data	    bss	    dec	    hex	filename
   4329	    320	      4	   4653	   122d	sensorMod_test.elf
'Finished building: sensorMod_test.elf.size'
' '
11:50:02 **** Incremental Build of configuration Debug for project sensorMod_test ****
make all 
make: Nothing to be done for `all'.
11:50:15 **** Auto Build of configuration Debug for project sensorMod_test ****
make all 
'Building file: ../src/sensorMod_test.c'
'Invoking: ARM v7 Linux gcc compiler'
arm-linux-gnueabihf-gcc -Wall -O0 -g3 -c -fmessage-length=0 -MT"src/sensorMod_test.o" -MMD -MP -MF"src/sensorMod_test.d" -MT"src/sensorMod_test.o" -o "src/sensorMod_test.o" "../src/sensorMod_test.c"
../src/sensorMod_test.c: In function 'main':
../src/sensorMod_test.c:56:12: warning: too many arguments for format [-Wformat-extra-args]
     printf("\n End", data);
            ^~~~~~~~
'Finished building: ../src/sensorMod_test.c'
' '
'Building target: sensorMod_test.elf'
'Invoking: ARM v7 Linux gcc linker'
arm-linux-gnueabihf-gcc  -o "sensorMod_test.elf"  ./src/SensorMod.o ./src/sensorMod_test.o ./src/xil_uio.o   
'Finished building target: sensorMod_test.elf'
' '
'Invoking: ARM v7 Linux Print Size'
arm-linux-gnueabihf-size sensorMod_test.elf  |tee "sensorMod_test.elf.size"
   text	   data	    bss	    dec	    hex	filename
   4329	    320	      4	   4653	   122d	sensorMod_test.elf
'Finished building: sensorMod_test.elf.size'
' '
11:50:19 **** Incremental Build of configuration Debug for project sensorMod_test ****
make all 
make: Nothing to be done for `all'.
11:51:11 **** Auto Build of configuration Debug for project sensorMod_test ****
make all 
'Building file: ../src/sensorMod_test.c'
'Invoking: ARM v7 Linux gcc compiler'
arm-linux-gnueabihf-gcc -Wall -O0 -g3 -c -fmessage-length=0 -MT"src/sensorMod_test.o" -MMD -MP -MF"src/sensorMod_test.d" -MT"src/sensorMod_test.o" -o "src/sensorMod_test.o" "../src/sensorMod_test.c"
../src/sensorMod_test.c: In function 'main':
../src/sensorMod_test.c:56:12: warning: too many arguments for format [-Wformat-extra-args]
     printf("\n End", data);
            ^~~~~~~~
'Finished building: ../src/sensorMod_test.c'
' '
'Building target: sensorMod_test.elf'
'Invoking: ARM v7 Linux gcc linker'
arm-linux-gnueabihf-gcc  -o "sensorMod_test.elf"  ./src/SensorMod.o ./src/sensorMod_test.o ./src/xil_uio.o   
'Finished building target: sensorMod_test.elf'
' '
'Invoking: ARM v7 Linux Print Size'
arm-linux-gnueabihf-size sensorMod_test.elf  |tee "sensorMod_test.elf.size"
   text	   data	    bss	    dec	    hex	filename
   4329	    320	      4	   4653	   122d	sensorMod_test.elf
'Finished building: sensorMod_test.elf.size'
' '
11:51:13 **** Incremental Build of configuration Debug for project sensorMod_test ****
make all 
make: Nothing to be done for `all'.
11:51:24 **** Incremental Build of configuration Debug for project sensorMod_test ****
make all 
make: Nothing to be done for `all'.
11:53:44 **** Auto Build of configuration Debug for project sensorMod_test ****
make all 
'Building file: ../src/sensorMod_test.c'
'Invoking: ARM v7 Linux gcc compiler'
arm-linux-gnueabihf-gcc -Wall -O0 -g3 -c -fmessage-length=0 -MT"src/sensorMod_test.o" -MMD -MP -MF"src/sensorMod_test.d" -MT"src/sensorMod_test.o" -o "src/sensorMod_test.o" "../src/sensorMod_test.c"
../src/sensorMod_test.c: In function 'main':
../src/sensorMod_test.c:56:12: warning: too many arguments for format [-Wformat-extra-args]
     printf("\n End", data);
            ^~~~~~~~
'Finished building: ../src/sensorMod_test.c'
' '
'Building target: sensorMod_test.elf'
'Invoking: ARM v7 Linux gcc linker'
arm-linux-gnueabihf-gcc  -o "sensorMod_test.elf"  ./src/SensorMod.o ./src/sensorMod_test.o ./src/xil_uio.o   
'Finished building target: sensorMod_test.elf'
' '
'Invoking: ARM v7 Linux Print Size'
arm-linux-gnueabihf-size sensorMod_test.elf  |tee "sensorMod_test.elf.size"
   text	   data	    bss	    dec	    hex	filename
   4325	    320	      4	   4649	   1229	sensorMod_test.elf
'Finished building: sensorMod_test.elf.size'
' '
11:53:53 **** Auto Build of configuration Debug for project sensorMod_test ****
make all 
'Building file: ../src/sensorMod_test.c'
'Invoking: ARM v7 Linux gcc compiler'
arm-linux-gnueabihf-gcc -Wall -O0 -g3 -c -fmessage-length=0 -MT"src/sensorMod_test.o" -MMD -MP -MF"src/sensorMod_test.d" -MT"src/sensorMod_test.o" -o "src/sensorMod_test.o" "../src/sensorMod_test.c"
'Finished building: ../src/sensorMod_test.c'
' '
'Building target: sensorMod_test.elf'
'Invoking: ARM v7 Linux gcc linker'
arm-linux-gnueabihf-gcc  -o "sensorMod_test.elf"  ./src/SensorMod.o ./src/sensorMod_test.o ./src/xil_uio.o   
'Finished building target: sensorMod_test.elf'
' '
'Invoking: ARM v7 Linux Print Size'
arm-linux-gnueabihf-size sensorMod_test.elf  |tee "sensorMod_test.elf.size"
   text	   data	    bss	    dec	    hex	filename
   4321	    320	      4	   4645	   1225	sensorMod_test.elf
'Finished building: sensorMod_test.elf.size'
' '
11:53:55 **** Incremental Build of configuration Debug for project sensorMod_test ****
make all 
make: Nothing to be done for `all'.
11:54:19 **** Auto Build of configuration Debug for project sensorMod_test ****
make all 
'Building file: ../src/sensorMod_test.c'
'Invoking: ARM v7 Linux gcc compiler'
arm-linux-gnueabihf-gcc -Wall -O0 -g3 -c -fmessage-length=0 -MT"src/sensorMod_test.o" -MMD -MP -MF"src/sensorMod_test.d" -MT"src/sensorMod_test.o" -o "src/sensorMod_test.o" "../src/sensorMod_test.c"
../src/sensorMod_test.c: In function 'main':
../src/sensorMod_test.c:49:26: warning: format '%f' expects argument of type 'double', but argument 2 has type 'float *' [-Wformat=]
     printf("\n data = %.5f", sensor_handler->dt._float32);
                       ~~~^   ~~~~~~~~~~~~~~~~~~~~~~~~~~~
'Finished building: ../src/sensorMod_test.c'
' '
'Building target: sensorMod_test.elf'
'Invoking: ARM v7 Linux gcc linker'
arm-linux-gnueabihf-gcc  -o "sensorMod_test.elf"  ./src/SensorMod.o ./src/sensorMod_test.o ./src/xil_uio.o   
'Finished building target: sensorMod_test.elf'
' '
'Invoking: ARM v7 Linux Print Size'
arm-linux-gnueabihf-size sensorMod_test.elf  |tee "sensorMod_test.elf.size"
   text	   data	    bss	    dec	    hex	filename
   4313	    320	      4	   4637	   121d	sensorMod_test.elf
'Finished building: sensorMod_test.elf.size'
' '
11:54:38 **** Auto Build of configuration Debug for project sensorMod_test ****
make all 
'Building file: ../src/sensorMod_test.c'
'Invoking: ARM v7 Linux gcc compiler'
arm-linux-gnueabihf-gcc -Wall -O0 -g3 -c -fmessage-length=0 -MT"src/sensorMod_test.o" -MMD -MP -MF"src/sensorMod_test.d" -MT"src/sensorMod_test.o" -o "src/sensorMod_test.o" "../src/sensorMod_test.c"
'Finished building: ../src/sensorMod_test.c'
' '
'Building target: sensorMod_test.elf'
'Invoking: ARM v7 Linux gcc linker'
arm-linux-gnueabihf-gcc  -o "sensorMod_test.elf"  ./src/SensorMod.o ./src/sensorMod_test.o ./src/xil_uio.o   
'Finished building target: sensorMod_test.elf'
' '
'Invoking: ARM v7 Linux Print Size'
arm-linux-gnueabihf-size sensorMod_test.elf  |tee "sensorMod_test.elf.size"
   text	   data	    bss	    dec	    hex	filename
   4321	    320	      4	   4645	   1225	sensorMod_test.elf
'Finished building: sensorMod_test.elf.size'
' '
11:54:41 **** Incremental Build of configuration Debug for project sensorMod_test ****
make all 
make: Nothing to be done for `all'.
11:55:04 **** Auto Build of configuration Debug for project sensorMod_test ****
make all 
'Building file: ../src/SensorMod.c'
'Invoking: ARM v7 Linux gcc compiler'
arm-linux-gnueabihf-gcc -Wall -O0 -g3 -c -fmessage-length=0 -MT"src/SensorMod.o" -MMD -MP -MF"src/SensorMod.d" -MT"src/SensorMod.o" -o "src/SensorMod.o" "../src/SensorMod.c"
../src/SensorMod.c: In function 'sensorMod__init':
../src/SensorMod.c:9:34: warning: assignment makes pointer from integer without a cast [-Wint-conversion]
     self->center_current._uint32 = tmp;
                                  ^
'Finished building: ../src/SensorMod.c'
' '
'Building target: sensorMod_test.elf'
'Invoking: ARM v7 Linux gcc linker'
arm-linux-gnueabihf-gcc  -o "sensorMod_test.elf"  ./src/SensorMod.o ./src/sensorMod_test.o ./src/xil_uio.o   
'Finished building target: sensorMod_test.elf'
' '
'Invoking: ARM v7 Linux Print Size'
arm-linux-gnueabihf-size sensorMod_test.elf  |tee "sensorMod_test.elf.size"
   text	   data	    bss	    dec	    hex	filename
   4325	    320	      4	   4649	   1229	sensorMod_test.elf
'Finished building: sensorMod_test.elf.size'
' '
11:55:07 **** Auto Build of configuration Debug for project sensorMod_test ****
make all 
'Building file: ../src/SensorMod.c'
'Invoking: ARM v7 Linux gcc compiler'
arm-linux-gnueabihf-gcc -Wall -O0 -g3 -c -fmessage-length=0 -MT"src/SensorMod.o" -MMD -MP -MF"src/SensorMod.d" -MT"src/SensorMod.o" -o "src/SensorMod.o" "../src/SensorMod.c"
../src/SensorMod.c: In function 'sensorMod__init':
../src/SensorMod.c:9:36: error: invalid type argument of unary '*' (have 'uint32_t {aka unsigned int}')
     self->center_current._uint32 = *tmp;
                                    ^~~~
make: *** [src/SensorMod.o] Error 1
12:00:02 **** Auto Build of configuration Debug for project sensorMod_test ****
make all 
'Building file: ../src/SensorMod.c'
'Invoking: ARM v7 Linux gcc compiler'
arm-linux-gnueabihf-gcc -Wall -O0 -g3 -c -fmessage-length=0 -MT"src/SensorMod.o" -MMD -MP -MF"src/SensorMod.d" -MT"src/SensorMod.o" -o "src/SensorMod.o" "../src/SensorMod.c"
../src/SensorMod.c: In function 'sensorMod__init':
../src/SensorMod.c:9:34: warning: assignment makes pointer from integer without a cast [-Wint-conversion]
     self->center_current._uint32 = cenCurr;
                                  ^
'Finished building: ../src/SensorMod.c'
' '
'Building target: sensorMod_test.elf'
'Invoking: ARM v7 Linux gcc linker'
arm-linux-gnueabihf-gcc  -o "sensorMod_test.elf"  ./src/SensorMod.o ./src/sensorMod_test.o ./src/xil_uio.o   
'Finished building target: sensorMod_test.elf'
' '
'Invoking: ARM v7 Linux Print Size'
arm-linux-gnueabihf-size sensorMod_test.elf  |tee "sensorMod_test.elf.size"
   text	   data	    bss	    dec	    hex	filename
   4317	    320	      4	   4641	   1221	sensorMod_test.elf
'Finished building: sensorMod_test.elf.size'
' '
12:00:09 **** Auto Build of configuration Debug for project sensorMod_test ****
make all 
'Building file: ../src/SensorMod.c'
'Invoking: ARM v7 Linux gcc compiler'
arm-linux-gnueabihf-gcc -Wall -O0 -g3 -c -fmessage-length=0 -MT"src/SensorMod.o" -MMD -MP -MF"src/SensorMod.d" -MT"src/SensorMod.o" -o "src/SensorMod.o" "../src/SensorMod.c"
'Finished building: ../src/SensorMod.c'
' '
'Building target: sensorMod_test.elf'
'Invoking: ARM v7 Linux gcc linker'
arm-linux-gnueabihf-gcc  -o "sensorMod_test.elf"  ./src/SensorMod.o ./src/sensorMod_test.o ./src/xil_uio.o   
'Finished building target: sensorMod_test.elf'
' '
'Invoking: ARM v7 Linux Print Size'
arm-linux-gnueabihf-size sensorMod_test.elf  |tee "sensorMod_test.elf.size"
   text	   data	    bss	    dec	    hex	filename
   4321	    320	      4	   4645	   1225	sensorMod_test.elf
'Finished building: sensorMod_test.elf.size'
' '
12:00:15 **** Incremental Build of configuration Debug for project sensorMod_test ****
make all 
make: Nothing to be done for `all'.
12:01:07 **** Auto Build of configuration Debug for project sensorMod_test ****
make all 
'Building file: ../src/sensorMod_test.c'
'Invoking: ARM v7 Linux gcc compiler'
arm-linux-gnueabihf-gcc -Wall -O0 -g3 -c -fmessage-length=0 -MT"src/sensorMod_test.o" -MMD -MP -MF"src/sensorMod_test.d" -MT"src/sensorMod_test.o" -o "src/sensorMod_test.o" "../src/sensorMod_test.c"
'Finished building: ../src/sensorMod_test.c'
' '
'Building target: sensorMod_test.elf'
'Invoking: ARM v7 Linux gcc linker'
arm-linux-gnueabihf-gcc  -o "sensorMod_test.elf"  ./src/SensorMod.o ./src/sensorMod_test.o ./src/xil_uio.o   
'Finished building target: sensorMod_test.elf'
' '
'Invoking: ARM v7 Linux Print Size'
arm-linux-gnueabihf-size sensorMod_test.elf  |tee "sensorMod_test.elf.size"
   text	   data	    bss	    dec	    hex	filename
   4321	    320	      4	   4645	   1225	sensorMod_test.elf
'Finished building: sensorMod_test.elf.size'
' '
12:04:20 **** Auto Build of configuration Debug for project sensorMod_test ****
make all 
'Building file: ../src/sensorMod_test.c'
'Invoking: ARM v7 Linux gcc compiler'
arm-linux-gnueabihf-gcc -Wall -O0 -g3 -c -fmessage-length=0 -MT"src/sensorMod_test.o" -MMD -MP -MF"src/sensorMod_test.d" -MT"src/sensorMod_test.o" -o "src/sensorMod_test.o" "../src/sensorMod_test.c"
'Finished building: ../src/sensorMod_test.c'
' '
'Building target: sensorMod_test.elf'
'Invoking: ARM v7 Linux gcc linker'
arm-linux-gnueabihf-gcc  -o "sensorMod_test.elf"  ./src/SensorMod.o ./src/sensorMod_test.o ./src/xil_uio.o   
'Finished building target: sensorMod_test.elf'
' '
'Invoking: ARM v7 Linux Print Size'
arm-linux-gnueabihf-size sensorMod_test.elf  |tee "sensorMod_test.elf.size"
   text	   data	    bss	    dec	    hex	filename
   4321	    320	      4	   4645	   1225	sensorMod_test.elf
'Finished building: sensorMod_test.elf.size'
' '
12:04:27 **** Incremental Build of configuration Debug for project sensorMod_test ****
make all 
make: Nothing to be done for `all'.
12:05:20 **** Auto Build of configuration Debug for project sensorMod_test ****
make all 
'Building file: ../src/SensorMod.c'
'Invoking: ARM v7 Linux gcc compiler'
arm-linux-gnueabihf-gcc -Wall -O0 -g3 -c -fmessage-length=0 -MT"src/SensorMod.o" -MMD -MP -MF"src/SensorMod.d" -MT"src/SensorMod.o" -o "src/SensorMod.o" "../src/SensorMod.c"
'Finished building: ../src/SensorMod.c'
' '
'Building target: sensorMod_test.elf'
'Invoking: ARM v7 Linux gcc linker'
arm-linux-gnueabihf-gcc  -o "sensorMod_test.elf"  ./src/SensorMod.o ./src/sensorMod_test.o ./src/xil_uio.o   
'Finished building target: sensorMod_test.elf'
' '
'Invoking: ARM v7 Linux Print Size'
arm-linux-gnueabihf-size sensorMod_test.elf  |tee "sensorMod_test.elf.size"
   text	   data	    bss	    dec	    hex	filename
   4513	    320	      4	   4837	   12e5	sensorMod_test.elf
'Finished building: sensorMod_test.elf.size'
' '
12:05:28 **** Incremental Build of configuration Debug for project sensorMod_test ****
make all 
make: Nothing to be done for `all'.
12:13:11 **** Auto Build of configuration Debug for project sensorMod_test ****
make all 
'Building file: ../src/SensorMod.c'
'Invoking: ARM v7 Linux gcc compiler'
arm-linux-gnueabihf-gcc -Wall -O0 -g3 -c -fmessage-length=0 -MT"src/SensorMod.o" -MMD -MP -MF"src/SensorMod.d" -MT"src/SensorMod.o" -o "src/SensorMod.o" "../src/SensorMod.c"
'Finished building: ../src/SensorMod.c'
' '
'Building target: sensorMod_test.elf'
'Invoking: ARM v7 Linux gcc linker'
arm-linux-gnueabihf-gcc  -o "sensorMod_test.elf"  ./src/SensorMod.o ./src/sensorMod_test.o ./src/xil_uio.o   
'Finished building target: sensorMod_test.elf'
' '
'Invoking: ARM v7 Linux Print Size'
arm-linux-gnueabihf-size sensorMod_test.elf  |tee "sensorMod_test.elf.size"
   text	   data	    bss	    dec	    hex	filename
   4417	    320	      4	   4741	   1285	sensorMod_test.elf
'Finished building: sensorMod_test.elf.size'
' '
12:13:41 **** Incremental Build of configuration Debug for project sensorMod_test ****
make all 
make: Nothing to be done for `all'.
12:19:09 **** Auto Build of configuration Debug for project sensorMod_test ****
make all 
'Building file: ../src/SensorMod.c'
'Invoking: ARM v7 Linux gcc compiler'
arm-linux-gnueabihf-gcc -Wall -O0 -g3 -c -fmessage-length=0 -MT"src/SensorMod.o" -MMD -MP -MF"src/SensorMod.d" -MT"src/SensorMod.o" -o "src/SensorMod.o" "../src/SensorMod.c"
'Finished building: ../src/SensorMod.c'
' '
'Building target: sensorMod_test.elf'
'Invoking: ARM v7 Linux gcc linker'
arm-linux-gnueabihf-gcc  -o "sensorMod_test.elf"  ./src/SensorMod.o ./src/sensorMod_test.o ./src/xil_uio.o   
'Finished building target: sensorMod_test.elf'
' '
'Invoking: ARM v7 Linux Print Size'
arm-linux-gnueabihf-size sensorMod_test.elf  |tee "sensorMod_test.elf.size"
   text	   data	    bss	    dec	    hex	filename
   4485	    320	      4	   4809	   12c9	sensorMod_test.elf
'Finished building: sensorMod_test.elf.size'
' '
12:19:10 **** Incremental Build of configuration Debug for project sensorMod_test ****
make all 
make: Nothing to be done for `all'.
13:05:20 **** Auto Build of configuration Debug for project sensorMod_test ****
make all 
'Building file: ../src/sensorMod_test.c'
'Invoking: ARM v7 Linux gcc compiler'
arm-linux-gnueabihf-gcc -Wall -O0 -g3 -c -fmessage-length=0 -MT"src/sensorMod_test.o" -MMD -MP -MF"src/sensorMod_test.d" -MT"src/sensorMod_test.o" -o "src/sensorMod_test.o" "../src/sensorMod_test.c"
'Finished building: ../src/sensorMod_test.c'
' '
'Building target: sensorMod_test.elf'
'Invoking: ARM v7 Linux gcc linker'
arm-linux-gnueabihf-gcc  -o "sensorMod_test.elf"  ./src/SensorMod.o ./src/sensorMod_test.o ./src/xil_uio.o   
'Finished building target: sensorMod_test.elf'
' '
'Invoking: ARM v7 Linux Print Size'
arm-linux-gnueabihf-size sensorMod_test.elf  |tee "sensorMod_test.elf.size"
   text	   data	    bss	    dec	    hex	filename
   4597	    320	      4	   4921	   1339	sensorMod_test.elf
'Finished building: sensorMod_test.elf.size'
' '
13:05:24 **** Incremental Build of configuration Debug for project sensorMod_test ****
make all 
make: Nothing to be done for `all'.
13:06:03 **** Auto Build of configuration Debug for project sensorMod_test ****
make all 
'Building file: ../src/SensorMod.c'
'Invoking: ARM v7 Linux gcc compiler'
arm-linux-gnueabihf-gcc -Wall -O0 -g3 -c -fmessage-length=0 -MT"src/SensorMod.o" -MMD -MP -MF"src/SensorMod.d" -MT"src/SensorMod.o" -o "src/SensorMod.o" "../src/SensorMod.c"
../src/SensorMod.c: In function 'sensorMod__get_R':
../src/SensorMod.c:131:55: error: incompatible types when returning type 'float *' but 'float' was expected
 float sensorMod__get_R(sensorMod* self){return self->R._float32;};
                                                ~~~~~~~^~~~~~~~~
../src/SensorMod.c:131:1: warning: control reaches end of non-void function [-Wreturn-type]
 float sensorMod__get_R(sensorMod* self){return self->R._float32;};
 ^~~~~
make: *** [src/SensorMod.o] Error 1
13:06:09 **** Auto Build of configuration Debug for project sensorMod_test ****
make all 
'Building file: ../src/SensorMod.c'
'Invoking: ARM v7 Linux gcc compiler'
arm-linux-gnueabihf-gcc -Wall -O0 -g3 -c -fmessage-length=0 -MT"src/SensorMod.o" -MMD -MP -MF"src/SensorMod.d" -MT"src/SensorMod.o" -o "src/SensorMod.o" "../src/SensorMod.c"
'Finished building: ../src/SensorMod.c'
' '
'Building target: sensorMod_test.elf'
'Invoking: ARM v7 Linux gcc linker'
arm-linux-gnueabihf-gcc  -o "sensorMod_test.elf"  ./src/SensorMod.o ./src/sensorMod_test.o ./src/xil_uio.o   
'Finished building target: sensorMod_test.elf'
' '
'Invoking: ARM v7 Linux Print Size'
arm-linux-gnueabihf-size sensorMod_test.elf  |tee "sensorMod_test.elf.size"
   text	   data	    bss	    dec	    hex	filename
   4597	    320	      4	   4921	   1339	sensorMod_test.elf
'Finished building: sensorMod_test.elf.size'
' '
13:06:26 **** Incremental Build of configuration Debug for project sensorMod_test ****
make all 
make: Nothing to be done for `all'.
13:07:17 **** Auto Build of configuration Debug for project sensorMod_test ****
make all 
'Building file: ../src/sensorMod_test.c'
'Invoking: ARM v7 Linux gcc compiler'
arm-linux-gnueabihf-gcc -Wall -O0 -g3 -c -fmessage-length=0 -MT"src/sensorMod_test.o" -MMD -MP -MF"src/sensorMod_test.d" -MT"src/sensorMod_test.o" -o "src/sensorMod_test.o" "../src/sensorMod_test.c"
'Finished building: ../src/sensorMod_test.c'
' '
'Building target: sensorMod_test.elf'
'Invoking: ARM v7 Linux gcc linker'
arm-linux-gnueabihf-gcc  -o "sensorMod_test.elf"  ./src/SensorMod.o ./src/sensorMod_test.o ./src/xil_uio.o   
'Finished building target: sensorMod_test.elf'
' '
'Invoking: ARM v7 Linux Print Size'
arm-linux-gnueabihf-size sensorMod_test.elf  |tee "sensorMod_test.elf.size"
   text	   data	    bss	    dec	    hex	filename
   4597	    320	      4	   4921	   1339	sensorMod_test.elf
'Finished building: sensorMod_test.elf.size'
' '
13:07:22 **** Incremental Build of configuration Debug for project sensorMod_test ****
make all 
make: Nothing to be done for `all'.
13:08:10 **** Auto Build of configuration Debug for project sensorMod_test ****
make all 
'Building file: ../src/sensorMod_test.c'
'Invoking: ARM v7 Linux gcc compiler'
arm-linux-gnueabihf-gcc -Wall -O0 -g3 -c -fmessage-length=0 -MT"src/sensorMod_test.o" -MMD -MP -MF"src/sensorMod_test.d" -MT"src/sensorMod_test.o" -o "src/sensorMod_test.o" "../src/sensorMod_test.c"
'Finished building: ../src/sensorMod_test.c'
' '
'Building target: sensorMod_test.elf'
'Invoking: ARM v7 Linux gcc linker'
arm-linux-gnueabihf-gcc  -o "sensorMod_test.elf"  ./src/SensorMod.o ./src/sensorMod_test.o ./src/xil_uio.o   
'Finished building target: sensorMod_test.elf'
' '
'Invoking: ARM v7 Linux Print Size'
arm-linux-gnueabihf-size sensorMod_test.elf  |tee "sensorMod_test.elf.size"
   text	   data	    bss	    dec	    hex	filename
   4597	    320	      4	   4921	   1339	sensorMod_test.elf
'Finished building: sensorMod_test.elf.size'
' '
13:08:12 **** Incremental Build of configuration Debug for project sensorMod_test ****
make all 
make: Nothing to be done for `all'.
13:15:12 **** Auto Build of configuration Debug for project sensorMod_test ****
make all 
'Building file: ../src/SensorMod.c'
'Invoking: ARM v7 Linux gcc compiler'
arm-linux-gnueabihf-gcc -Wall -O0 -g3 -c -fmessage-length=0 -MT"src/SensorMod.o" -MMD -MP -MF"src/SensorMod.d" -MT"src/SensorMod.o" -o "src/SensorMod.o" "../src/SensorMod.c"
../src/SensorMod.c: In function 'sensorMod__init':
../src/SensorMod.c:16:10: warning: 'Q' is used uninitialized in this function [-Wuninitialized]
     Q[0] = xil_uio__read32(self->sensorMod_handler, OFFSET_Q0);
     ~~~~~^~~~~~~~~~~~~~~~~~~~~~~~~~~~~~~~~~~~~~~~~~~~~~~~~~~~~
'Finished building: ../src/SensorMod.c'
' '
'Building target: sensorMod_test.elf'
'Invoking: ARM v7 Linux gcc linker'
arm-linux-gnueabihf-gcc  -o "sensorMod_test.elf"  ./src/SensorMod.o ./src/sensorMod_test.o ./src/xil_uio.o   
'Finished building target: sensorMod_test.elf'
' '
'Invoking: ARM v7 Linux Print Size'
arm-linux-gnueabihf-size sensorMod_test.elf  |tee "sensorMod_test.elf.size"
   text	   data	    bss	    dec	    hex	filename
   4617	    320	      4	   4941	   134d	sensorMod_test.elf
'Finished building: sensorMod_test.elf.size'
' '
13:15:34 **** Incremental Build of configuration Debug for project sensorMod_test ****
make all 
'Building file: ../src/sensorMod_test.c'
'Invoking: ARM v7 Linux gcc compiler'
arm-linux-gnueabihf-gcc -Wall -O0 -g3 -c -fmessage-length=0 -MT"src/sensorMod_test.o" -MMD -MP -MF"src/sensorMod_test.d" -MT"src/sensorMod_test.o" -o "src/sensorMod_test.o" "../src/sensorMod_test.c"
'Finished building: ../src/sensorMod_test.c'
' '
'Building target: sensorMod_test.elf'
'Invoking: ARM v7 Linux gcc linker'
arm-linux-gnueabihf-gcc  -o "sensorMod_test.elf"  ./src/SensorMod.o ./src/sensorMod_test.o ./src/xil_uio.o   
'Finished building target: sensorMod_test.elf'
' '
'Invoking: ARM v7 Linux Print Size'
arm-linux-gnueabihf-size sensorMod_test.elf  |tee "sensorMod_test.elf.size"
   text	   data	    bss	    dec	    hex	filename
   4617	    320	      4	   4941	   134d	sensorMod_test.elf
'Finished building: sensorMod_test.elf.size'
' '
13:15:50 **** Auto Build of configuration Debug for project sensorMod_test ****
make all 
'Building file: ../src/SensorMod.c'
'Invoking: ARM v7 Linux gcc compiler'
arm-linux-gnueabihf-gcc -Wall -O0 -g3 -c -fmessage-length=0 -MT"src/SensorMod.o" -MMD -MP -MF"src/SensorMod.d" -MT"src/SensorMod.o" -o "src/SensorMod.o" "../src/SensorMod.c"
'Finished building: ../src/SensorMod.c'
' '
'Building target: sensorMod_test.elf'
'Invoking: ARM v7 Linux gcc linker'
arm-linux-gnueabihf-gcc  -o "sensorMod_test.elf"  ./src/SensorMod.o ./src/sensorMod_test.o ./src/xil_uio.o   
'Finished building target: sensorMod_test.elf'
' '
'Invoking: ARM v7 Linux Print Size'
arm-linux-gnueabihf-size sensorMod_test.elf  |tee "sensorMod_test.elf.size"
   text	   data	    bss	    dec	    hex	filename
   4597	    320	      4	   4921	   1339	sensorMod_test.elf
'Finished building: sensorMod_test.elf.size'
' '
13:16:03 **** Incremental Build of configuration Debug for project sensorMod_test ****
make all 
make: Nothing to be done for `all'.
13:16:42 **** Auto Build of configuration Debug for project sensorMod_test ****
make all 
'Building file: ../src/sensorMod_test.c'
'Invoking: ARM v7 Linux gcc compiler'
arm-linux-gnueabihf-gcc -Wall -O0 -g3 -c -fmessage-length=0 -MT"src/sensorMod_test.o" -MMD -MP -MF"src/sensorMod_test.d" -MT"src/sensorMod_test.o" -o "src/sensorMod_test.o" "../src/sensorMod_test.c"
'Finished building: ../src/sensorMod_test.c'
' '
'Building target: sensorMod_test.elf'
'Invoking: ARM v7 Linux gcc linker'
arm-linux-gnueabihf-gcc  -o "sensorMod_test.elf"  ./src/SensorMod.o ./src/sensorMod_test.o ./src/xil_uio.o   
'Finished building target: sensorMod_test.elf'
' '
'Invoking: ARM v7 Linux Print Size'
arm-linux-gnueabihf-size sensorMod_test.elf  |tee "sensorMod_test.elf.size"
   text	   data	    bss	    dec	    hex	filename
   4625	    320	      4	   4949	   1355	sensorMod_test.elf
'Finished building: sensorMod_test.elf.size'
' '
13:16:49 **** Auto Build of configuration Debug for project sensorMod_test ****
make all 
'Building file: ../src/sensorMod_test.c'
'Invoking: ARM v7 Linux gcc compiler'
arm-linux-gnueabihf-gcc -Wall -O0 -g3 -c -fmessage-length=0 -MT"src/sensorMod_test.o" -MMD -MP -MF"src/sensorMod_test.d" -MT"src/sensorMod_test.o" -o "src/sensorMod_test.o" "../src/sensorMod_test.c"
'Finished building: ../src/sensorMod_test.c'
' '
'Building target: sensorMod_test.elf'
'Invoking: ARM v7 Linux gcc linker'
arm-linux-gnueabihf-gcc  -o "sensorMod_test.elf"  ./src/SensorMod.o ./src/sensorMod_test.o ./src/xil_uio.o   
'Finished building target: sensorMod_test.elf'
' '
'Invoking: ARM v7 Linux Print Size'
arm-linux-gnueabihf-size sensorMod_test.elf  |tee "sensorMod_test.elf.size"
   text	   data	    bss	    dec	    hex	filename
   4629	    320	      4	   4953	   1359	sensorMod_test.elf
'Finished building: sensorMod_test.elf.size'
' '
13:16:51 **** Incremental Build of configuration Debug for project sensorMod_test ****
make all 
make: Nothing to be done for `all'.
13:17:00 **** Auto Build of configuration Debug for project sensorMod_test ****
make all 
'Building file: ../src/sensorMod_test.c'
'Invoking: ARM v7 Linux gcc compiler'
arm-linux-gnueabihf-gcc -Wall -O0 -g3 -c -fmessage-length=0 -MT"src/sensorMod_test.o" -MMD -MP -MF"src/sensorMod_test.d" -MT"src/sensorMod_test.o" -o "src/sensorMod_test.o" "../src/sensorMod_test.c"
'Finished building: ../src/sensorMod_test.c'
' '
'Building target: sensorMod_test.elf'
'Invoking: ARM v7 Linux gcc linker'
arm-linux-gnueabihf-gcc  -o "sensorMod_test.elf"  ./src/SensorMod.o ./src/sensorMod_test.o ./src/xil_uio.o   
'Finished building target: sensorMod_test.elf'
' '
'Invoking: ARM v7 Linux Print Size'
arm-linux-gnueabihf-size sensorMod_test.elf  |tee "sensorMod_test.elf.size"
   text	   data	    bss	    dec	    hex	filename
   4629	    320	      4	   4953	   1359	sensorMod_test.elf
'Finished building: sensorMod_test.elf.size'
' '
13:17:06 **** Incremental Build of configuration Debug for project sensorMod_test ****
make all 
make: Nothing to be done for `all'.
13:17:14 **** Incremental Build of configuration Debug for project sensorMod_test ****
make all 
make: Nothing to be done for `all'.
13:17:25 **** Auto Build of configuration Debug for project sensorMod_test ****
make all 
'Building file: ../src/sensorMod_test.c'
'Invoking: ARM v7 Linux gcc compiler'
arm-linux-gnueabihf-gcc -Wall -O0 -g3 -c -fmessage-length=0 -MT"src/sensorMod_test.o" -MMD -MP -MF"src/sensorMod_test.d" -MT"src/sensorMod_test.o" -o "src/sensorMod_test.o" "../src/sensorMod_test.c"
../src/sensorMod_test.c: In function 'main':
../src/sensorMod_test.c:49:7: error: assignment to expression with array type
     Q = sensorMod__get_Q(sensor_handler);
       ^
make: *** [src/sensorMod_test.o] Error 1
13:18:02 **** Auto Build of configuration Debug for project sensorMod_test ****
make all 
'Building file: ../src/sensorMod_test.c'
'Invoking: ARM v7 Linux gcc compiler'
arm-linux-gnueabihf-gcc -Wall -O0 -g3 -c -fmessage-length=0 -MT"src/sensorMod_test.o" -MMD -MP -MF"src/sensorMod_test.d" -MT"src/sensorMod_test.o" -o "src/sensorMod_test.o" "../src/sensorMod_test.c"
'Finished building: ../src/sensorMod_test.c'
' '
'Building target: sensorMod_test.elf'
'Invoking: ARM v7 Linux gcc linker'
arm-linux-gnueabihf-gcc  -o "sensorMod_test.elf"  ./src/SensorMod.o ./src/sensorMod_test.o ./src/xil_uio.o   
'Finished building target: sensorMod_test.elf'
' '
'Invoking: ARM v7 Linux Print Size'
arm-linux-gnueabihf-size sensorMod_test.elf  |tee "sensorMod_test.elf.size"
   text	   data	    bss	    dec	    hex	filename
   4629	    320	      4	   4953	   1359	sensorMod_test.elf
'Finished building: sensorMod_test.elf.size'
' '
13:18:28 **** Auto Build of configuration Debug for project sensorMod_test ****
make all 
'Building file: ../src/sensorMod_test.c'
'Invoking: ARM v7 Linux gcc compiler'
arm-linux-gnueabihf-gcc -Wall -O0 -g3 -c -fmessage-length=0 -MT"src/sensorMod_test.o" -MMD -MP -MF"src/sensorMod_test.d" -MT"src/sensorMod_test.o" -o "src/sensorMod_test.o" "../src/sensorMod_test.c"
'Finished building: ../src/sensorMod_test.c'
' '
'Building target: sensorMod_test.elf'
'Invoking: ARM v7 Linux gcc linker'
arm-linux-gnueabihf-gcc  -o "sensorMod_test.elf"  ./src/SensorMod.o ./src/sensorMod_test.o ./src/xil_uio.o   
'Finished building target: sensorMod_test.elf'
' '
'Invoking: ARM v7 Linux Print Size'
arm-linux-gnueabihf-size sensorMod_test.elf  |tee "sensorMod_test.elf.size"
   text	   data	    bss	    dec	    hex	filename
   4629	    320	      4	   4953	   1359	sensorMod_test.elf
'Finished building: sensorMod_test.elf.size'
' '
13:18:31 **** Incremental Build of configuration Debug for project sensorMod_test ****
make all 
make: Nothing to be done for `all'.
13:20:01 **** Auto Build of configuration Debug for project sensorMod_test ****
make all 
'Building file: ../src/sensorMod_test.c'
'Invoking: ARM v7 Linux gcc compiler'
arm-linux-gnueabihf-gcc -Wall -O0 -g3 -c -fmessage-length=0 -MT"src/sensorMod_test.o" -MMD -MP -MF"src/sensorMod_test.d" -MT"src/sensorMod_test.o" -o "src/sensorMod_test.o" "../src/sensorMod_test.c"
'Finished building: ../src/sensorMod_test.c'
' '
'Building target: sensorMod_test.elf'
'Invoking: ARM v7 Linux gcc linker'
arm-linux-gnueabihf-gcc  -o "sensorMod_test.elf"  ./src/SensorMod.o ./src/sensorMod_test.o ./src/xil_uio.o   
'Finished building target: sensorMod_test.elf'
' '
'Invoking: ARM v7 Linux Print Size'
arm-linux-gnueabihf-size sensorMod_test.elf  |tee "sensorMod_test.elf.size"
   text	   data	    bss	    dec	    hex	filename
   4517	    320	      4	   4841	   12e9	sensorMod_test.elf
'Finished building: sensorMod_test.elf.size'
' '
13:20:05 **** Incremental Build of configuration Debug for project sensorMod_test ****
make all 
make: Nothing to be done for `all'.
13:20:16 **** Auto Build of configuration Debug for project sensorMod_test ****
make all 
'Building file: ../src/sensorMod_test.c'
'Invoking: ARM v7 Linux gcc compiler'
arm-linux-gnueabihf-gcc -Wall -O0 -g3 -c -fmessage-length=0 -MT"src/sensorMod_test.o" -MMD -MP -MF"src/sensorMod_test.d" -MT"src/sensorMod_test.o" -o "src/sensorMod_test.o" "../src/sensorMod_test.c"
'Finished building: ../src/sensorMod_test.c'
' '
'Building target: sensorMod_test.elf'
'Invoking: ARM v7 Linux gcc linker'
arm-linux-gnueabihf-gcc  -o "sensorMod_test.elf"  ./src/SensorMod.o ./src/sensorMod_test.o ./src/xil_uio.o   
'Finished building target: sensorMod_test.elf'
' '
'Invoking: ARM v7 Linux Print Size'
arm-linux-gnueabihf-size sensorMod_test.elf  |tee "sensorMod_test.elf.size"
   text	   data	    bss	    dec	    hex	filename
   4521	    320	      4	   4845	   12ed	sensorMod_test.elf
'Finished building: sensorMod_test.elf.size'
' '
13:20:25 **** Auto Build of configuration Debug for project sensorMod_test ****
make all 
'Building file: ../src/sensorMod_test.c'
'Invoking: ARM v7 Linux gcc compiler'
arm-linux-gnueabihf-gcc -Wall -O0 -g3 -c -fmessage-length=0 -MT"src/sensorMod_test.o" -MMD -MP -MF"src/sensorMod_test.d" -MT"src/sensorMod_test.o" -o "src/sensorMod_test.o" "../src/sensorMod_test.c"
'Finished building: ../src/sensorMod_test.c'
' '
'Building target: sensorMod_test.elf'
'Invoking: ARM v7 Linux gcc linker'
arm-linux-gnueabihf-gcc  -o "sensorMod_test.elf"  ./src/SensorMod.o ./src/sensorMod_test.o ./src/xil_uio.o   
'Finished building target: sensorMod_test.elf'
' '
'Invoking: ARM v7 Linux Print Size'
arm-linux-gnueabihf-size sensorMod_test.elf  |tee "sensorMod_test.elf.size"
   text	   data	    bss	    dec	    hex	filename
   4521	    320	      4	   4845	   12ed	sensorMod_test.elf
'Finished building: sensorMod_test.elf.size'
' '
13:20:27 **** Incremental Build of configuration Debug for project sensorMod_test ****
make all 
make: Nothing to be done for `all'.
13:20:36 **** Incremental Build of configuration Debug for project sensorMod_test ****
make all 
'Building file: ../src/sensorMod_test.c'
'Invoking: ARM v7 Linux gcc compiler'
arm-linux-gnueabihf-gcc -Wall -O0 -g3 -c -fmessage-length=0 -MT"src/sensorMod_test.o" -MMD -MP -MF"src/sensorMod_test.d" -MT"src/sensorMod_test.o" -o "src/sensorMod_test.o" "../src/sensorMod_test.c"
'Finished building: ../src/sensorMod_test.c'
' '
'Building target: sensorMod_test.elf'
'Invoking: ARM v7 Linux gcc linker'
arm-linux-gnueabihf-gcc  -o "sensorMod_test.elf"  ./src/SensorMod.o ./src/sensorMod_test.o ./src/xil_uio.o   
'Finished building target: sensorMod_test.elf'
' '
'Invoking: ARM v7 Linux Print Size'
arm-linux-gnueabihf-size sensorMod_test.elf  |tee "sensorMod_test.elf.size"
   text	   data	    bss	    dec	    hex	filename
   4521	    320	      4	   4845	   12ed	sensorMod_test.elf
'Finished building: sensorMod_test.elf.size'
' '
13:21:16 **** Auto Build of configuration Debug for project sensorMod_test ****
make all 
'Building file: ../src/SensorMod.c'
'Invoking: ARM v7 Linux gcc compiler'
arm-linux-gnueabihf-gcc -Wall -O0 -g3 -c -fmessage-length=0 -MT"src/SensorMod.o" -MMD -MP -MF"src/SensorMod.d" -MT"src/SensorMod.o" -o "src/SensorMod.o" "../src/SensorMod.c"
'Finished building: ../src/SensorMod.c'
' '
'Building target: sensorMod_test.elf'
'Invoking: ARM v7 Linux gcc linker'
arm-linux-gnueabihf-gcc  -o "sensorMod_test.elf"  ./src/SensorMod.o ./src/sensorMod_test.o ./src/xil_uio.o   
'Finished building target: sensorMod_test.elf'
' '
'Invoking: ARM v7 Linux Print Size'
arm-linux-gnueabihf-size sensorMod_test.elf  |tee "sensorMod_test.elf.size"
   text	   data	    bss	    dec	    hex	filename
   4557	    320	      4	   4881	   1311	sensorMod_test.elf
'Finished building: sensorMod_test.elf.size'
' '
13:22:01 **** Incremental Build of configuration Debug for project sensorMod_test ****
make all 
'Building file: ../src/sensorMod_test.c'
'Invoking: ARM v7 Linux gcc compiler'
arm-linux-gnueabihf-gcc -Wall -O0 -g3 -c -fmessage-length=0 -MT"src/sensorMod_test.o" -MMD -MP -MF"src/sensorMod_test.d" -MT"src/sensorMod_test.o" -o "src/sensorMod_test.o" "../src/sensorMod_test.c"
'Finished building: ../src/sensorMod_test.c'
' '
'Building target: sensorMod_test.elf'
'Invoking: ARM v7 Linux gcc linker'
arm-linux-gnueabihf-gcc  -o "sensorMod_test.elf"  ./src/SensorMod.o ./src/sensorMod_test.o ./src/xil_uio.o   
'Finished building target: sensorMod_test.elf'
' '
'Invoking: ARM v7 Linux Print Size'
arm-linux-gnueabihf-size sensorMod_test.elf  |tee "sensorMod_test.elf.size"
   text	   data	    bss	    dec	    hex	filename
   4685	    320	      4	   5009	   1391	sensorMod_test.elf
'Finished building: sensorMod_test.elf.size'
' '
13:22:39 **** Auto Build of configuration Debug for project sensorMod_test ****
make all 
'Building file: ../src/sensorMod_test.c'
'Invoking: ARM v7 Linux gcc compiler'
arm-linux-gnueabihf-gcc -Wall -O0 -g3 -c -fmessage-length=0 -MT"src/sensorMod_test.o" -MMD -MP -MF"src/sensorMod_test.d" -MT"src/sensorMod_test.o" -o "src/sensorMod_test.o" "../src/sensorMod_test.c"
'Finished building: ../src/sensorMod_test.c'
' '
'Building target: sensorMod_test.elf'
'Invoking: ARM v7 Linux gcc linker'
arm-linux-gnueabihf-gcc  -o "sensorMod_test.elf"  ./src/SensorMod.o ./src/sensorMod_test.o ./src/xil_uio.o   
'Finished building target: sensorMod_test.elf'
' '
'Invoking: ARM v7 Linux Print Size'
arm-linux-gnueabihf-size sensorMod_test.elf  |tee "sensorMod_test.elf.size"
   text	   data	    bss	    dec	    hex	filename
   4685	    320	      4	   5009	   1391	sensorMod_test.elf
'Finished building: sensorMod_test.elf.size'
' '
13:22:42 **** Incremental Build of configuration Debug for project sensorMod_test ****
make all 
make: Nothing to be done for `all'.
13:23:00 **** Incremental Build of configuration Debug for project sensorMod_test ****
make all 
'Building file: ../src/sensorMod_test.c'
'Invoking: ARM v7 Linux gcc compiler'
arm-linux-gnueabihf-gcc -Wall -O0 -g3 -c -fmessage-length=0 -MT"src/sensorMod_test.o" -MMD -MP -MF"src/sensorMod_test.d" -MT"src/sensorMod_test.o" -o "src/sensorMod_test.o" "../src/sensorMod_test.c"
'Finished building: ../src/sensorMod_test.c'
' '
'Building target: sensorMod_test.elf'
'Invoking: ARM v7 Linux gcc linker'
arm-linux-gnueabihf-gcc  -o "sensorMod_test.elf"  ./src/SensorMod.o ./src/sensorMod_test.o ./src/xil_uio.o   
'Finished building target: sensorMod_test.elf'
' '
'Invoking: ARM v7 Linux Print Size'
arm-linux-gnueabihf-size sensorMod_test.elf  |tee "sensorMod_test.elf.size"
   text	   data	    bss	    dec	    hex	filename
   4681	    320	      4	   5005	   138d	sensorMod_test.elf
'Finished building: sensorMod_test.elf.size'
' '
13:23:15 **** Auto Build of configuration Debug for project sensorMod_test ****
make all 
'Building file: ../src/sensorMod_test.c'
'Invoking: ARM v7 Linux gcc compiler'
arm-linux-gnueabihf-gcc -Wall -O0 -g3 -c -fmessage-length=0 -MT"src/sensorMod_test.o" -MMD -MP -MF"src/sensorMod_test.d" -MT"src/sensorMod_test.o" -o "src/sensorMod_test.o" "../src/sensorMod_test.c"
'Finished building: ../src/sensorMod_test.c'
' '
'Building target: sensorMod_test.elf'
'Invoking: ARM v7 Linux gcc linker'
arm-linux-gnueabihf-gcc  -o "sensorMod_test.elf"  ./src/SensorMod.o ./src/sensorMod_test.o ./src/xil_uio.o   
'Finished building target: sensorMod_test.elf'
' '
'Invoking: ARM v7 Linux Print Size'
arm-linux-gnueabihf-size sensorMod_test.elf  |tee "sensorMod_test.elf.size"
   text	   data	    bss	    dec	    hex	filename
   4689	    320	      4	   5013	   1395	sensorMod_test.elf
'Finished building: sensorMod_test.elf.size'
' '
13:23:18 **** Incremental Build of configuration Debug for project sensorMod_test ****
make all 
make: Nothing to be done for `all'.
13:23:59 **** Auto Build of configuration Debug for project sensorMod_test ****
make all 
'Building file: ../src/sensorMod_test.c'
'Invoking: ARM v7 Linux gcc compiler'
arm-linux-gnueabihf-gcc -Wall -O0 -g3 -c -fmessage-length=0 -MT"src/sensorMod_test.o" -MMD -MP -MF"src/sensorMod_test.d" -MT"src/sensorMod_test.o" -o "src/sensorMod_test.o" "../src/sensorMod_test.c"
'Finished building: ../src/sensorMod_test.c'
' '
'Building target: sensorMod_test.elf'
'Invoking: ARM v7 Linux gcc linker'
arm-linux-gnueabihf-gcc  -o "sensorMod_test.elf"  ./src/SensorMod.o ./src/sensorMod_test.o ./src/xil_uio.o   
'Finished building target: sensorMod_test.elf'
' '
'Invoking: ARM v7 Linux Print Size'
arm-linux-gnueabihf-size sensorMod_test.elf  |tee "sensorMod_test.elf.size"
   text	   data	    bss	    dec	    hex	filename
   4689	    320	      4	   5013	   1395	sensorMod_test.elf
'Finished building: sensorMod_test.elf.size'
' '
13:24:01 **** Incremental Build of configuration Debug for project sensorMod_test ****
make all 
make: Nothing to be done for `all'.
13:24:12 **** Auto Build of configuration Debug for project sensorMod_test ****
make all 
'Building file: ../src/sensorMod_test.c'
'Invoking: ARM v7 Linux gcc compiler'
arm-linux-gnueabihf-gcc -Wall -O0 -g3 -c -fmessage-length=0 -MT"src/sensorMod_test.o" -MMD -MP -MF"src/sensorMod_test.d" -MT"src/sensorMod_test.o" -o "src/sensorMod_test.o" "../src/sensorMod_test.c"
'Finished building: ../src/sensorMod_test.c'
' '
'Building target: sensorMod_test.elf'
'Invoking: ARM v7 Linux gcc linker'
arm-linux-gnueabihf-gcc  -o "sensorMod_test.elf"  ./src/SensorMod.o ./src/sensorMod_test.o ./src/xil_uio.o   
'Finished building target: sensorMod_test.elf'
' '
'Invoking: ARM v7 Linux Print Size'
arm-linux-gnueabihf-size sensorMod_test.elf  |tee "sensorMod_test.elf.size"
   text	   data	    bss	    dec	    hex	filename
   4673	    320	      4	   4997	   1385	sensorMod_test.elf
'Finished building: sensorMod_test.elf.size'
' '
13:29:00 **** Auto Build of configuration Debug for project sensorMod_test ****
make all 
'Building file: ../src/SensorMod.c'
'Invoking: ARM v7 Linux gcc compiler'
arm-linux-gnueabihf-gcc -Wall -O0 -g3 -c -fmessage-length=0 -MT"src/SensorMod.o" -MMD -MP -MF"src/SensorMod.d" -MT"src/SensorMod.o" -o "src/SensorMod.o" "../src/SensorMod.c"
'Finished building: ../src/SensorMod.c'
' '
'Building target: sensorMod_test.elf'
'Invoking: ARM v7 Linux gcc linker'
arm-linux-gnueabihf-gcc  -o "sensorMod_test.elf"  ./src/SensorMod.o ./src/sensorMod_test.o ./src/xil_uio.o   
'Finished building target: sensorMod_test.elf'
' '
[...]
'Finished building: ../src/SensorMod.c'
' '
'Building target: sensorMod_test.elf'
'Invoking: ARM v7 Linux gcc linker'
arm-linux-gnueabihf-gcc  -o "sensorMod_test.elf"  ./src/SensorMod.o ./src/sensorMod_test.o ./src/xil_uio.o   
'Finished building target: sensorMod_test.elf'
' '
'Invoking: ARM v7 Linux Print Size'
arm-linux-gnueabihf-size sensorMod_test.elf  |tee "sensorMod_test.elf.size"
   text	   data	    bss	    dec	    hex	filename
   4801	    320	      4	   5125	   1405	sensorMod_test.elf
'Finished building: sensorMod_test.elf.size'
' '
14:25:06 **** Auto Build of configuration Debug for project sensorMod_test ****
make all 
'Building file: ../src/SensorMod.c'
'Invoking: ARM v7 Linux gcc compiler'
arm-linux-gnueabihf-gcc -Wall -O0 -g3 -c -fmessage-length=0 -MT"src/SensorMod.o" -MMD -MP -MF"src/SensorMod.d" -MT"src/SensorMod.o" -o "src/SensorMod.o" "../src/SensorMod.c"
'Finished building: ../src/SensorMod.c'
' '
'Building target: sensorMod_test.elf'
'Invoking: ARM v7 Linux gcc linker'
arm-linux-gnueabihf-gcc  -o "sensorMod_test.elf"  ./src/SensorMod.o ./src/sensorMod_test.o ./src/xil_uio.o   
'Finished building target: sensorMod_test.elf'
' '
'Invoking: ARM v7 Linux Print Size'
arm-linux-gnueabihf-size sensorMod_test.elf  |tee "sensorMod_test.elf.size"
   text	   data	    bss	    dec	    hex	filename
   4801	    320	      4	   5125	   1405	sensorMod_test.elf
'Finished building: sensorMod_test.elf.size'
' '
14:25:09 **** Incremental Build of configuration Debug for project sensorMod_test ****
make all 
make: Nothing to be done for `all'.
14:25:57 **** Auto Build of configuration Debug for project sensorMod_test ****
make all 
'Building file: ../src/SensorMod.c'
'Invoking: ARM v7 Linux gcc compiler'
arm-linux-gnueabihf-gcc -Wall -O0 -g3 -c -fmessage-length=0 -MT"src/SensorMod.o" -MMD -MP -MF"src/SensorMod.d" -MT"src/SensorMod.o" -o "src/SensorMod.o" "../src/SensorMod.c"
'Finished building: ../src/SensorMod.c'
' '
'Building target: sensorMod_test.elf'
'Invoking: ARM v7 Linux gcc linker'
arm-linux-gnueabihf-gcc  -o "sensorMod_test.elf"  ./src/SensorMod.o ./src/sensorMod_test.o ./src/xil_uio.o   
'Finished building target: sensorMod_test.elf'
' '
'Invoking: ARM v7 Linux Print Size'
arm-linux-gnueabihf-size sensorMod_test.elf  |tee "sensorMod_test.elf.size"
   text	   data	    bss	    dec	    hex	filename
   4837	    320	      4	   5161	   1429	sensorMod_test.elf
'Finished building: sensorMod_test.elf.size'
' '
14:26:00 **** Incremental Build of configuration Debug for project sensorMod_test ****
make all 
make: Nothing to be done for `all'.
14:26:13 **** Auto Build of configuration Debug for project sensorMod_test ****
make all 
'Building file: ../src/SensorMod.c'
'Invoking: ARM v7 Linux gcc compiler'
arm-linux-gnueabihf-gcc -Wall -O0 -g3 -c -fmessage-length=0 -MT"src/SensorMod.o" -MMD -MP -MF"src/SensorMod.d" -MT"src/SensorMod.o" -o "src/SensorMod.o" "../src/SensorMod.c"
'Finished building: ../src/SensorMod.c'
' '
'Building target: sensorMod_test.elf'
'Invoking: ARM v7 Linux gcc linker'
arm-linux-gnueabihf-gcc  -o "sensorMod_test.elf"  ./src/SensorMod.o ./src/sensorMod_test.o ./src/xil_uio.o   
'Finished building target: sensorMod_test.elf'
' '
'Invoking: ARM v7 Linux Print Size'
arm-linux-gnueabihf-size sensorMod_test.elf  |tee "sensorMod_test.elf.size"
   text	   data	    bss	    dec	    hex	filename
   5121	    320	      4	   5445	   1545	sensorMod_test.elf
'Finished building: sensorMod_test.elf.size'
' '
14:26:16 **** Incremental Build of configuration Debug for project sensorMod_test ****
make all 
make: Nothing to be done for `all'.
14:27:18 **** Auto Build of configuration Debug for project sensorMod_test ****
make all 
'Building file: ../src/sensorMod_test.c'
'Invoking: ARM v7 Linux gcc compiler'
arm-linux-gnueabihf-gcc -Wall -O0 -g3 -c -fmessage-length=0 -MT"src/sensorMod_test.o" -MMD -MP -MF"src/sensorMod_test.d" -MT"src/sensorMod_test.o" -o "src/sensorMod_test.o" "../src/sensorMod_test.c"
../src/sensorMod_test.c: In function 'main':
../src/sensorMod_test.c:50:11: warning: unused variable 'cenCurr' [-Wunused-variable]
     float cenCurr = 36486.206;
           ^~~~~~~
../src/sensorMod_test.c:47:11: warning: unused variable 'nQ' [-Wunused-variable]
     float nQ = 3;
           ^~
../src/sensorMod_test.c:46:11: warning: unused variable 'R' [-Wunused-variable]
     float R = 8.2673e-04;
           ^
../src/sensorMod_test.c:45:11: warning: unused variable 'dt' [-Wunused-variable]
     float dt = 5e-3;
           ^~
'Finished building: ../src/sensorMod_test.c'
' '
'Building target: sensorMod_test.elf'
'Invoking: ARM v7 Linux gcc linker'
arm-linux-gnueabihf-gcc  -o "sensorMod_test.elf"  ./src/SensorMod.o ./src/sensorMod_test.o ./src/xil_uio.o   
'Finished building target: sensorMod_test.elf'
' '
'Invoking: ARM v7 Linux Print Size'
arm-linux-gnueabihf-size sensorMod_test.elf  |tee "sensorMod_test.elf.size"
   text	   data	    bss	    dec	    hex	filename
   5101	    320	      4	   5425	   1531	sensorMod_test.elf
'Finished building: sensorMod_test.elf.size'
' '
14:27:21 **** Incremental Build of configuration Debug for project sensorMod_test ****
make all 
make: Nothing to be done for `all'.
14:31:28 **** Incremental Build of configuration Debug for project sensorMod_test ****
make all 
make: Nothing to be done for `all'.
14:36:46 **** Incremental Build of configuration Debug for project sensorMod_test ****
make all 
make: Nothing to be done for `all'.
14:38:55 **** Auto Build of configuration Debug for project sensorMod_test ****
make all 
'Building file: ../src/SensorMod.c'
'Invoking: ARM v7 Linux gcc compiler'
arm-linux-gnueabihf-gcc -Wall -O0 -g3 -c -fmessage-length=0 -MT"src/SensorMod.o" -MMD -MP -MF"src/SensorMod.d" -MT"src/SensorMod.o" -o "src/SensorMod.o" "../src/SensorMod.c"
../src/SensorMod.c: In function 'sensorMod__init':
../src/SensorMod.c:9:34: warning: assignment makes pointer from integer without a cast [-Wint-conversion]
     self->center_current._uint32 = (uint32_t)malloc(sizeof(cenCurr));
                                  ^
../src/SensorMod.c:12:22: warning: assignment makes pointer from integer without a cast [-Wint-conversion]
     self->dt._uint32 = (uint32_t)malloc(sizeof(dt));
                      ^
../src/SensorMod.c:15:21: warning: assignment makes pointer from integer without a cast [-Wint-conversion]
     self->R._uint32 = (uint32_t)malloc(sizeof(R));
                     ^
'Finished building: ../src/SensorMod.c'
' '
'Building target: sensorMod_test.elf'
'Invoking: ARM v7 Linux gcc linker'
arm-linux-gnueabihf-gcc  -o "sensorMod_test.elf"  ./src/SensorMod.o ./src/sensorMod_test.o ./src/xil_uio.o   
'Finished building target: sensorMod_test.elf'
' '
'Invoking: ARM v7 Linux Print Size'
arm-linux-gnueabihf-size sensorMod_test.elf  |tee "sensorMod_test.elf.size"
   text	   data	    bss	    dec	    hex	filename
   5173	    320	      4	   5497	   1579	sensorMod_test.elf
'Finished building: sensorMod_test.elf.size'
' '
14:39:02 **** Auto Build of configuration Debug for project sensorMod_test ****
make all 
'Building file: ../src/SensorMod.c'
'Invoking: ARM v7 Linux gcc compiler'
arm-linux-gnueabihf-gcc -Wall -O0 -g3 -c -fmessage-length=0 -MT"src/SensorMod.o" -MMD -MP -MF"src/SensorMod.d" -MT"src/SensorMod.o" -o "src/SensorMod.o" "../src/SensorMod.c"
../src/SensorMod.c: In function 'sensorMod__init':
../src/SensorMod.c:12:22: warning: assignment makes pointer from integer without a cast [-Wint-conversion]
     self->dt._uint32 = (uint32_t)malloc(sizeof(dt));
                      ^
../src/SensorMod.c:15:21: warning: assignment makes pointer from integer without a cast [-Wint-conversion]
     self->R._uint32 = (uint32_t)malloc(sizeof(R));
                     ^
'Finished building: ../src/SensorMod.c'
' '
'Building target: sensorMod_test.elf'
'Invoking: ARM v7 Linux gcc linker'
arm-linux-gnueabihf-gcc  -o "sensorMod_test.elf"  ./src/SensorMod.o ./src/sensorMod_test.o ./src/xil_uio.o   
'Finished building target: sensorMod_test.elf'
' '
'Invoking: ARM v7 Linux Print Size'
arm-linux-gnueabihf-size sensorMod_test.elf  |tee "sensorMod_test.elf.size"
   text	   data	    bss	    dec	    hex	filename
   5173	    320	      4	   5497	   1579	sensorMod_test.elf
'Finished building: sensorMod_test.elf.size'
' '
14:39:07 **** Auto Build of configuration Debug for project sensorMod_test ****
make all 
'Building file: ../src/SensorMod.c'
'Invoking: ARM v7 Linux gcc compiler'
arm-linux-gnueabihf-gcc -Wall -O0 -g3 -c -fmessage-length=0 -MT"src/SensorMod.o" -MMD -MP -MF"src/SensorMod.d" -MT"src/SensorMod.o" -o "src/SensorMod.o" "../src/SensorMod.c"
'Finished building: ../src/SensorMod.c'
' '
'Building target: sensorMod_test.elf'
'Invoking: ARM v7 Linux gcc linker'
arm-linux-gnueabihf-gcc  -o "sensorMod_test.elf"  ./src/SensorMod.o ./src/sensorMod_test.o ./src/xil_uio.o   
'Finished building target: sensorMod_test.elf'
' '
'Invoking: ARM v7 Linux Print Size'
arm-linux-gnueabihf-size sensorMod_test.elf  |tee "sensorMod_test.elf.size"
   text	   data	    bss	    dec	    hex	filename
   5173	    320	      4	   5497	   1579	sensorMod_test.elf
'Finished building: sensorMod_test.elf.size'
' '
14:39:10 **** Incremental Build of configuration Debug for project sensorMod_test ****
make all 
make: Nothing to be done for `all'.
14:42:03 **** Auto Build of configuration Debug for project sensorMod_test ****
make all 
'Building file: ../src/SensorMod.c'
'Invoking: ARM v7 Linux gcc compiler'
arm-linux-gnueabihf-gcc -Wall -O0 -g3 -c -fmessage-length=0 -MT"src/SensorMod.o" -MMD -MP -MF"src/SensorMod.d" -MT"src/SensorMod.o" -o "src/SensorMod.o" "../src/SensorMod.c"
../src/SensorMod.c: In function 'sensorMod__init':
../src/SensorMod.c:11:34: warning: assignment from incompatible pointer type [-Wincompatible-pointer-types]
     self->center_current._uint32 = &cenCurr;
                                  ^
../src/SensorMod.c:15:22: warning: assignment from incompatible pointer type [-Wincompatible-pointer-types]
     self->dt._uint32 = &dt;
                      ^
'Finished building: ../src/SensorMod.c'
' '
'Building target: sensorMod_test.elf'
'Invoking: ARM v7 Linux gcc linker'
arm-linux-gnueabihf-gcc  -o "sensorMod_test.elf"  ./src/SensorMod.o ./src/sensorMod_test.o ./src/xil_uio.o   
'Finished building target: sensorMod_test.elf'
' '
'Invoking: ARM v7 Linux Print Size'
arm-linux-gnueabihf-size sensorMod_test.elf  |tee "sensorMod_test.elf.size"
   text	   data	    bss	    dec	    hex	filename
   5161	    320	      4	   5485	   156d	sensorMod_test.elf
'Finished building: sensorMod_test.elf.size'
' '
14:42:11 **** Auto Build of configuration Debug for project sensorMod_test ****
make all 
'Building file: ../src/SensorMod.c'
'Invoking: ARM v7 Linux gcc compiler'
arm-linux-gnueabihf-gcc -Wall -O0 -g3 -c -fmessage-length=0 -MT"src/SensorMod.o" -MMD -MP -MF"src/SensorMod.d" -MT"src/SensorMod.o" -o "src/SensorMod.o" "../src/SensorMod.c"
'Finished building: ../src/SensorMod.c'
' '
'Building target: sensorMod_test.elf'
'Invoking: ARM v7 Linux gcc linker'
arm-linux-gnueabihf-gcc  -o "sensorMod_test.elf"  ./src/SensorMod.o ./src/sensorMod_test.o ./src/xil_uio.o   
'Finished building target: sensorMod_test.elf'
' '
'Invoking: ARM v7 Linux Print Size'
arm-linux-gnueabihf-size sensorMod_test.elf  |tee "sensorMod_test.elf.size"
   text	   data	    bss	    dec	    hex	filename
   5161	    320	      4	   5485	   156d	sensorMod_test.elf
'Finished building: sensorMod_test.elf.size'
' '
14:42:51 **** Auto Build of configuration Debug for project sensorMod_test ****
make all 
'Building file: ../src/SensorMod.c'
'Invoking: ARM v7 Linux gcc compiler'
arm-linux-gnueabihf-gcc -Wall -O0 -g3 -c -fmessage-length=0 -MT"src/SensorMod.o" -MMD -MP -MF"src/SensorMod.d" -MT"src/SensorMod.o" -o "src/SensorMod.o" "../src/SensorMod.c"
'Finished building: ../src/SensorMod.c'
' '
'Building target: sensorMod_test.elf'
'Invoking: ARM v7 Linux gcc linker'
arm-linux-gnueabihf-gcc  -o "sensorMod_test.elf"  ./src/SensorMod.o ./src/sensorMod_test.o ./src/xil_uio.o   
'Finished building target: sensorMod_test.elf'
' '
'Invoking: ARM v7 Linux Print Size'
arm-linux-gnueabihf-size sensorMod_test.elf  |tee "sensorMod_test.elf.size"
   text	   data	    bss	    dec	    hex	filename
   5161	    320	      4	   5485	   156d	sensorMod_test.elf
'Finished building: sensorMod_test.elf.size'
' '
14:43:11 **** Incremental Build of configuration Debug for project sensorMod_test ****
make all 
make: Nothing to be done for `all'.
14:43:38 **** Incremental Build of configuration Debug for project sensorMod_test ****
make all 
'Building file: ../src/sensorMod_test.c'
'Invoking: ARM v7 Linux gcc compiler'
arm-linux-gnueabihf-gcc -Wall -O0 -g3 -c -fmessage-length=0 -MT"src/sensorMod_test.o" -MMD -MP -MF"src/sensorMod_test.d" -MT"src/sensorMod_test.o" -o "src/sensorMod_test.o" "../src/sensorMod_test.c"
../src/sensorMod_test.c: In function 'main':
../src/sensorMod_test.c:50:11: warning: unused variable 'cenCurr' [-Wunused-variable]
     float cenCurr = 36486.206;
           ^~~~~~~
'Finished building: ../src/sensorMod_test.c'
' '
'Building target: sensorMod_test.elf'
'Invoking: ARM v7 Linux gcc linker'
arm-linux-gnueabihf-gcc  -o "sensorMod_test.elf"  ./src/SensorMod.o ./src/sensorMod_test.o ./src/xil_uio.o   
'Finished building target: sensorMod_test.elf'
' '
'Invoking: ARM v7 Linux Print Size'
arm-linux-gnueabihf-size sensorMod_test.elf  |tee "sensorMod_test.elf.size"
   text	   data	    bss	    dec	    hex	filename
   5181	    320	      4	   5505	   1581	sensorMod_test.elf
'Finished building: sensorMod_test.elf.size'
' '
14:44:37 **** Auto Build of configuration Debug for project sensorMod_test ****
make all 
'Building file: ../src/SensorMod.c'
'Invoking: ARM v7 Linux gcc compiler'
arm-linux-gnueabihf-gcc -Wall -O0 -g3 -c -fmessage-length=0 -MT"src/SensorMod.o" -MMD -MP -MF"src/SensorMod.d" -MT"src/SensorMod.o" -o "src/SensorMod.o" "../src/SensorMod.c"
'Finished building: ../src/SensorMod.c'
' '
'Building target: sensorMod_test.elf'
'Invoking: ARM v7 Linux gcc linker'
arm-linux-gnueabihf-gcc  -o "sensorMod_test.elf"  ./src/SensorMod.o ./src/sensorMod_test.o ./src/xil_uio.o   
'Finished building target: sensorMod_test.elf'
' '
'Invoking: ARM v7 Linux Print Size'
arm-linux-gnueabihf-size sensorMod_test.elf  |tee "sensorMod_test.elf.size"
   text	   data	    bss	    dec	    hex	filename
   5193	    320	      4	   5517	   158d	sensorMod_test.elf
'Finished building: sensorMod_test.elf.size'
' '
14:44:47 **** Auto Build of configuration Debug for project sensorMod_test ****
make all 
'Building file: ../src/SensorMod.c'
'Invoking: ARM v7 Linux gcc compiler'
arm-linux-gnueabihf-gcc -Wall -O0 -g3 -c -fmessage-length=0 -MT"src/SensorMod.o" -MMD -MP -MF"src/SensorMod.d" -MT"src/SensorMod.o" -o "src/SensorMod.o" "../src/SensorMod.c"
'Finished building: ../src/SensorMod.c'
' '
'Building target: sensorMod_test.elf'
'Invoking: ARM v7 Linux gcc linker'
arm-linux-gnueabihf-gcc  -o "sensorMod_test.elf"  ./src/SensorMod.o ./src/sensorMod_test.o ./src/xil_uio.o   
'Finished building target: sensorMod_test.elf'
' '
'Invoking: ARM v7 Linux Print Size'
arm-linux-gnueabihf-size sensorMod_test.elf  |tee "sensorMod_test.elf.size"
   text	   data	    bss	    dec	    hex	filename
   5193	    320	      4	   5517	   158d	sensorMod_test.elf
'Finished building: sensorMod_test.elf.size'
' '
14:44:57 **** Incremental Build of configuration Debug for project sensorMod_test ****
make all 
'Building file: ../src/sensorMod_test.c'
'Invoking: ARM v7 Linux gcc compiler'
arm-linux-gnueabihf-gcc -Wall -O0 -g3 -c -fmessage-length=0 -MT"src/sensorMod_test.o" -MMD -MP -MF"src/sensorMod_test.d" -MT"src/sensorMod_test.o" -o "src/sensorMod_test.o" "../src/sensorMod_test.c"
../src/sensorMod_test.c: In function 'main':
../src/sensorMod_test.c:50:11: warning: unused variable 'cenCurr' [-Wunused-variable]
     float cenCurr = 36486.206;
           ^~~~~~~
'Finished building: ../src/sensorMod_test.c'
' '
'Building target: sensorMod_test.elf'
'Invoking: ARM v7 Linux gcc linker'
arm-linux-gnueabihf-gcc  -o "sensorMod_test.elf"  ./src/SensorMod.o ./src/sensorMod_test.o ./src/xil_uio.o   
'Finished building target: sensorMod_test.elf'
' '
'Invoking: ARM v7 Linux Print Size'
arm-linux-gnueabihf-size sensorMod_test.elf  |tee "sensorMod_test.elf.size"
   text	   data	    bss	    dec	    hex	filename
   5193	    320	      4	   5517	   158d	sensorMod_test.elf
'Finished building: sensorMod_test.elf.size'
' '
14:51:30 **** Auto Build of configuration Debug for project sensorMod_test ****
make all 
'Building file: ../src/SensorMod.c'
'Invoking: ARM v7 Linux gcc compiler'
arm-linux-gnueabihf-gcc -Wall -O0 -g3 -c -fmessage-length=0 -MT"src/SensorMod.o" -MMD -MP -MF"src/SensorMod.d" -MT"src/SensorMod.o" -o "src/SensorMod.o" "../src/SensorMod.c"
'Finished building: ../src/SensorMod.c'
' '
'Building target: sensorMod_test.elf'
'Invoking: ARM v7 Linux gcc linker'
arm-linux-gnueabihf-gcc  -o "sensorMod_test.elf"  ./src/SensorMod.o ./src/sensorMod_test.o ./src/xil_uio.o   
'Finished building target: sensorMod_test.elf'
' '
'Invoking: ARM v7 Linux Print Size'
arm-linux-gnueabihf-size sensorMod_test.elf  |tee "sensorMod_test.elf.size"
   text	   data	    bss	    dec	    hex	filename
   5193	    320	      4	   5517	   158d	sensorMod_test.elf
'Finished building: sensorMod_test.elf.size'
' '
14:52:47 **** Auto Build of configuration Debug for project sensorMod_test ****
make all 
'Building file: ../src/SensorMod.c'
'Invoking: ARM v7 Linux gcc compiler'
arm-linux-gnueabihf-gcc -Wall -O0 -g3 -c -fmessage-length=0 -MT"src/SensorMod.o" -MMD -MP -MF"src/SensorMod.d" -MT"src/SensorMod.o" -o "src/SensorMod.o" "../src/SensorMod.c"
'Finished building: ../src/SensorMod.c'
' '
'Building target: sensorMod_test.elf'
'Invoking: ARM v7 Linux gcc linker'
arm-linux-gnueabihf-gcc  -o "sensorMod_test.elf"  ./src/SensorMod.o ./src/sensorMod_test.o ./src/xil_uio.o   
'Finished building target: sensorMod_test.elf'
' '
'Invoking: ARM v7 Linux Print Size'
arm-linux-gnueabihf-size sensorMod_test.elf  |tee "sensorMod_test.elf.size"
   text	   data	    bss	    dec	    hex	filename
   5193	    320	      4	   5517	   158d	sensorMod_test.elf
'Finished building: sensorMod_test.elf.size'
' '
15:08:23 **** Auto Build of configuration Debug for project sensorMod_test ****
make all 
'Building file: ../src/SensorMod.c'
'Invoking: ARM v7 Linux gcc compiler'
arm-linux-gnueabihf-gcc -Wall -O0 -g3 -c -fmessage-length=0 -MT"src/SensorMod.o" -MMD -MP -MF"src/SensorMod.d" -MT"src/SensorMod.o" -o "src/SensorMod.o" "../src/SensorMod.c"
../src/SensorMod.c: In function 'sensorMod__printFiltData':
../src/SensorMod.c:173:41: error: 'sensorfilt' undeclared (first use in this function); did you mean 'sensor_filt'?
   printf(" %d  | %f | %f | %f \n", mod, sensorfilt[0], sensorfilt[1], sensorfilt[2]);
                                         ^~~~~~~~~~
                                         sensor_filt
../src/SensorMod.c:173:41: note: each undeclared identifier is reported only once for each function it appears in
make: *** [src/SensorMod.o] Error 1
15:08:41 **** Auto Build of configuration Debug for project sensorMod_test ****
make all 
'Building file: ../src/SensorMod.c'
'Invoking: ARM v7 Linux gcc compiler'
arm-linux-gnueabihf-gcc -Wall -O0 -g3 -c -fmessage-length=0 -MT"src/SensorMod.o" -MMD -MP -MF"src/SensorMod.d" -MT"src/SensorMod.o" -o "src/SensorMod.o" "../src/SensorMod.c"
'Finished building: ../src/SensorMod.c'
' '
'Building target: sensorMod_test.elf'
'Invoking: ARM v7 Linux gcc linker'
arm-linux-gnueabihf-gcc  -o "sensorMod_test.elf"  ./src/SensorMod.o ./src/sensorMod_test.o ./src/xil_uio.o   
'Finished building target: sensorMod_test.elf'
' '
'Invoking: ARM v7 Linux Print Size'
arm-linux-gnueabihf-size sensorMod_test.elf  |tee "sensorMod_test.elf.size"
   text	   data	    bss	    dec	    hex	filename
   5521	    320	      4	   5845	   16d5	sensorMod_test.elf
'Finished building: sensorMod_test.elf.size'
' '
