10:49:16 **** Clean-only build of configuration Debug for project sensorMod_test ****
make clean 
rm -rf  ./src/SensorMod.o ./src/sensorMod_test.o ./src/xil_uio.o  ./src/SensorMod.d ./src/sensorMod_test.d ./src/xil_uio.d  sensorMod_test.elf.size  sensorMod_test.elf
 
10:49:17 **** Build of configuration Debug for project sensorMod_test ****
make all 
Building file: ../src/SensorMod.c
Invoking: ARM v7 Linux gcc compiler
arm-linux-gnueabihf-gcc -Wall -O0 -g3 -c -fmessage-length=0 -MT"src/SensorMod.o" -MMD -MP -MF"src/SensorMod.d" -MT"src/SensorMod.o" -o "src/SensorMod.o" "../src/SensorMod.c"
../src/SensorMod.c: In function ‘sensorMod__init’:
../src/SensorMod.c:14:24: warning: assignment makes integer from pointer without a cast [-Wint-conversion]
     self->Q._uint32[0] = (uint32_t *)xil_uio__read32(self->sensorMod_handler, 
                        ^
../src/SensorMod.c:16:24: warning: assignment makes integer from pointer without a cast [-Wint-conversion]
     self->Q._uint32[1] = (uint32_t *)xil_uio__read32(self->sensorMod_handler, 
                        ^
../src/SensorMod.c:18:24: warning: assignment makes integer from pointer without a cast [-Wint-conversion]
     self->Q._uint32[2] = (uint32_t *)xil_uio__read32(self->sensorMod_handler, 
                        ^
../src/SensorMod.c:20:25: warning: assignment makes integer from pointer without a cast [-Wint-conversion]
     self->ab._uint32[0] = (uint32_t *)xil_uio__read32(self->sensorMod_handler, 
                         ^
../src/SensorMod.c:22:25: warning: assignment makes integer from pointer without a cast [-Wint-conversion]
     self->ab._uint32[1] = (uint32_t *)xil_uio__read32(self->sensorMod_handler, 
                         ^
../src/SensorMod.c: In function ‘sensorMod__isReady’:
../src/SensorMod.c:69:39: warning: passing argument 1 of ‘xil_uio__read32’ from incompatible pointer type [-Wincompatible-pointer-types]
     uint32_t status = xil_uio__read32(self, STATUS_READ);
                                       ^~~~
In file included from ../src/SensorMod.h:6:0,
                 from ../src/SensorMod.c:1:
../src/xil_uio.h:27:10: note: expected ‘xil_uio * {aka struct xil_uio_t *}’ but argument is of type ‘sensorMod * {aka struct sensorMod_struct *}’
 uint32_t xil_uio__read32(xil_uio* self, const uint32_t offset); // reads data from virtual mem address with offset
          ^~~~~~~~~~~~~~~
../src/SensorMod.c: In function ‘sensorMod__set_centerCurr’:
../src/SensorMod.c:87:35: warning: passing argument 3 of ‘xil_uio__write32’ makes integer from pointer without a cast [-Wint-conversion]
    OFFSET_CEN_CURR | OFFSET_CONF, (uint32_t *)self->center_current._uint32);
                                   ^
In file included from ../src/SensorMod.h:6:0,
                 from ../src/SensorMod.c:1:
../src/xil_uio.h:28:6: note: expected ‘uint32_t {aka const unsigned int}’ but argument is of type ‘uint32_t * {aka unsigned int *}’
 void xil_uio__write32 (xil_uio* self, const uint32_t offset, const uint32_t writeval);
      ^~~~~~~~~~~~~~~~
../src/SensorMod.c: In function ‘sensorMod__set_Kalman’:
../src/SensorMod.c:93:29: warning: passing argument 3 of ‘xil_uio__write32’ makes integer from pointer without a cast [-Wint-conversion]
    OFFSET_DT | OFFSET_CONF, (uint32_t *)self->dt._uint32);
                             ^
In file included from ../src/SensorMod.h:6:0,
                 from ../src/SensorMod.c:1:
../src/xil_uio.h:28:6: note: expected ‘uint32_t {aka const unsigned int}’ but argument is of type ‘uint32_t * {aka unsigned int *}’
 void xil_uio__write32 (xil_uio* self, const uint32_t offset, const uint32_t writeval);
      ^~~~~~~~~~~~~~~~
../src/SensorMod.c:96:28: warning: passing argument 3 of ‘xil_uio__write32’ makes integer from pointer without a cast [-Wint-conversion]
    OFFSET_R | OFFSET_CONF, (uint32_t *)self->R._uint32);
                            ^
In file included from ../src/SensorMod.h:6:0,
                 from ../src/SensorMod.c:1:
../src/xil_uio.h:28:6: note: expected ‘uint32_t {aka const unsigned int}’ but argument is of type ‘uint32_t * {aka unsigned int *}’
 void xil_uio__write32 (xil_uio* self, const uint32_t offset, const uint32_t writeval);
      ^~~~~~~~~~~~~~~~
Finished building: ../src/SensorMod.c
 
Building file: ../src/sensorMod_test.c
Invoking: ARM v7 Linux gcc compiler
arm-linux-gnueabihf-gcc -Wall -O0 -g3 -c -fmessage-length=0 -MT"src/sensorMod_test.o" -MMD -MP -MF"src/sensorMod_test.d" -MT"src/sensorMod_test.o" -o "src/sensorMod_test.o" "../src/sensorMod_test.c"
Finished building: ../src/sensorMod_test.c
 
Building file: ../src/xil_uio.c
Invoking: ARM v7 Linux gcc compiler
arm-linux-gnueabihf-gcc -Wall -O0 -g3 -c -fmessage-length=0 -MT"src/xil_uio.o" -MMD -MP -MF"src/xil_uio.d" -MT"src/xil_uio.o" -o "src/xil_uio.o" "../src/xil_uio.c"
Finished building: ../src/xil_uio.c
 
Building target: sensorMod_test.elf
Invoking: ARM v7 Linux gcc linker
arm-linux-gnueabihf-gcc  -o "sensorMod_test.elf"  ./src/SensorMod.o ./src/sensorMod_test.o ./src/xil_uio.o   
Finished building target: sensorMod_test.elf
 
Invoking: ARM v7 Linux Print Size
arm-linux-gnueabihf-size sensorMod_test.elf  |tee "sensorMod_test.elf.size"
   text	   data	    bss	    dec	    hex	filename
   4005	    320	      4	   4329	   10e9	sensorMod_test.elf
Finished building: sensorMod_test.elf.size
 
10:50:34 **** Incremental Build of configuration Debug for project sensorMod_test ****
make all 
make: Nothing to be done for 'all'.
10:52:11 **** Incremental Build of configuration Debug for project sensorMod_test ****
make all 
make: Nothing to be done for 'all'.
10:54:57 **** Build of configuration Debug for project sensorMod_test ****
make all 
Building file: ../src/helloworld.c
Invoking: ARM v7 Linux gcc compiler
arm-linux-gnueabihf-gcc -Wall -O0 -g3 -c -fmessage-length=0 -MT"src/helloworld.o" -MMD -MP -MF"src/helloworld.d" -MT"src/helloworld.o" -o "src/helloworld.o" "../src/helloworld.c"
Finished building: ../src/helloworld.c
 
Building target: sensorMod_test.elf
Invoking: ARM v7 Linux gcc linker
arm-linux-gnueabihf-gcc  -o "sensorMod_test.elf"  ./src/helloworld.o   
Finished building target: sensorMod_test.elf
 
Invoking: ARM v7 Linux Print Size
arm-linux-gnueabihf-size sensorMod_test.elf  |tee "sensorMod_test.elf.size"
   text	   data	    bss	    dec	    hex	filename
    852	    280	      4	   1136	    470	sensorMod_test.elf
Finished building: sensorMod_test.elf.size
 
10:55:12 **** Auto Build of configuration Debug for project sensorMod_test ****
make all 
Building target: sensorMod_test.elf
Invoking: ARM v7 Linux gcc linker
arm-linux-gnueabihf-gcc  -o "sensorMod_test.elf"   
arm-linux-gnueabihf-gcc: fatal error: no input files
compilation terminated.
makefile:36: recipe for target 'sensorMod_test.elf' failed
make: *** [sensorMod_test.elf] Error 1
10:55:29 **** Auto Build of configuration Debug for project sensorMod_test ****
make all 
Building file: ../src/SensorMod.c
Invoking: ARM v7 Linux gcc compiler
arm-linux-gnueabihf-gcc -Wall -O0 -g3 -c -fmessage-length=0 -MT"src/SensorMod.o" -MMD -MP -MF"src/SensorMod.d" -MT"src/SensorMod.o" -o "src/SensorMod.o" "../src/SensorMod.c"
../src/SensorMod.c: In function ‘sensorMod__init’:
../src/SensorMod.c:14:24: warning: assignment makes integer from pointer without a cast [-Wint-conversion]
     self->Q._uint32[0] = (uint32_t *)xil_uio__read32(self->sensorMod_handler, 
                        ^
../src/SensorMod.c:16:24: warning: assignment makes integer from pointer without a cast [-Wint-conversion]
     self->Q._uint32[1] = (uint32_t *)xil_uio__read32(self->sensorMod_handler, 
                        ^
../src/SensorMod.c:18:24: warning: assignment makes integer from pointer without a cast [-Wint-conversion]
     self->Q._uint32[2] = (uint32_t *)xil_uio__read32(self->sensorMod_handler, 
                        ^
../src/SensorMod.c:20:25: warning: assignment makes integer from pointer without a cast [-Wint-conversion]
     self->ab._uint32[0] = (uint32_t *)xil_uio__read32(self->sensorMod_handler, 
                         ^
../src/SensorMod.c:22:25: warning: assignment makes integer from pointer without a cast [-Wint-conversion]
     self->ab._uint32[1] = (uint32_t *)xil_uio__read32(self->sensorMod_handler, 
                         ^
../src/SensorMod.c: In function ‘sensorMod__isReady’:
../src/SensorMod.c:69:39: warning: passing argument 1 of ‘xil_uio__read32’ from incompatible pointer type [-Wincompatible-pointer-types]
     uint32_t status = xil_uio__read32(self, STATUS_READ);
                                       ^~~~
In file included from ../src/SensorMod.h:6:0,
                 from ../src/SensorMod.c:1:
../src/xil_uio.h:27:10: note: expected ‘xil_uio * {aka struct xil_uio_t *}’ but argument is of type ‘sensorMod * {aka struct sensorMod_struct *}’
 uint32_t xil_uio__read32(xil_uio* self, const uint32_t offset); // reads data from virtual mem address with offset
          ^~~~~~~~~~~~~~~
../src/SensorMod.c: In function ‘sensorMod__set_centerCurr’:
../src/SensorMod.c:87:35: warning: passing argument 3 of ‘xil_uio__write32’ makes integer from pointer without a cast [-Wint-conversion]
    OFFSET_CEN_CURR | OFFSET_CONF, (uint32_t *)self->center_current._uint32);
                                   ^
In file included from ../src/SensorMod.h:6:0,
                 from ../src/SensorMod.c:1:
../src/xil_uio.h:28:6: note: expected ‘uint32_t {aka const unsigned int}’ but argument is of type ‘uint32_t * {aka unsigned int *}’
 void xil_uio__write32 (xil_uio* self, const uint32_t offset, const uint32_t writeval);
      ^~~~~~~~~~~~~~~~
../src/SensorMod.c: In function ‘sensorMod__set_Kalman’:
../src/SensorMod.c:93:29: warning: passing argument 3 of ‘xil_uio__write32’ makes integer from pointer without a cast [-Wint-conversion]
    OFFSET_DT | OFFSET_CONF, (uint32_t *)self->dt._uint32);
                             ^
In file included from ../src/SensorMod.h:6:0,
                 from ../src/SensorMod.c:1:
../src/xil_uio.h:28:6: note: expected ‘uint32_t {aka const unsigned int}’ but argument is of type ‘uint32_t * {aka unsigned int *}’
 void xil_uio__write32 (xil_uio* self, const uint32_t offset, const uint32_t writeval);
      ^~~~~~~~~~~~~~~~
../src/SensorMod.c:96:28: warning: passing argument 3 of ‘xil_uio__write32’ makes integer from pointer without a cast [-Wint-conversion]
    OFFSET_R | OFFSET_CONF, (uint32_t *)self->R._uint32);
                            ^
In file included from ../src/SensorMod.h:6:0,
                 from ../src/SensorMod.c:1:
../src/xil_uio.h:28:6: note: expected ‘uint32_t {aka const unsigned int}’ but argument is of type ‘uint32_t * {aka unsigned int *}’
 void xil_uio__write32 (xil_uio* self, const uint32_t offset, const uint32_t writeval);
      ^~~~~~~~~~~~~~~~
Finished building: ../src/SensorMod.c
 
Building file: ../src/sensorMod_test.c
Invoking: ARM v7 Linux gcc compiler
arm-linux-gnueabihf-gcc -Wall -O0 -g3 -c -fmessage-length=0 -MT"src/sensorMod_test.o" -MMD -MP -MF"src/sensorMod_test.d" -MT"src/sensorMod_test.o" -o "src/sensorMod_test.o" "../src/sensorMod_test.c"
Finished building: ../src/sensorMod_test.c
 
Building file: ../src/xil_uio.c
Invoking: ARM v7 Linux gcc compiler
arm-linux-gnueabihf-gcc -Wall -O0 -g3 -c -fmessage-length=0 -MT"src/xil_uio.o" -MMD -MP -MF"src/xil_uio.d" -MT"src/xil_uio.o" -o "src/xil_uio.o" "../src/xil_uio.c"
Finished building: ../src/xil_uio.c
 
Building target: sensorMod_test.elf
Invoking: ARM v7 Linux gcc linker
arm-linux-gnueabihf-gcc  -o "sensorMod_test.elf"  ./src/SensorMod.o ./src/sensorMod_test.o ./src/xil_uio.o   
Finished building target: sensorMod_test.elf
 
Invoking: ARM v7 Linux Print Size
arm-linux-gnueabihf-size sensorMod_test.elf  |tee "sensorMod_test.elf.size"
   text	   data	    bss	    dec	    hex	filename
   4005	    320	      4	   4329	   10e9	sensorMod_test.elf
Finished building: sensorMod_test.elf.size
 
10:56:16 **** Incremental Build of configuration Debug for project sensorMod_test ****
make all 
make: Nothing to be done for 'all'.
11:20:58 **** Build of configuration Debug for project sensorMod_test ****
make all 
'Building file: ../src/SensorMod.c'
'Invoking: ARM v7 Linux gcc compiler'
arm-linux-gnueabihf-gcc -Wall -O0 -g3 -c -fmessage-length=0 -MT"src/SensorMod.o" -MMD -MP -MF"src/SensorMod.d" -MT"src/SensorMod.o" -o "src/SensorMod.o" "../src/SensorMod.c"
../src/SensorMod.c: In function 'sensorMod__init':
../src/SensorMod.c:14:24: warning: assignment makes integer from pointer without a cast [-Wint-conversion]
     self->Q._uint32[0] = (uint32_t *)xil_uio__read32(self->sensorMod_handler,
                        ^
../src/SensorMod.c:16:24: warning: assignment makes integer from pointer without a cast [-Wint-conversion]
     self->Q._uint32[1] = (uint32_t *)xil_uio__read32(self->sensorMod_handler,
                        ^
../src/SensorMod.c:18:24: warning: assignment makes integer from pointer without a cast [-Wint-conversion]
     self->Q._uint32[2] = (uint32_t *)xil_uio__read32(self->sensorMod_handler,
                        ^
../src/SensorMod.c:20:25: warning: assignment makes integer from pointer without a cast [-Wint-conversion]
     self->ab._uint32[0] = (uint32_t *)xil_uio__read32(self->sensorMod_handler,
                         ^
../src/SensorMod.c:22:25: warning: assignment makes integer from pointer without a cast [-Wint-conversion]
     self->ab._uint32[1] = (uint32_t *)xil_uio__read32(self->sensorMod_handler,
                         ^
../src/SensorMod.c: In function 'sensorMod__isReady':
../src/SensorMod.c:69:39: warning: passing argument 1 of 'xil_uio__read32' from incompatible pointer type [-Wincompatible-pointer-types]
     uint32_t status = xil_uio__read32(self, STATUS_READ);
                                       ^~~~
In file included from ../src/SensorMod.h:6:0,
                 from ../src/SensorMod.c:1:
../src/xil_uio.h:27:10: note: expected 'xil_uio * {aka struct xil_uio_t *}' but argument is of type 'sensorMod * {aka struct sensorMod_struct *}'
 uint32_t xil_uio__read32(xil_uio* self, const uint32_t offset); // reads data from virtual mem address with offset
          ^~~~~~~~~~~~~~~
../src/SensorMod.c: In function 'sensorMod__set_centerCurr':
../src/SensorMod.c:87:35: warning: passing argument 3 of 'xil_uio__write32' makes integer from pointer without a cast [-Wint-conversion]
    OFFSET_CEN_CURR | OFFSET_CONF, (uint32_t *)self->center_current._uint32);
                                   ^
In file included from ../src/SensorMod.h:6:0,
                 from ../src/SensorMod.c:1:
../src/xil_uio.h:28:6: note: expected 'uint32_t {aka const unsigned int}' but argument is of type 'uint32_t * {aka unsigned int *}'
 void xil_uio__write32 (xil_uio* self, const uint32_t offset, const uint32_t writeval);
      ^~~~~~~~~~~~~~~~
../src/SensorMod.c: In function 'sensorMod__set_Kalman':
../src/SensorMod.c:93:29: warning: passing argument 3 of 'xil_uio__write32' makes integer from pointer without a cast [-Wint-conversion]
    OFFSET_DT | OFFSET_CONF, (uint32_t *)self->dt._uint32);
                             ^
In file included from ../src/SensorMod.h:6:0,
                 from ../src/SensorMod.c:1:
../src/xil_uio.h:28:6: note: expected 'uint32_t {aka const unsigned int}' but argument is of type 'uint32_t * {aka unsigned int *}'
 void xil_uio__write32 (xil_uio* self, const uint32_t offset, const uint32_t writeval);
      ^~~~~~~~~~~~~~~~
../src/SensorMod.c:96:28: warning: passing argument 3 of 'xil_uio__write32' makes integer from pointer without a cast [-Wint-conversion]
    OFFSET_R | OFFSET_CONF, (uint32_t *)self->R._uint32);
                            ^
In file included from ../src/SensorMod.h:6:0,
                 from ../src/SensorMod.c:1:
../src/xil_uio.h:28:6: note: expected 'uint32_t {aka const unsigned int}' but argument is of type 'uint32_t * {aka unsigned int *}'
 void xil_uio__write32 (xil_uio* self, const uint32_t offset, const uint32_t writeval);
      ^~~~~~~~~~~~~~~~
'Finished building: ../src/SensorMod.c'
' '
'Building file: ../src/sensorMod_test.c'
'Invoking: ARM v7 Linux gcc compiler'
arm-linux-gnueabihf-gcc -Wall -O0 -g3 -c -fmessage-length=0 -MT"src/sensorMod_test.o" -MMD -MP -MF"src/sensorMod_test.d" -MT"src/sensorMod_test.o" -o "src/sensorMod_test.o" "../src/sensorMod_test.c"
'Finished building: ../src/sensorMod_test.c'
' '
'Building file: ../src/xil_uio.c'
'Invoking: ARM v7 Linux gcc compiler'
arm-linux-gnueabihf-gcc -Wall -O0 -g3 -c -fmessage-length=0 -MT"src/xil_uio.o" -MMD -MP -MF"src/xil_uio.d" -MT"src/xil_uio.o" -o "src/xil_uio.o" "../src/xil_uio.c"
'Finished building: ../src/xil_uio.c'
' '
'Building target: sensorMod_test.elf'
'Invoking: ARM v7 Linux gcc linker'
arm-linux-gnueabihf-gcc  -o "sensorMod_test.elf"  ./src/SensorMod.o ./src/sensorMod_test.o ./src/xil_uio.o   
'Finished building target: sensorMod_test.elf'
' '
'Invoking: ARM v7 Linux Print Size'
arm-linux-gnueabihf-size sensorMod_test.elf  |tee "sensorMod_test.elf.size"
   text	   data	    bss	    dec	    hex	filename
   4005	    320	      4	   4329	   10e9	sensorMod_test.elf
'Finished building: sensorMod_test.elf.size'
' '
11:21:31 **** Incremental Build of configuration Debug for project sensorMod_test ****
make all 
make: Nothing to be done for `all'.
11:21:43 **** Incremental Build of configuration Debug for project sensorMod_test ****
make all 
make: Nothing to be done for `all'.
11:22:19 **** Incremental Build of configuration Debug for project sensorMod_test ****
make all 
make: Nothing to be done for `all'.
11:22:46 **** Auto Build of configuration Debug for project sensorMod_test ****
make all 
'Building file: ../src/sensorMod_test.c'
'Invoking: ARM v7 Linux gcc compiler'
arm-linux-gnueabihf-gcc -Wall -O0 -g3 -c -fmessage-length=0 -MT"src/sensorMod_test.o" -MMD -MP -MF"src/sensorMod_test.d" -MT"src/sensorMod_test.o" -o "src/sensorMod_test.o" "../src/sensorMod_test.c"
../src/sensorMod_test.c: In function 'main':
../src/sensorMod_test.c:47:16: warning: variable 'sensor_handler' set but not used [-Wunused-but-set-variable]
     sensorMod *sensor_handler;
                ^~~~~~~~~~~~~~
'Finished building: ../src/sensorMod_test.c'
' '
'Building target: sensorMod_test.elf'
'Invoking: ARM v7 Linux gcc linker'
arm-linux-gnueabihf-gcc  -o "sensorMod_test.elf"  ./src/SensorMod.o ./src/sensorMod_test.o ./src/xil_uio.o   
'Finished building target: sensorMod_test.elf'
' '
'Invoking: ARM v7 Linux Print Size'
arm-linux-gnueabihf-size sensorMod_test.elf  |tee "sensorMod_test.elf.size"
   text	   data	    bss	    dec	    hex	filename
   3977	    320	      4	   4301	   10cd	sensorMod_test.elf
'Finished building: sensorMod_test.elf.size'
' '
11:22:49 **** Incremental Build of configuration Debug for project sensorMod_test ****
make all 
make: Nothing to be done for `all'.
11:23:04 **** Incremental Build of configuration Debug for project sensorMod_test ****
make all 
'Building file: ../src/sensorMod_test.c'
'Invoking: ARM v7 Linux gcc compiler'
arm-linux-gnueabihf-gcc -Wall -O0 -g3 -c -fmessage-length=0 -MT"src/sensorMod_test.o" -MMD -MP -MF"src/sensorMod_test.d" -MT"src/sensorMod_test.o" -o "src/sensorMod_test.o" "../src/sensorMod_test.c"
../src/sensorMod_test.c: In function 'main':
../src/sensorMod_test.c:47:16: warning: unused variable 'sensor_handler' [-Wunused-variable]
     sensorMod *sensor_handler;
                ^~~~~~~~~~~~~~
'Finished building: ../src/sensorMod_test.c'
' '
'Building target: sensorMod_test.elf'
'Invoking: ARM v7 Linux gcc linker'
arm-linux-gnueabihf-gcc  -o "sensorMod_test.elf"  ./src/SensorMod.o ./src/sensorMod_test.o ./src/xil_uio.o   
'Finished building target: sensorMod_test.elf'
' '
'Invoking: ARM v7 Linux Print Size'
arm-linux-gnueabihf-size sensorMod_test.elf  |tee "sensorMod_test.elf.size"
   text	   data	    bss	    dec	    hex	filename
   3949	    320	      4	   4273	   10b1	sensorMod_test.elf
'Finished building: sensorMod_test.elf.size'
' '
11:23:35 **** Auto Build of configuration Debug for project sensorMod_test ****
make all 
'Building file: ../src/sensorMod_test.c'
'Invoking: ARM v7 Linux gcc compiler'
arm-linux-gnueabihf-gcc -Wall -O0 -g3 -c -fmessage-length=0 -MT"src/sensorMod_test.o" -MMD -MP -MF"src/sensorMod_test.d" -MT"src/sensorMod_test.o" -o "src/sensorMod_test.o" "../src/sensorMod_test.c"
../src/sensorMod_test.c: In function 'main':
../src/sensorMod_test.c:54:22: error: 'gpioSW_handler' undeclared (first use in this function); did you mean 'gpioSw_handler'?
     xil_uio__destroy(gpioSW_handler);
                      ^~~~~~~~~~~~~~
                      gpioSw_handler
../src/sensorMod_test.c:54:22: note: each undeclared identifier is reported only once for each function it appears in
../src/sensorMod_test.c:47:16: warning: unused variable 'sensor_handler' [-Wunused-variable]
     sensorMod *sensor_handler;
                ^~~~~~~~~~~~~~
make: *** [src/sensorMod_test.o] Error 1
11:23:41 **** Auto Build of configuration Debug for project sensorMod_test ****
make all 
'Building file: ../src/sensorMod_test.c'
'Invoking: ARM v7 Linux gcc compiler'
arm-linux-gnueabihf-gcc -Wall -O0 -g3 -c -fmessage-length=0 -MT"src/sensorMod_test.o" -MMD -MP -MF"src/sensorMod_test.d" -MT"src/sensorMod_test.o" -o "src/sensorMod_test.o" "../src/sensorMod_test.c"
../src/sensorMod_test.c: In function 'main':
../src/sensorMod_test.c:47:16: warning: unused variable 'sensor_handler' [-Wunused-variable]
     sensorMod *sensor_handler;
                ^~~~~~~~~~~~~~
'Finished building: ../src/sensorMod_test.c'
' '
'Building target: sensorMod_test.elf'
'Invoking: ARM v7 Linux gcc linker'
arm-linux-gnueabihf-gcc  -o "sensorMod_test.elf"  ./src/SensorMod.o ./src/sensorMod_test.o ./src/xil_uio.o   
'Finished building target: sensorMod_test.elf'
' '
'Invoking: ARM v7 Linux Print Size'
arm-linux-gnueabihf-size sensorMod_test.elf  |tee "sensorMod_test.elf.size"
   text	   data	    bss	    dec	    hex	filename
   3949	    320	      4	   4273	   10b1	sensorMod_test.elf
'Finished building: sensorMod_test.elf.size'
' '
11:25:10 **** Incremental Build of configuration Debug for project sensorMod_test ****
make all 
make: Nothing to be done for `all'.
11:26:36 **** Auto Build of configuration Debug for project sensorMod_test ****
make all 
'Building file: ../src/SensorMod.c'
'Invoking: ARM v7 Linux gcc compiler'
arm-linux-gnueabihf-gcc -Wall -O0 -g3 -c -fmessage-length=0 -MT"src/SensorMod.o" -MMD -MP -MF"src/SensorMod.d" -MT"src/SensorMod.o" -o "src/SensorMod.o" "../src/SensorMod.c"
../src/SensorMod.c: In function 'sensorMod__isReady':
../src/SensorMod.c:71:39: warning: passing argument 1 of 'xil_uio__read32' from incompatible pointer type [-Wincompatible-pointer-types]
     uint32_t status = xil_uio__read32(self, STATUS_READ);
                                       ^~~~
In file included from ../src/SensorMod.h:6:0,
                 from ../src/SensorMod.c:1:
../src/xil_uio.h:27:10: note: expected 'xil_uio * {aka struct xil_uio_t *}' but argument is of type 'sensorMod * {aka struct sensorMod_struct *}'
 uint32_t xil_uio__read32(xil_uio* self, const uint32_t offset); // reads data from virtual mem address with offset
          ^~~~~~~~~~~~~~~
../src/SensorMod.c: In function 'sensorMod__set_centerCurr':
../src/SensorMod.c:89:35: warning: passing argument 3 of 'xil_uio__write32' makes integer from pointer without a cast [-Wint-conversion]
    OFFSET_CEN_CURR | OFFSET_CONF, (uint32_t *)self->center_current._uint32);
                                   ^
In file included from ../src/SensorMod.h:6:0,
                 from ../src/SensorMod.c:1:
../src/xil_uio.h:28:6: note: expected 'uint32_t {aka const unsigned int}' but argument is of type 'uint32_t * {aka unsigned int *}'
 void xil_uio__write32 (xil_uio* self, const uint32_t offset, const uint32_t writeval);
      ^~~~~~~~~~~~~~~~
../src/SensorMod.c: In function 'sensorMod__set_Kalman':
../src/SensorMod.c:95:29: warning: passing argument 3 of 'xil_uio__write32' makes integer from pointer without a cast [-Wint-conversion]
    OFFSET_DT | OFFSET_CONF, (uint32_t *)self->dt._uint32);
                             ^
In file included from ../src/SensorMod.h:6:0,
                 from ../src/SensorMod.c:1:
../src/xil_uio.h:28:6: note: expected 'uint32_t {aka const unsigned int}' but argument is of type 'uint32_t * {aka unsigned int *}'
 void xil_uio__write32 (xil_uio* self, const uint32_t offset, const uint32_t writeval);
      ^~~~~~~~~~~~~~~~
../src/SensorMod.c:98:28: warning: passing argument 3 of 'xil_uio__write32' makes integer from pointer without a cast [-Wint-conversion]
    OFFSET_R | OFFSET_CONF, (uint32_t *)self->R._uint32);
                            ^
In file included from ../src/SensorMod.h:6:0,
                 from ../src/SensorMod.c:1:
../src/xil_uio.h:28:6: note: expected 'uint32_t {aka const unsigned int}' but argument is of type 'uint32_t * {aka unsigned int *}'
 void xil_uio__write32 (xil_uio* self, const uint32_t offset, const uint32_t writeval);
      ^~~~~~~~~~~~~~~~
'Finished building: ../src/SensorMod.c'
' '
'Building target: sensorMod_test.elf'
'Invoking: ARM v7 Linux gcc linker'
arm-linux-gnueabihf-gcc  -o "sensorMod_test.elf"  ./src/SensorMod.o ./src/sensorMod_test.o ./src/xil_uio.o   
'Finished building target: sensorMod_test.elf'
' '
'Invoking: ARM v7 Linux Print Size'
arm-linux-gnueabihf-size sensorMod_test.elf  |tee "sensorMod_test.elf.size"
   text	   data	    bss	    dec	    hex	filename
   3685	    320	      4	   4009	    fa9	sensorMod_test.elf
'Finished building: sensorMod_test.elf.size'
' '
11:26:41 **** Incremental Build of configuration Debug for project sensorMod_test ****
make all 
make: Nothing to be done for `all'.
11:26:50 **** Auto Build of configuration Debug for project sensorMod_test ****
make all 
'Building file: ../src/sensorMod_test.c'
'Invoking: ARM v7 Linux gcc compiler'
arm-linux-gnueabihf-gcc -Wall -O0 -g3 -c -fmessage-length=0 -MT"src/sensorMod_test.o" -MMD -MP -MF"src/sensorMod_test.d" -MT"src/sensorMod_test.o" -o "src/sensorMod_test.o" "../src/sensorMod_test.c"
../src/sensorMod_test.c: In function 'main':
../src/sensorMod_test.c:47:16: warning: variable 'sensor_handler' set but not used [-Wunused-but-set-variable]
     sensorMod *sensor_handler;
                ^~~~~~~~~~~~~~
'Finished building: ../src/sensorMod_test.c'
' '
'Building target: sensorMod_test.elf'
'Invoking: ARM v7 Linux gcc linker'
arm-linux-gnueabihf-gcc  -o "sensorMod_test.elf"  ./src/SensorMod.o ./src/sensorMod_test.o ./src/xil_uio.o   
'Finished building target: sensorMod_test.elf'
' '
'Invoking: ARM v7 Linux Print Size'
arm-linux-gnueabihf-size sensorMod_test.elf  |tee "sensorMod_test.elf.size"
   text	   data	    bss	    dec	    hex	filename
   3713	    320	      4	   4037	    fc5	sensorMod_test.elf
'Finished building: sensorMod_test.elf.size'
' '
11:26:53 **** Incremental Build of configuration Debug for project sensorMod_test ****
make all 
make: Nothing to be done for `all'.
11:27:13 **** Auto Build of configuration Debug for project sensorMod_test ****
make all 
'Building file: ../src/SensorMod.c'
'Invoking: ARM v7 Linux gcc compiler'
arm-linux-gnueabihf-gcc -Wall -O0 -g3 -c -fmessage-length=0 -MT"src/SensorMod.o" -MMD -MP -MF"src/SensorMod.d" -MT"src/SensorMod.o" -o "src/SensorMod.o" "../src/SensorMod.c"
../src/SensorMod.c: In function 'sensorMod__isReady':
../src/SensorMod.c:71:39: warning: passing argument 1 of 'xil_uio__read32' from incompatible pointer type [-Wincompatible-pointer-types]
     uint32_t status = xil_uio__read32(self, STATUS_READ);
                                       ^~~~
In file included from ../src/SensorMod.h:6:0,
                 from ../src/SensorMod.c:1:
../src/xil_uio.h:27:10: note: expected 'xil_uio * {aka struct xil_uio_t *}' but argument is of type 'sensorMod * {aka struct sensorMod_struct *}'
 uint32_t xil_uio__read32(xil_uio* self, const uint32_t offset); // reads data from virtual mem address with offset
          ^~~~~~~~~~~~~~~
../src/SensorMod.c: In function 'sensorMod__set_centerCurr':
../src/SensorMod.c:89:35: warning: passing argument 3 of 'xil_uio__write32' makes integer from pointer without a cast [-Wint-conversion]
    OFFSET_CEN_CURR | OFFSET_CONF, (uint32_t *)self->center_current._uint32);
                                   ^
In file included from ../src/SensorMod.h:6:0,
                 from ../src/SensorMod.c:1:
../src/xil_uio.h:28:6: note: expected 'uint32_t {aka const unsigned int}' but argument is of type 'uint32_t * {aka unsigned int *}'
 void xil_uio__write32 (xil_uio* self, const uint32_t offset, const uint32_t writeval);
      ^~~~~~~~~~~~~~~~
../src/SensorMod.c: In function 'sensorMod__set_Kalman':
../src/SensorMod.c:95:29: warning: passing argument 3 of 'xil_uio__write32' makes integer from pointer without a cast [-Wint-conversion]
    OFFSET_DT | OFFSET_CONF, (uint32_t *)self->dt._uint32);
                             ^
In file included from ../src/SensorMod.h:6:0,
                 from ../src/SensorMod.c:1:
../src/xil_uio.h:28:6: note: expected 'uint32_t {aka const unsigned int}' but argument is of type 'uint32_t * {aka unsigned int *}'
 void xil_uio__write32 (xil_uio* self, const uint32_t offset, const uint32_t writeval);
      ^~~~~~~~~~~~~~~~
../src/SensorMod.c:98:28: warning: passing argument 3 of 'xil_uio__write32' makes integer from pointer without a cast [-Wint-conversion]
    OFFSET_R | OFFSET_CONF, (uint32_t *)self->R._uint32);
                            ^
In file included from ../src/SensorMod.h:6:0,
                 from ../src/SensorMod.c:1:
../src/xil_uio.h:28:6: note: expected 'uint32_t {aka const unsigned int}' but argument is of type 'uint32_t * {aka unsigned int *}'
 void xil_uio__write32 (xil_uio* self, const uint32_t offset, const uint32_t writeval);
      ^~~~~~~~~~~~~~~~
'Finished building: ../src/SensorMod.c'
' '
'Building target: sensorMod_test.elf'
'Invoking: ARM v7 Linux gcc linker'
arm-linux-gnueabihf-gcc  -o "sensorMod_test.elf"  ./src/SensorMod.o ./src/sensorMod_test.o ./src/xil_uio.o   
'Finished building target: sensorMod_test.elf'
' '
'Invoking: ARM v7 Linux Print Size'
arm-linux-gnueabihf-size sensorMod_test.elf  |tee "sensorMod_test.elf.size"
   text	   data	    bss	    dec	    hex	filename
   3785	    320	      4	   4109	   100d	sensorMod_test.elf
'Finished building: sensorMod_test.elf.size'
' '
11:27:20 **** Incremental Build of configuration Debug for project sensorMod_test ****
make all 
make: Nothing to be done for `all'.
11:27:41 **** Auto Build of configuration Debug for project sensorMod_test ****
make all 
'Building file: ../src/sensorMod_test.c'
'Invoking: ARM v7 Linux gcc compiler'
arm-linux-gnueabihf-gcc -Wall -O0 -g3 -c -fmessage-length=0 -MT"src/sensorMod_test.o" -MMD -MP -MF"src/sensorMod_test.d" -MT"src/sensorMod_test.o" -o "src/sensorMod_test.o" "../src/sensorMod_test.c"
'Finished building: ../src/sensorMod_test.c'
' '
'Building target: sensorMod_test.elf'
'Invoking: ARM v7 Linux gcc linker'
arm-linux-gnueabihf-gcc  -o "sensorMod_test.elf"  ./src/SensorMod.o ./src/sensorMod_test.o ./src/xil_uio.o   
'Finished building target: sensorMod_test.elf'
' '
'Invoking: ARM v7 Linux Print Size'
arm-linux-gnueabihf-size sensorMod_test.elf  |tee "sensorMod_test.elf.size"
   text	   data	    bss	    dec	    hex	filename
   3813	    320	      4	   4137	   1029	sensorMod_test.elf
'Finished building: sensorMod_test.elf.size'
' '
11:27:46 **** Incremental Build of configuration Debug for project sensorMod_test ****
make all 
make: Nothing to be done for `all'.
11:31:05 **** Auto Build of configuration Debug for project sensorMod_test ****
make all 
'Building file: ../src/sensorMod_test.c'
'Invoking: ARM v7 Linux gcc compiler'
arm-linux-gnueabihf-gcc -Wall -O0 -g3 -c -fmessage-length=0 -MT"src/sensorMod_test.o" -MMD -MP -MF"src/sensorMod_test.d" -MT"src/sensorMod_test.o" -o "src/sensorMod_test.o" "../src/sensorMod_test.c"
../src/sensorMod_test.c: In function 'main':
../src/sensorMod_test.c:50:24: warning: format '%f' expects argument of type 'double', but argument 2 has type 'sensorMod * {aka struct sensorMod_struct *}' [-Wformat=]
     printf("\n dt = %.2f", sensor_handler);
                     ~~~^
'Finished building: ../src/sensorMod_test.c'
' '
'Building target: sensorMod_test.elf'
'Invoking: ARM v7 Linux gcc linker'
arm-linux-gnueabihf-gcc  -o "sensorMod_test.elf"  ./src/SensorMod.o ./src/sensorMod_test.o ./src/xil_uio.o   
'Finished building target: sensorMod_test.elf'
' '
'Invoking: ARM v7 Linux Print Size'
arm-linux-gnueabihf-size sensorMod_test.elf  |tee "sensorMod_test.elf.size"
   text	   data	    bss	    dec	    hex	filename
   3793	    320	      4	   4117	   1015	sensorMod_test.elf
'Finished building: sensorMod_test.elf.size'
' '
11:32:03 **** Auto Build of configuration Debug for project sensorMod_test ****
make all 
'Building file: ../src/sensorMod_test.c'
'Invoking: ARM v7 Linux gcc compiler'
arm-linux-gnueabihf-gcc -Wall -O0 -g3 -c -fmessage-length=0 -MT"src/sensorMod_test.o" -MMD -MP -MF"src/sensorMod_test.d" -MT"src/sensorMod_test.o" -o "src/sensorMod_test.o" "../src/sensorMod_test.c"
../src/sensorMod_test.c: In function 'main':
../src/sensorMod_test.c:50:24: warning: format '%f' expects argument of type 'double', but argument 2 has type 'float *' [-Wformat=]
     printf("\n dt = %.2f", (float *)sensor_handler->dt._float32);
                     ~~~^   ~~~~~~~~~~~~~~~~~~~~~~~~~~~~~~~~~~~~
'Finished building: ../src/sensorMod_test.c'
' '
'Building target: sensorMod_test.elf'
'Invoking: ARM v7 Linux gcc linker'
arm-linux-gnueabihf-gcc  -o "sensorMod_test.elf"  ./src/SensorMod.o ./src/sensorMod_test.o ./src/xil_uio.o   
'Finished building target: sensorMod_test.elf'
' '
'Invoking: ARM v7 Linux Print Size'
arm-linux-gnueabihf-size sensorMod_test.elf  |tee "sensorMod_test.elf.size"
   text	   data	    bss	    dec	    hex	filename
   3801	    320	      4	   4125	   101d	sensorMod_test.elf
'Finished building: sensorMod_test.elf.size'
' '
11:32:06 **** Incremental Build of configuration Debug for project sensorMod_test ****
make all 
make: Nothing to be done for `all'.
11:33:15 **** Auto Build of configuration Debug for project sensorMod_test ****
make all 
'Building file: ../src/SensorMod.c'
'Invoking: ARM v7 Linux gcc compiler'
arm-linux-gnueabihf-gcc -Wall -O0 -g3 -c -fmessage-length=0 -MT"src/SensorMod.o" -MMD -MP -MF"src/SensorMod.d" -MT"src/SensorMod.o" -o "src/SensorMod.o" "../src/SensorMod.c"
../src/SensorMod.c: In function 'sensorMod__isReady':
../src/SensorMod.c:71:39: warning: passing argument 1 of 'xil_uio__read32' from incompatible pointer type [-Wincompatible-pointer-types]
     uint32_t status = xil_uio__read32(self, STATUS_READ);
                                       ^~~~
In file included from ../src/SensorMod.h:6:0,
                 from ../src/SensorMod.c:1:
../src/xil_uio.h:27:10: note: expected 'xil_uio * {aka struct xil_uio_t *}' but argument is of type 'sensorMod * {aka struct sensorMod_struct *}'
 uint32_t xil_uio__read32(xil_uio* self, const uint32_t offset); // reads data from virtual mem address with offset
          ^~~~~~~~~~~~~~~
../src/SensorMod.c: In function 'sensorMod__set_centerCurr':
../src/SensorMod.c:89:35: warning: passing argument 3 of 'xil_uio__write32' makes integer from pointer without a cast [-Wint-conversion]
    OFFSET_CEN_CURR | OFFSET_CONF, (uint32_t *)self->center_current._uint32);
                                   ^
In file included from ../src/SensorMod.h:6:0,
                 from ../src/SensorMod.c:1:
../src/xil_uio.h:28:6: note: expected 'uint32_t {aka const unsigned int}' but argument is of type 'uint32_t * {aka unsigned int *}'
 void xil_uio__write32 (xil_uio* self, const uint32_t offset, const uint32_t writeval);
      ^~~~~~~~~~~~~~~~
../src/SensorMod.c: In function 'sensorMod__set_Kalman':
../src/SensorMod.c:95:29: warning: passing argument 3 of 'xil_uio__write32' makes integer from pointer without a cast [-Wint-conversion]
    OFFSET_DT | OFFSET_CONF, (uint32_t *)self->dt._uint32);
                             ^
In file included from ../src/SensorMod.h:6:0,
                 from ../src/SensorMod.c:1:
../src/xil_uio.h:28:6: note: expected 'uint32_t {aka const unsigned int}' but argument is of type 'uint32_t * {aka unsigned int *}'
 void xil_uio__write32 (xil_uio* self, const uint32_t offset, const uint32_t writeval);
      ^~~~~~~~~~~~~~~~
../src/SensorMod.c:98:28: warning: passing argument 3 of 'xil_uio__write32' makes integer from pointer without a cast [-Wint-conversion]
    OFFSET_R | OFFSET_CONF, (uint32_t *)self->R._uint32);
                            ^
In file included from ../src/SensorMod.h:6:0,
                 from ../src/SensorMod.c:1:
../src/xil_uio.h:28:6: note: expected 'uint32_t {aka const unsigned int}' but argument is of type 'uint32_t * {aka unsigned int *}'
 void xil_uio__write32 (xil_uio* self, const uint32_t offset, const uint32_t writeval);
      ^~~~~~~~~~~~~~~~
../src/SensorMod.c: In function 'sensorMod__get_centerCurr':
../src/SensorMod.c:121:57: error: incompatible types when returning type 'float *' but 'float' was expected
 float sensorMod__get_centerCurr(sensorMod* self){return (float *)self->center_current._float32;}
                                                         ^~~~~~~~~~~~~~~~~~~~~~~~~~~~~~~~~~~~~~
../src/SensorMod.c: In function 'sensorMod__get_dt':
../src/SensorMod.c:122:49: error: incompatible types when returning type 'float *' but 'float' was expected
 float sensorMod__get_dt(sensorMod* self){return (float *)self->dt._float32;};
                                                 ^~~~~~~~~~~~~~~~~~~~~~~~~~
../src/SensorMod.c: In function 'sensorMod__get_R':
../src/SensorMod.c:123:48: error: incompatible types when returning type 'float *' but 'float' was expected
 float sensorMod__get_R(sensorMod* self){return (float *)self->R._float32;};
                                                ^~~~~~~~~~~~~~~~~~~~~~~~~
../src/SensorMod.c: In function 'sensorMod__get_centerCurr':
../src/SensorMod.c:121:1: warning: control reaches end of non-void function [-Wreturn-type]
 float sensorMod__get_centerCurr(sensorMod* self){return (float *)self->center_current._float32;}
 ^~~~~
../src/SensorMod.c: In function 'sensorMod__get_dt':
../src/SensorMod.c:122:1: warning: control reaches end of non-void function [-Wreturn-type]
 float sensorMod__get_dt(sensorMod* self){return (float *)self->dt._float32;};
 ^~~~~
../src/SensorMod.c: In function 'sensorMod__get_R':
../src/SensorMod.c:123:1: warning: control reaches end of non-void function [-Wreturn-type]
 float sensorMod__get_R(sensorMod* self){return (float *)self->R._float32;};
 ^~~~~
make: *** [src/SensorMod.o] Error 1
11:33:31 **** Auto Build of configuration Debug for project sensorMod_test ****
make all 
'Building file: ../src/SensorMod.c'
'Invoking: ARM v7 Linux gcc compiler'
arm-linux-gnueabihf-gcc -Wall -O0 -g3 -c -fmessage-length=0 -MT"src/SensorMod.o" -MMD -MP -MF"src/SensorMod.d" -MT"src/SensorMod.o" -o "src/SensorMod.o" "../src/SensorMod.c"
../src/SensorMod.c: In function 'sensorMod__isReady':
../src/SensorMod.c:71:39: warning: passing argument 1 of 'xil_uio__read32' from incompatible pointer type [-Wincompatible-pointer-types]
     uint32_t status = xil_uio__read32(self, STATUS_READ);
                                       ^~~~
In file included from ../src/SensorMod.h:6:0,
                 from ../src/SensorMod.c:1:
../src/xil_uio.h:27:10: note: expected 'xil_uio * {aka struct xil_uio_t *}' but argument is of type 'sensorMod * {aka struct sensorMod_struct *}'
 uint32_t xil_uio__read32(xil_uio* self, const uint32_t offset); // reads data from virtual mem address with offset
          ^~~~~~~~~~~~~~~
../src/SensorMod.c: In function 'sensorMod__set_centerCurr':
../src/SensorMod.c:89:35: warning: passing argument 3 of 'xil_uio__write32' makes integer from pointer without a cast [-Wint-conversion]
    OFFSET_CEN_CURR | OFFSET_CONF, (uint32_t *)self->center_current._uint32);
                                   ^
In file included from ../src/SensorMod.h:6:0,
                 from ../src/SensorMod.c:1:
../src/xil_uio.h:28:6: note: expected 'uint32_t {aka const unsigned int}' but argument is of type 'uint32_t * {aka unsigned int *}'
 void xil_uio__write32 (xil_uio* self, const uint32_t offset, const uint32_t writeval);
      ^~~~~~~~~~~~~~~~
../src/SensorMod.c: In function 'sensorMod__set_Kalman':
../src/SensorMod.c:95:29: warning: passing argument 3 of 'xil_uio__write32' makes integer from pointer without a cast [-Wint-conversion]
    OFFSET_DT | OFFSET_CONF, (uint32_t *)self->dt._uint32);
                             ^
In file included from ../src/SensorMod.h:6:0,
                 from ../src/SensorMod.c:1:
../src/xil_uio.h:28:6: note: expected 'uint32_t {aka const unsigned int}' but argument is of type 'uint32_t * {aka unsigned int *}'
 void xil_uio__write32 (xil_uio* self, const uint32_t offset, const uint32_t writeval);
      ^~~~~~~~~~~~~~~~
../src/SensorMod.c:98:28: warning: passing argument 3 of 'xil_uio__write32' makes integer from pointer without a cast [-Wint-conversion]
    OFFSET_R | OFFSET_CONF, (uint32_t *)self->R._uint32);
                            ^
In file included from ../src/SensorMod.h:6:0,
                 from ../src/SensorMod.c:1:
../src/xil_uio.h:28:6: note: expected 'uint32_t {aka const unsigned int}' but argument is of type 'uint32_t * {aka unsigned int *}'
 void xil_uio__write32 (xil_uio* self, const uint32_t offset, const uint32_t writeval);
      ^~~~~~~~~~~~~~~~
../src/SensorMod.c: In function 'sensorMod__get_centerCurr':
../src/SensorMod.c:121:58: error: incompatible types when returning type 'float *' but 'float' was expected
 float sensorMod__get_centerCurr(sensorMod* self){return ((float *)self->center_current._float32);}
                                                         ~^~~~~~~~~~~~~~~~~~~~~~~~~~~~~~~~~~~~~~~
../src/SensorMod.c: In function 'sensorMod__get_dt':
../src/SensorMod.c:122:49: error: incompatible types when returning type 'float *' but 'float' was expected
 float sensorMod__get_dt(sensorMod* self){return (float *)self->dt._float32;};
                                                 ^~~~~~~~~~~~~~~~~~~~~~~~~~
../src/SensorMod.c: In function 'sensorMod__get_R':
../src/SensorMod.c:123:48: error: incompatible types when returning type 'float *' but 'float' was expected
 float sensorMod__get_R(sensorMod* self){return (float *)self->R._float32;};
                                                ^~~~~~~~~~~~~~~~~~~~~~~~~
../src/SensorMod.c: In function 'sensorMod__get_centerCurr':
../src/SensorMod.c:121:1: warning: control reaches end of non-void function [-Wreturn-type]
 float sensorMod__get_centerCurr(sensorMod* self){return ((float *)self->center_current._float32);}
 ^~~~~
../src/SensorMod.c: In function 'sensorMod__get_dt':
../src/SensorMod.c:122:1: warning: control reaches end of non-void function [-Wreturn-type]
 float sensorMod__get_dt(sensorMod* self){return (float *)self->dt._float32;};
 ^~~~~
../src/SensorMod.c: In function 'sensorMod__get_R':
../src/SensorMod.c:123:1: warning: control reaches end of non-void function [-Wreturn-type]
 float sensorMod__get_R(sensorMod* self){return (float *)self->R._float32;};
 ^~~~~
make: *** [src/SensorMod.o] Error 1
11:33:35 **** Auto Build of configuration Debug for project sensorMod_test ****
make all 
'Building file: ../src/SensorMod.c'
'Invoking: ARM v7 Linux gcc compiler'
arm-linux-gnueabihf-gcc -Wall -O0 -g3 -c -fmessage-length=0 -MT"src/SensorMod.o" -MMD -MP -MF"src/SensorMod.d" -MT"src/SensorMod.o" -o "src/SensorMod.o" "../src/SensorMod.c"
../src/SensorMod.c: In function 'sensorMod__isReady':
../src/SensorMod.c:71:39: warning: passing argument 1 of 'xil_uio__read32' from incompatible pointer type [-Wincompatible-pointer-types]
     uint32_t status = xil_uio__read32(self, STATUS_READ);
                                       ^~~~
In file included from ../src/SensorMod.h:6:0,
                 from ../src/SensorMod.c:1:
../src/xil_uio.h:27:10: note: expected 'xil_uio * {aka struct xil_uio_t *}' but argument is of type 'sensorMod * {aka struct sensorMod_struct *}'
 uint32_t xil_uio__read32(xil_uio* self, const uint32_t offset); // reads data from virtual mem address with offset
          ^~~~~~~~~~~~~~~
../src/SensorMod.c: In function 'sensorMod__set_centerCurr':
../src/SensorMod.c:89:35: warning: passing argument 3 of 'xil_uio__write32' makes integer from pointer without a cast [-Wint-conversion]
    OFFSET_CEN_CURR | OFFSET_CONF, (uint32_t *)self->center_current._uint32);
                                   ^
In file included from ../src/SensorMod.h:6:0,
                 from ../src/SensorMod.c:1:
../src/xil_uio.h:28:6: note: expected 'uint32_t {aka const unsigned int}' but argument is of type 'uint32_t * {aka unsigned int *}'
 void xil_uio__write32 (xil_uio* self, const uint32_t offset, const uint32_t writeval);
      ^~~~~~~~~~~~~~~~
../src/SensorMod.c: In function 'sensorMod__set_Kalman':
../src/SensorMod.c:95:29: warning: passing argument 3 of 'xil_uio__write32' makes integer from pointer without a cast [-Wint-conversion]
    OFFSET_DT | OFFSET_CONF, (uint32_t *)self->dt._uint32);
                             ^
In file included from ../src/SensorMod.h:6:0,
                 from ../src/SensorMod.c:1:
../src/xil_uio.h:28:6: note: expected 'uint32_t {aka const unsigned int}' but argument is of type 'uint32_t * {aka unsigned int *}'
 void xil_uio__write32 (xil_uio* self, const uint32_t offset, const uint32_t writeval);
      ^~~~~~~~~~~~~~~~
../src/SensorMod.c:98:28: warning: passing argument 3 of 'xil_uio__write32' makes integer from pointer without a cast [-Wint-conversion]
    OFFSET_R | OFFSET_CONF, (uint32_t *)self->R._uint32);
                            ^
In file included from ../src/SensorMod.h:6:0,
                 from ../src/SensorMod.c:1:
../src/xil_uio.h:28:6: note: expected 'uint32_t {aka const unsigned int}' but argument is of type 'uint32_t * {aka unsigned int *}'
 void xil_uio__write32 (xil_uio* self, const uint32_t offset, const uint32_t writeval);
      ^~~~~~~~~~~~~~~~
../src/SensorMod.c: In function 'sensorMod__get_centerCurr':
../src/SensorMod.c:121:57: error: incompatible types when returning type 'float *' but 'float' was expected
 float sensorMod__get_centerCurr(sensorMod* self){return (float *)self->center_current._float32;}
                                                         ^~~~~~~~~~~~~~~~~~~~~~~~~~~~~~~~~~~~~~
../src/SensorMod.c: In function 'sensorMod__get_dt':
../src/SensorMod.c:122:49: error: incompatible types when returning type 'float *' but 'float' was expected
 float sensorMod__get_dt(sensorMod* self){return (float *)self->dt._float32;};
                                                 ^~~~~~~~~~~~~~~~~~~~~~~~~~
../src/SensorMod.c: In function 'sensorMod__get_R':
../src/SensorMod.c:123:48: error: incompatible types when returning type 'float *' but 'float' was expected
 float sensorMod__get_R(sensorMod* self){return (float *)self->R._float32;};
                                                ^~~~~~~~~~~~~~~~~~~~~~~~~
../src/SensorMod.c: In function 'sensorMod__get_centerCurr':
../src/SensorMod.c:121:1: warning: control reaches end of non-void function [-Wreturn-type]
 float sensorMod__get_centerCurr(sensorMod* self){return (float *)self->center_current._float32;}
 ^~~~~
../src/SensorMod.c: In function 'sensorMod__get_dt':
../src/SensorMod.c:122:1: warning: control reaches end of non-void function [-Wreturn-type]
 float sensorMod__get_dt(sensorMod* self){return (float *)self->dt._float32;};
 ^~~~~
../src/SensorMod.c: In function 'sensorMod__get_R':
../src/SensorMod.c:123:1: warning: control reaches end of non-void function [-Wreturn-type]
 float sensorMod__get_R(sensorMod* self){return (float *)self->R._float32;};
 ^~~~~
make: *** [src/SensorMod.o] Error 1
11:34:12 **** Auto Build of configuration Debug for project sensorMod_test ****
make all 
'Building file: ../src/SensorMod.c'
'Invoking: ARM v7 Linux gcc compiler'
arm-linux-gnueabihf-gcc -Wall -O0 -g3 -c -fmessage-length=0 -MT"src/SensorMod.o" -MMD -MP -MF"src/SensorMod.d" -MT"src/SensorMod.o" -o "src/SensorMod.o" "../src/SensorMod.c"
../src/SensorMod.c: In function 'sensorMod__isReady':
../src/SensorMod.c:71:39: warning: passing argument 1 of 'xil_uio__read32' from incompatible pointer type [-Wincompatible-pointer-types]
     uint32_t status = xil_uio__read32(self, STATUS_READ);
                                       ^~~~
In file included from ../src/SensorMod.h:6:0,
                 from ../src/SensorMod.c:1:
../src/xil_uio.h:27:10: note: expected 'xil_uio * {aka struct xil_uio_t *}' but argument is of type 'sensorMod * {aka struct sensorMod_struct *}'
 uint32_t xil_uio__read32(xil_uio* self, const uint32_t offset); // reads data from virtual mem address with offset
          ^~~~~~~~~~~~~~~
../src/SensorMod.c: In function 'sensorMod__set_centerCurr':
../src/SensorMod.c:89:35: warning: passing argument 3 of 'xil_uio__write32' makes integer from pointer without a cast [-Wint-conversion]
    OFFSET_CEN_CURR | OFFSET_CONF, (uint32_t *)self->center_current._uint32);
                                   ^
In file included from ../src/SensorMod.h:6:0,
                 from ../src/SensorMod.c:1:
../src/xil_uio.h:28:6: note: expected 'uint32_t {aka const unsigned int}' but argument is of type 'uint32_t * {aka unsigned int *}'
 void xil_uio__write32 (xil_uio* self, const uint32_t offset, const uint32_t writeval);
      ^~~~~~~~~~~~~~~~
../src/SensorMod.c: In function 'sensorMod__set_Kalman':
../src/SensorMod.c:95:29: warning: passing argument 3 of 'xil_uio__write32' makes integer from pointer without a cast [-Wint-conversion]
    OFFSET_DT | OFFSET_CONF, (uint32_t *)self->dt._uint32);
                             ^
In file included from ../src/SensorMod.h:6:0,
                 from ../src/SensorMod.c:1:
../src/xil_uio.h:28:6: note: expected 'uint32_t {aka const unsigned int}' but argument is of type 'uint32_t * {aka unsigned int *}'
 void xil_uio__write32 (xil_uio* self, const uint32_t offset, const uint32_t writeval);
      ^~~~~~~~~~~~~~~~
../src/SensorMod.c:98:28: warning: passing argument 3 of 'xil_uio__write32' makes integer from pointer without a cast [-Wint-conversion]
    OFFSET_R | OFFSET_CONF, (uint32_t *)self->R._uint32);
                            ^
In file included from ../src/SensorMod.h:6:0,
                 from ../src/SensorMod.c:1:
../src/xil_uio.h:28:6: note: expected 'uint32_t {aka const unsigned int}' but argument is of type 'uint32_t * {aka unsigned int *}'
 void xil_uio__write32 (xil_uio* self, const uint32_t offset, const uint32_t writeval);
      ^~~~~~~~~~~~~~~~
../src/SensorMod.c: In function 'sensorMod__get_dt':
../src/SensorMod.c:122:49: error: incompatible types when returning type 'float *' but 'float' was expected
 float sensorMod__get_dt(sensorMod* self){return (float *)self->dt._float32;};
                                                 ^~~~~~~~~~~~~~~~~~~~~~~~~~
../src/SensorMod.c: In function 'sensorMod__get_R':
../src/SensorMod.c:123:48: error: incompatible types when returning type 'float *' but 'float' was expected
 float sensorMod__get_R(sensorMod* self){return (float *)self->R._float32;};
                                                ^~~~~~~~~~~~~~~~~~~~~~~~~
../src/SensorMod.c: In function 'sensorMod__get_dt':
../src/SensorMod.c:122:1: warning: control reaches end of non-void function [-Wreturn-type]
 float sensorMod__get_dt(sensorMod* self){return (float *)self->dt._float32;};
 ^~~~~
../src/SensorMod.c: In function 'sensorMod__get_R':
../src/SensorMod.c:123:1: warning: control reaches end of non-void function [-Wreturn-type]
 float sensorMod__get_R(sensorMod* self){return (float *)self->R._float32;};
 ^~~~~
make: *** [src/SensorMod.o] Error 1
11:34:27 **** Auto Build of configuration Debug for project sensorMod_test ****
make all 
'Building file: ../src/SensorMod.c'
'Invoking: ARM v7 Linux gcc compiler'
arm-linux-gnueabihf-gcc -Wall -O0 -g3 -c -fmessage-length=0 -MT"src/SensorMod.o" -MMD -MP -MF"src/SensorMod.d" -MT"src/SensorMod.o" -o "src/SensorMod.o" "../src/SensorMod.c"
../src/SensorMod.c: In function 'sensorMod__isReady':
../src/SensorMod.c:71:39: warning: passing argument 1 of 'xil_uio__read32' from incompatible pointer type [-Wincompatible-pointer-types]
     uint32_t status = xil_uio__read32(self, STATUS_READ);
                                       ^~~~
In file included from ../src/SensorMod.h:6:0,
                 from ../src/SensorMod.c:1:
../src/xil_uio.h:27:10: note: expected 'xil_uio * {aka struct xil_uio_t *}' but argument is of type 'sensorMod * {aka struct sensorMod_struct *}'
 uint32_t xil_uio__read32(xil_uio* self, const uint32_t offset); // reads data from virtual mem address with offset
          ^~~~~~~~~~~~~~~
../src/SensorMod.c: In function 'sensorMod__set_centerCurr':
../src/SensorMod.c:89:35: warning: passing argument 3 of 'xil_uio__write32' makes integer from pointer without a cast [-Wint-conversion]
    OFFSET_CEN_CURR | OFFSET_CONF, (uint32_t *)self->center_current._uint32);
                                   ^
In file included from ../src/SensorMod.h:6:0,
                 from ../src/SensorMod.c:1:
../src/xil_uio.h:28:6: note: expected 'uint32_t {aka const unsigned int}' but argument is of type 'uint32_t * {aka unsigned int *}'
 void xil_uio__write32 (xil_uio* self, const uint32_t offset, const uint32_t writeval);
      ^~~~~~~~~~~~~~~~
../src/SensorMod.c: In function 'sensorMod__set_Kalman':
../src/SensorMod.c:95:29: warning: passing argument 3 of 'xil_uio__write32' makes integer from pointer without a cast [-Wint-conversion]
    OFFSET_DT | OFFSET_CONF, (uint32_t *)self->dt._uint32);
                             ^
In file included from ../src/SensorMod.h:6:0,
                 from ../src/SensorMod.c:1:
../src/xil_uio.h:28:6: note: expected 'uint32_t {aka const unsigned int}' but argument is of type 'uint32_t * {aka unsigned int *}'
 void xil_uio__write32 (xil_uio* self, const uint32_t offset, const uint32_t writeval);
      ^~~~~~~~~~~~~~~~
../src/SensorMod.c:98:28: warning: passing argument 3 of 'xil_uio__write32' makes integer from pointer without a cast [-Wint-conversion]
    OFFSET_R | OFFSET_CONF, (uint32_t *)self->R._uint32);
                            ^
In file included from ../src/SensorMod.h:6:0,
                 from ../src/SensorMod.c:1:
../src/xil_uio.h:28:6: note: expected 'uint32_t {aka const unsigned int}' but argument is of type 'uint32_t * {aka unsigned int *}'
 void xil_uio__write32 (xil_uio* self, const uint32_t offset, const uint32_t writeval);
      ^~~~~~~~~~~~~~~~
'Finished building: ../src/SensorMod.c'
' '
'Building target: sensorMod_test.elf'
'Invoking: ARM v7 Linux gcc linker'
arm-linux-gnueabihf-gcc  -o "sensorMod_test.elf"  ./src/SensorMod.o ./src/sensorMod_test.o ./src/xil_uio.o   
'Finished building target: sensorMod_test.elf'
' '
'Invoking: ARM v7 Linux Print Size'
arm-linux-gnueabihf-size sensorMod_test.elf  |tee "sensorMod_test.elf.size"
   text	   data	    bss	    dec	    hex	filename
   3801	    320	      4	   4125	   101d	sensorMod_test.elf
'Finished building: sensorMod_test.elf.size'
' '
11:34:45 **** Auto Build of configuration Debug for project sensorMod_test ****
make all 
'Building file: ../src/SensorMod.c'
'Invoking: ARM v7 Linux gcc compiler'
arm-linux-gnueabihf-gcc -Wall -O0 -g3 -c -fmessage-length=0 -MT"src/SensorMod.o" -MMD -MP -MF"src/SensorMod.d" -MT"src/SensorMod.o" -o "src/SensorMod.o" "../src/SensorMod.c"
../src/SensorMod.c: In function 'sensorMod__isReady':
../src/SensorMod.c:71:39: warning: passing argument 1 of 'xil_uio__read32' from incompatible pointer type [-Wincompatible-pointer-types]
     uint32_t status = xil_uio__read32(self, STATUS_READ);
                                       ^~~~
In file included from ../src/SensorMod.h:6:0,
                 from ../src/SensorMod.c:1:
../src/xil_uio.h:27:10: note: expected 'xil_uio * {aka struct xil_uio_t *}' but argument is of type 'sensorMod * {aka struct sensorMod_struct *}'
 uint32_t xil_uio__read32(xil_uio* self, const uint32_t offset); // reads data from virtual mem address with offset
          ^~~~~~~~~~~~~~~
../src/SensorMod.c: In function 'sensorMod__set_centerCurr':
../src/SensorMod.c:89:35: warning: passing argument 3 of 'xil_uio__write32' makes integer from pointer without a cast [-Wint-conversion]
    OFFSET_CEN_CURR | OFFSET_CONF, (uint32_t *)self->center_current._uint32);
                                   ^
In file included from ../src/SensorMod.h:6:0,
                 from ../src/SensorMod.c:1:
../src/xil_uio.h:28:6: note: expected 'uint32_t {aka const unsigned int}' but argument is of type 'uint32_t * {aka unsigned int *}'
 void xil_uio__write32 (xil_uio* self, const uint32_t offset, const uint32_t writeval);
      ^~~~~~~~~~~~~~~~
../src/SensorMod.c: In function 'sensorMod__set_Kalman':
../src/SensorMod.c:95:29: warning: passing argument 3 of 'xil_uio__write32' makes integer from pointer without a cast [-Wint-conversion]
    OFFSET_DT | OFFSET_CONF, (uint32_t *)self->dt._uint32);
                             ^
In file included from ../src/SensorMod.h:6:0,
                 from ../src/SensorMod.c:1:
../src/xil_uio.h:28:6: note: expected 'uint32_t {aka const unsigned int}' but argument is of type 'uint32_t * {aka unsigned int *}'
 void xil_uio__write32 (xil_uio* self, const uint32_t offset, const uint32_t writeval);
      ^~~~~~~~~~~~~~~~
../src/SensorMod.c:98:28: warning: passing argument 3 of 'xil_uio__write32' makes integer from pointer without a cast [-Wint-conversion]
    OFFSET_R | OFFSET_CONF, (uint32_t *)self->R._uint32);
                            ^
In file included from ../src/SensorMod.h:6:0,
                 from ../src/SensorMod.c:1:
../src/xil_uio.h:28:6: note: expected 'uint32_t {aka const unsigned int}' but argument is of type 'uint32_t * {aka unsigned int *}'
 void xil_uio__write32 (xil_uio* self, const uint32_t offset, const uint32_t writeval);
      ^~~~~~~~~~~~~~~~
'Finished building: ../src/SensorMod.c'
' '
'Building target: sensorMod_test.elf'
'Invoking: ARM v7 Linux gcc linker'
arm-linux-gnueabihf-gcc  -o "sensorMod_test.elf"  ./src/SensorMod.o ./src/sensorMod_test.o ./src/xil_uio.o   
'Finished building target: sensorMod_test.elf'
' '
'Invoking: ARM v7 Linux Print Size'
arm-linux-gnueabihf-size sensorMod_test.elf  |tee "sensorMod_test.elf.size"
   text	   data	    bss	    dec	    hex	filename
   3801	    320	      4	   4125	   101d	sensorMod_test.elf
'Finished building: sensorMod_test.elf.size'
' '
11:35:25 **** Auto Build of configuration Debug for project sensorMod_test ****
make all 
'Building file: ../src/sensorMod_test.c'
'Invoking: ARM v7 Linux gcc compiler'
arm-linux-gnueabihf-gcc -Wall -O0 -g3 -c -fmessage-length=0 -MT"src/sensorMod_test.o" -MMD -MP -MF"src/sensorMod_test.d" -MT"src/sensorMod_test.o" -o "src/sensorMod_test.o" "../src/sensorMod_test.c"
'Finished building: ../src/sensorMod_test.c'
' '
'Building target: sensorMod_test.elf'
'Invoking: ARM v7 Linux gcc linker'
arm-linux-gnueabihf-gcc  -o "sensorMod_test.elf"  ./src/SensorMod.o ./src/sensorMod_test.o ./src/xil_uio.o   
'Finished building target: sensorMod_test.elf'
' '
'Invoking: ARM v7 Linux Print Size'
arm-linux-gnueabihf-size sensorMod_test.elf  |tee "sensorMod_test.elf.size"
   text	   data	    bss	    dec	    hex	filename
   3809	    320	      4	   4133	   1025	sensorMod_test.elf
'Finished building: sensorMod_test.elf.size'
' '
11:35:28 **** Incremental Build of configuration Debug for project sensorMod_test ****
make all 
make: Nothing to be done for `all'.
11:36:00 **** Incremental Build of configuration Debug for project sensorMod_test ****
make all 
'Building file: ../src/sensorMod_test.c'
'Invoking: ARM v7 Linux gcc compiler'
arm-linux-gnueabihf-gcc -Wall -O0 -g3 -c -fmessage-length=0 -MT"src/sensorMod_test.o" -MMD -MP -MF"src/sensorMod_test.d" -MT"src/sensorMod_test.o" -o "src/sensorMod_test.o" "../src/sensorMod_test.c"
'Finished building: ../src/sensorMod_test.c'
' '
'Building target: sensorMod_test.elf'
'Invoking: ARM v7 Linux gcc linker'
arm-linux-gnueabihf-gcc  -o "sensorMod_test.elf"  ./src/SensorMod.o ./src/sensorMod_test.o ./src/xil_uio.o   
'Finished building target: sensorMod_test.elf'
' '
'Invoking: ARM v7 Linux Print Size'
arm-linux-gnueabihf-size sensorMod_test.elf  |tee "sensorMod_test.elf.size"
   text	   data	    bss	    dec	    hex	filename
   3817	    320	      4	   4141	   102d	sensorMod_test.elf
'Finished building: sensorMod_test.elf.size'
' '
11:36:17 **** Auto Build of configuration Debug for project sensorMod_test ****
make all 
'Building file: ../src/sensorMod_test.c'
'Invoking: ARM v7 Linux gcc compiler'
arm-linux-gnueabihf-gcc -Wall -O0 -g3 -c -fmessage-length=0 -MT"src/sensorMod_test.o" -MMD -MP -MF"src/sensorMod_test.d" -MT"src/sensorMod_test.o" -o "src/sensorMod_test.o" "../src/sensorMod_test.c"
../src/sensorMod_test.c: In function 'main':
../src/sensorMod_test.c:47:16: warning: variable 'sensor_handler' set but not used [-Wunused-but-set-variable]
     sensorMod *sensor_handler;
                ^~~~~~~~~~~~~~
'Finished building: ../src/sensorMod_test.c'
' '
'Building target: sensorMod_test.elf'
'Invoking: ARM v7 Linux gcc linker'
arm-linux-gnueabihf-gcc  -o "sensorMod_test.elf"  ./src/SensorMod.o ./src/sensorMod_test.o ./src/xil_uio.o   
'Finished building target: sensorMod_test.elf'
' '
'Invoking: ARM v7 Linux Print Size'
arm-linux-gnueabihf-size sensorMod_test.elf  |tee "sensorMod_test.elf.size"
   text	   data	    bss	    dec	    hex	filename
   3809	    320	      4	   4133	   1025	sensorMod_test.elf
'Finished building: sensorMod_test.elf.size'
' '
11:36:21 **** Incremental Build of configuration Debug for project sensorMod_test ****
make all 
make: Nothing to be done for `all'.
11:40:14 **** Incremental Build of configuration Debug for project sensorMod_test ****
make all 
make: Nothing to be done for `all'.
11:44:06 **** Auto Build of configuration Debug for project sensorMod_test ****
make all 
'Building file: ../src/sensorMod_test.c'
'Invoking: ARM v7 Linux gcc compiler'
arm-linux-gnueabihf-gcc -Wall -O0 -g3 -c -fmessage-length=0 -MT"src/sensorMod_test.o" -MMD -MP -MF"src/sensorMod_test.d" -MT"src/sensorMod_test.o" -o "src/sensorMod_test.o" "../src/sensorMod_test.c"
'Finished building: ../src/sensorMod_test.c'
' '
'Building target: sensorMod_test.elf'
'Invoking: ARM v7 Linux gcc linker'
arm-linux-gnueabihf-gcc  -o "sensorMod_test.elf"  ./src/SensorMod.o ./src/sensorMod_test.o ./src/xil_uio.o   
'Finished building target: sensorMod_test.elf'
' '
'Invoking: ARM v7 Linux Print Size'
arm-linux-gnueabihf-size sensorMod_test.elf  |tee "sensorMod_test.elf.size"
   text	   data	    bss	    dec	    hex	filename
   3817	    320	      4	   4141	   102d	sensorMod_test.elf
'Finished building: sensorMod_test.elf.size'
' '
11:44:12 **** Incremental Build of configuration Debug for project sensorMod_test ****
make all 
make: Nothing to be done for `all'.
11:44:44 **** Incremental Build of configuration Debug for project sensorMod_test ****
make all 
'Building file: ../src/sensorMod_test.c'
'Invoking: ARM v7 Linux gcc compiler'
arm-linux-gnueabihf-gcc -Wall -O0 -g3 -c -fmessage-length=0 -MT"src/sensorMod_test.o" -MMD -MP -MF"src/sensorMod_test.d" -MT"src/sensorMod_test.o" -o "src/sensorMod_test.o" "../src/sensorMod_test.c"
../src/sensorMod_test.c: In function 'main':
../src/sensorMod_test.c:51:8: error: incompatible types when assigning to type 'float *' from type 'float'
     dt = *sensor_handler->dt._float32;
        ^
make: *** [src/sensorMod_test.o] Error 1
11:47:54 **** Auto Build of configuration Debug for project sensorMod_test ****
make all 
'Building file: ../src/sensorMod_test.c'
'Invoking: ARM v7 Linux gcc compiler'
arm-linux-gnueabihf-gcc -Wall -O0 -g3 -c -fmessage-length=0 -MT"src/sensorMod_test.o" -MMD -MP -MF"src/sensorMod_test.d" -MT"src/sensorMod_test.o" -o "src/sensorMod_test.o" "../src/sensorMod_test.c"
../src/sensorMod_test.c: In function 'main':
../src/sensorMod_test.c:51:8: error: incompatible types when assigning to type 'float' from type 'float *'
     dt = sensor_handler->dt._float32;
        ^
../src/sensorMod_test.c:52:28: error: invalid type argument of unary '*' (have 'float')
     printf("\n dt = %.2f", *dt);
                            ^~~
make: *** [src/sensorMod_test.o] Error 1
11:47:58 **** Auto Build of configuration Debug for project sensorMod_test ****
make all 
'Building file: ../src/sensorMod_test.c'
'Invoking: ARM v7 Linux gcc compiler'
arm-linux-gnueabihf-gcc -Wall -O0 -g3 -c -fmessage-length=0 -MT"src/sensorMod_test.o" -MMD -MP -MF"src/sensorMod_test.d" -MT"src/sensorMod_test.o" -o "src/sensorMod_test.o" "../src/sensorMod_test.c"
../src/sensorMod_test.c: In function 'main':
../src/sensorMod_test.c:52:28: error: invalid type argument of unary '*' (have 'float')
     printf("\n dt = %.2f", *dt);
                            ^~~
make: *** [src/sensorMod_test.o] Error 1
11:48:04 **** Auto Build of configuration Debug for project sensorMod_test ****
make all 
'Building file: ../src/sensorMod_test.c'
'Invoking: ARM v7 Linux gcc compiler'
arm-linux-gnueabihf-gcc -Wall -O0 -g3 -c -fmessage-length=0 -MT"src/sensorMod_test.o" -MMD -MP -MF"src/sensorMod_test.d" -MT"src/sensorMod_test.o" -o "src/sensorMod_test.o" "../src/sensorMod_test.c"
'Finished building: ../src/sensorMod_test.c'
' '
'Building target: sensorMod_test.elf'
'Invoking: ARM v7 Linux gcc linker'
arm-linux-gnueabihf-gcc  -o "sensorMod_test.elf"  ./src/SensorMod.o ./src/sensorMod_test.o ./src/xil_uio.o   
'Finished building target: sensorMod_test.elf'
' '
'Invoking: ARM v7 Linux Print Size'
arm-linux-gnueabihf-size sensorMod_test.elf  |tee "sensorMod_test.elf.size"
   text	   data	    bss	    dec	    hex	filename
   3817	    320	      4	   4141	   102d	sensorMod_test.elf
'Finished building: sensorMod_test.elf.size'
' '
11:48:11 **** Incremental Build of configuration Debug for project sensorMod_test ****
make all 
make: Nothing to be done for `all'.
11:48:34 **** Auto Build of configuration Debug for project sensorMod_test ****
make all 
'Building file: ../src/sensorMod_test.c'
'Invoking: ARM v7 Linux gcc compiler'
arm-linux-gnueabihf-gcc -Wall -O0 -g3 -c -fmessage-length=0 -MT"src/sensorMod_test.o" -MMD -MP -MF"src/sensorMod_test.d" -MT"src/sensorMod_test.o" -o "src/sensorMod_test.o" "../src/sensorMod_test.c"
'Finished building: ../src/sensorMod_test.c'
' '
'Building target: sensorMod_test.elf'
'Invoking: ARM v7 Linux gcc linker'
arm-linux-gnueabihf-gcc  -o "sensorMod_test.elf"  ./src/SensorMod.o ./src/sensorMod_test.o ./src/xil_uio.o   
'Finished building target: sensorMod_test.elf'
' '
'Invoking: ARM v7 Linux Print Size'
arm-linux-gnueabihf-size sensorMod_test.elf  |tee "sensorMod_test.elf.size"
   text	   data	    bss	    dec	    hex	filename
   3817	    320	      4	   4141	   102d	sensorMod_test.elf
'Finished building: sensorMod_test.elf.size'
' '
11:48:38 **** Incremental Build of configuration Debug for project sensorMod_test ****
make all 
make: Nothing to be done for `all'.
11:49:04 **** Auto Build of configuration Debug for project sensorMod_test ****
make all 
'Building file: ../src/SensorMod.c'
'Invoking: ARM v7 Linux gcc compiler'
arm-linux-gnueabihf-gcc -Wall -O0 -g3 -c -fmessage-length=0 -MT"src/SensorMod.o" -MMD -MP -MF"src/SensorMod.d" -MT"src/SensorMod.o" -o "src/SensorMod.o" "../src/SensorMod.c"
In file included from ../src/SensorMod.c:1:0:
../src/SensorMod.h:73:2: warning: "/*" within comment [-Wcomment]
 //***********************************************  Configuration Functions
   
../src/SensorMod.h:78:2: warning: "/*" within comment [-Wcomment]
 //***********************************************  Variable Functions
   
../src/SensorMod.c: In function 'sensorMod__isReady':
../src/SensorMod.c:71:39: warning: passing argument 1 of 'xil_uio__read32' from incompatible pointer type [-Wincompatible-pointer-types]
     uint32_t status = xil_uio__read32(self, STATUS_READ);
                                       ^~~~
In file included from ../src/SensorMod.h:6:0,
                 from ../src/SensorMod.c:1:
../src/xil_uio.h:27:10: note: expected 'xil_uio * {aka struct xil_uio_t *}' but argument is of type 'sensorMod * {aka struct sensorMod_struct *}'
 uint32_t xil_uio__read32(xil_uio* self, const uint32_t offset); // reads data from virtual mem address with offset
          ^~~~~~~~~~~~~~~
../src/SensorMod.c: In function 'sensorMod__set_centerCurr':
../src/SensorMod.c:89:35: warning: passing argument 3 of 'xil_uio__write32' makes integer from pointer without a cast [-Wint-conversion]
    OFFSET_CEN_CURR | OFFSET_CONF, (uint32_t *)self->center_current._uint32);
                                   ^
In file included from ../src/SensorMod.h:6:0,
                 from ../src/SensorMod.c:1:
../src/xil_uio.h:28:6: note: expected 'uint32_t {aka const unsigned int}' but argument is of type 'uint32_t * {aka unsigned int *}'
 void xil_uio__write32 (xil_uio* self, const uint32_t offset, const uint32_t writeval);
      ^~~~~~~~~~~~~~~~
../src/SensorMod.c: In function 'sensorMod__set_Kalman':
../src/SensorMod.c:95:29: warning: passing argument 3 of 'xil_uio__write32' makes integer from pointer without a cast [-Wint-conversion]
    OFFSET_DT | OFFSET_CONF, (uint32_t *)self->dt._uint32);
                             ^
In file included from ../src/SensorMod.h:6:0,
                 from ../src/SensorMod.c:1:
../src/xil_uio.h:28:6: note: expected 'uint32_t {aka const unsigned int}' but argument is of type 'uint32_t * {aka unsigned int *}'
 void xil_uio__write32 (xil_uio* self, const uint32_t offset, const uint32_t writeval);
      ^~~~~~~~~~~~~~~~
../src/SensorMod.c:98:28: warning: passing argument 3 of 'xil_uio__write32' makes integer from pointer without a cast [-Wint-conversion]
    OFFSET_R | OFFSET_CONF, (uint32_t *)self->R._uint32);
                            ^
In file included from ../src/SensorMod.h:6:0,
                 from ../src/SensorMod.c:1:
../src/xil_uio.h:28:6: note: expected 'uint32_t {aka const unsigned int}' but argument is of type 'uint32_t * {aka unsigned int *}'
 void xil_uio__write32 (xil_uio* self, const uint32_t offset, const uint32_t writeval);
      ^~~~~~~~~~~~~~~~
'Finished building: ../src/SensorMod.c'
' '
'Building file: ../src/sensorMod_test.c'
'Invoking: ARM v7 Linux gcc compiler'
arm-linux-gnueabihf-gcc -Wall -O0 -g3 -c -fmessage-length=0 -MT"src/sensorMod_test.o" -MMD -MP -MF"src/sensorMod_test.d" -MT"src/sensorMod_test.o" -o "src/sensorMod_test.o" "../src/sensorMod_test.c"
In file included from ../src/sensorMod_test.c:9:0:
../src/SensorMod.h:73:2: warning: "/*" within comment [-Wcomment]
 //***********************************************  Configuration Functions
   
../src/SensorMod.h:78:2: warning: "/*" within comment [-Wcomment]
 //***********************************************  Variable Functions
   
'Finished building: ../src/sensorMod_test.c'
' '
'Building target: sensorMod_test.elf'
'Invoking: ARM v7 Linux gcc linker'
arm-linux-gnueabihf-gcc  -o "sensorMod_test.elf"  ./src/SensorMod.o ./src/sensorMod_test.o ./src/xil_uio.o   
'Finished building target: sensorMod_test.elf'
' '
'Invoking: ARM v7 Linux Print Size'
arm-linux-gnueabihf-size sensorMod_test.elf  |tee "sensorMod_test.elf.size"
   text	   data	    bss	    dec	    hex	filename
   3817	    320	      4	   4141	   102d	sensorMod_test.elf
'Finished building: sensorMod_test.elf.size'
' '
11:49:42 **** Auto Build of configuration Debug for project sensorMod_test ****
make all 
'Building file: ../src/SensorMod.c'
'Invoking: ARM v7 Linux gcc compiler'
arm-linux-gnueabihf-gcc -Wall -O0 -g3 -c -fmessage-length=0 -MT"src/SensorMod.o" -MMD -MP -MF"src/SensorMod.d" -MT"src/SensorMod.o" -o "src/SensorMod.o" "../src/SensorMod.c"
In file included from ../src/SensorMod.c:1:0:
../src/SensorMod.h:64:2: warning: "/*" within comment [-Wcomment]
 //***********************************************  Calculating Functions
   
../src/SensorMod.h:73:2: warning: "/*" within comment [-Wcomment]
 //***********************************************  Configuration Functions
   
../src/SensorMod.h:78:2: warning: "/*" within comment [-Wcomment]
 //***********************************************  Variable Functions
   
../src/SensorMod.c: In function 'sensorMod__isReady':
../src/SensorMod.c:71:39: warning: passing argument 1 of 'xil_uio__read32' from incompatible pointer type [-Wincompatible-pointer-types]
     uint32_t status = xil_uio__read32(self, STATUS_READ);
                                       ^~~~
In file included from ../src/SensorMod.h:6:0,
                 from ../src/SensorMod.c:1:
../src/xil_uio.h:27:10: note: expected 'xil_uio * {aka struct xil_uio_t *}' but argument is of type 'sensorMod * {aka struct sensorMod_struct *}'
 uint32_t xil_uio__read32(xil_uio* self, const uint32_t offset); // reads data from virtual mem address with offset
          ^~~~~~~~~~~~~~~
../src/SensorMod.c: In function 'sensorMod__set_centerCurr':
../src/SensorMod.c:89:35: warning: passing argument 3 of 'xil_uio__write32' makes integer from pointer without a cast [-Wint-conversion]
    OFFSET_CEN_CURR | OFFSET_CONF, (uint32_t *)self->center_current._uint32);
                                   ^
In file included from ../src/SensorMod.h:6:0,
                 from ../src/SensorMod.c:1:
../src/xil_uio.h:28:6: note: expected 'uint32_t {aka const unsigned int}' but argument is of type 'uint32_t * {aka unsigned int *}'
 void xil_uio__write32 (xil_uio* self, const uint32_t offset, const uint32_t writeval);
      ^~~~~~~~~~~~~~~~
../src/SensorMod.c: In function 'sensorMod__set_Kalman':
../src/SensorMod.c:95:29: warning: passing argument 3 of 'xil_uio__write32' makes integer from pointer without a cast [-Wint-conversion]
    OFFSET_DT | OFFSET_CONF, (uint32_t *)self->dt._uint32);
                             ^
In file included from ../src/SensorMod.h:6:0,
                 from ../src/SensorMod.c:1:
../src/xil_uio.h:28:6: note: expected 'uint32_t {aka const unsigned int}' but argument is of type 'uint32_t * {aka unsigned int *}'
 void xil_uio__write32 (xil_uio* self, const uint32_t offset, const uint32_t writeval);
      ^~~~~~~~~~~~~~~~
../src/SensorMod.c:98:28: warning: passing argument 3 of 'xil_uio__write32' makes integer from pointer without a cast [-Wint-conversion]
    OFFSET_R | OFFSET_CONF, (uint32_t *)self->R._uint32);
                            ^
In file included from ../src/SensorMod.h:6:0,
                 from ../src/SensorMod.c:1:
../src/xil_uio.h:28:6: note: expected 'uint32_t {aka const unsigned int}' but argument is of type 'uint32_t * {aka unsigned int *}'
 void xil_uio__write32 (xil_uio* self, const uint32_t offset, const uint32_t writeval);
      ^~~~~~~~~~~~~~~~
'Finished building: ../src/SensorMod.c'
' '
'Building file: ../src/sensorMod_test.c'
'Invoking: ARM v7 Linux gcc compiler'
arm-linux-gnueabihf-gcc -Wall -O0 -g3 -c -fmessage-length=0 -MT"src/sensorMod_test.o" -MMD -MP -MF"src/sensorMod_test.d" -MT"src/sensorMod_test.o" -o "src/sensorMod_test.o" "../src/sensorMod_test.c"
In file included from ../src/sensorMod_test.c:9:0:
../src/SensorMod.h:64:2: warning: "/*" within comment [-Wcomment]
 //***********************************************  Calculating Functions
   
../src/SensorMod.h:73:2: warning: "/*" within comment [-Wcomment]
 //***********************************************  Configuration Functions
   
../src/SensorMod.h:78:2: warning: "/*" within comment [-Wcomment]
 //***********************************************  Variable Functions
   
'Finished building: ../src/sensorMod_test.c'
' '
'Building target: sensorMod_test.elf'
'Invoking: ARM v7 Linux gcc linker'
arm-linux-gnueabihf-gcc  -o "sensorMod_test.elf"  ./src/SensorMod.o ./src/sensorMod_test.o ./src/xil_uio.o   
'Finished building target: sensorMod_test.elf'
' '
'Invoking: ARM v7 Linux Print Size'
arm-linux-gnueabihf-size sensorMod_test.elf  |tee "sensorMod_test.elf.size"
   text	   data	    bss	    dec	    hex	filename
   3817	    320	      4	   4141	   102d	sensorMod_test.elf
'Finished building: sensorMod_test.elf.size'
' '
11:50:09 **** Auto Build of configuration Debug for project sensorMod_test ****
make all 
'Building file: ../src/SensorMod.c'
'Invoking: ARM v7 Linux gcc compiler'
arm-linux-gnueabihf-gcc -Wall -O0 -g3 -c -fmessage-length=0 -MT"src/SensorMod.o" -MMD -MP -MF"src/SensorMod.d" -MT"src/SensorMod.o" -o "src/SensorMod.o" "../src/SensorMod.c"
In file included from ../src/SensorMod.c:1:0:
../src/SensorMod.h:64:2: warning: "/*" within comment [-Wcomment]
 //***********************************************  Calculating Functions
   
../src/SensorMod.h:73:2: warning: "/*" within comment [-Wcomment]
 //***********************************************  Configuration Functions
   
../src/SensorMod.h:78:2: warning: "/*" within comment [-Wcomment]
 //***********************************************  Variable Functions
   
../src/SensorMod.c:51:2: warning: "/*" within comment [-Wcomment]
 //***********************************************  Calculating Functions
   
../src/SensorMod.c:88:2: warning: "/*" within comment [-Wcomment]
 //***********************************************  Configuration Functions
   
../src/SensorMod.c:123:2: warning: "/*" within comment [-Wcomment]
 //***********************************************  Variable Functions
   
'Finished building: ../src/SensorMod.c'
' '
'Building target: sensorMod_test.elf'
'Invoking: ARM v7 Linux gcc linker'
arm-linux-gnueabihf-gcc  -o "sensorMod_test.elf"  ./src/SensorMod.o ./src/sensorMod_test.o ./src/xil_uio.o   
'Finished building target: sensorMod_test.elf'
' '
'Invoking: ARM v7 Linux Print Size'
arm-linux-gnueabihf-size sensorMod_test.elf  |tee "sensorMod_test.elf.size"
   text	   data	    bss	    dec	    hex	filename
   2537	    320	      4	   2861	    b2d	sensorMod_test.elf
'Finished building: sensorMod_test.elf.size'
' '
11:52:07 **** Auto Build of configuration Debug for project sensorMod_test ****
make all 
'Building file: ../src/SensorMod.c'
'Invoking: ARM v7 Linux gcc compiler'
arm-linux-gnueabihf-gcc -Wall -O0 -g3 -c -fmessage-length=0 -MT"src/SensorMod.o" -MMD -MP -MF"src/SensorMod.d" -MT"src/SensorMod.o" -o "src/SensorMod.o" "../src/SensorMod.c"
In file included from ../src/SensorMod.c:1:0:
../src/SensorMod.h:65:2: warning: "/*" within comment [-Wcomment]
 //***********************************************  Calculating Functions
   
../src/SensorMod.h:74:2: warning: "/*" within comment [-Wcomment]
 //***********************************************  Configuration Functions
   
../src/SensorMod.h:79:2: warning: "/*" within comment [-Wcomment]
 //***********************************************  Variable Functions
   
../src/SensorMod.c:51:2: warning: "/*" within comment [-Wcomment]
 //***********************************************  Calculating Functions
   
../src/SensorMod.c:88:2: warning: "/*" within comment [-Wcomment]
 //***********************************************  Configuration Functions
   
../src/SensorMod.c:123:2: warning: "/*" within comment [-Wcomment]
 //***********************************************  Variable Functions
   
'Finished building: ../src/SensorMod.c'
' '
'Building file: ../src/sensorMod_test.c'
'Invoking: ARM v7 Linux gcc compiler'
arm-linux-gnueabihf-gcc -Wall -O0 -g3 -c -fmessage-length=0 -MT"src/sensorMod_test.o" -MMD -MP -MF"src/sensorMod_test.d" -MT"src/sensorMod_test.o" -o "src/sensorMod_test.o" "../src/sensorMod_test.c"
In file included from ../src/sensorMod_test.c:9:0:
../src/SensorMod.h:65:2: warning: "/*" within comment [-Wcomment]
 //***********************************************  Calculating Functions
   
../src/SensorMod.h:74:2: warning: "/*" within comment [-Wcomment]
 //***********************************************  Configuration Functions
   
../src/SensorMod.h:79:2: warning: "/*" within comment [-Wcomment]
 //***********************************************  Variable Functions
   
'Finished building: ../src/sensorMod_test.c'
' '
[...]
In file included from ../src/sensorMod_test.c:9:0:
../src/SensorMod.h:81:2: warning: "/*" within comment [-Wcomment]
 //***********************************************  Calculating Functions
   
../src/SensorMod.h:90:2: warning: "/*" within comment [-Wcomment]
 //***********************************************  Configuration Functions
   
../src/SensorMod.h:95:2: warning: "/*" within comment [-Wcomment]
 //***********************************************  Variable Functions
   
../src/sensorMod_test.c: In function 'main':
../src/sensorMod_test.c:50:11: warning: variable 'center_current' set but not used [-Wunused-but-set-variable]
     float center_current = 100;
           ^~~~~~~~~~~~~~
'Finished building: ../src/sensorMod_test.c'
' '
'Building target: sensorMod_test.elf'
'Invoking: ARM v7 Linux gcc linker'
arm-linux-gnueabihf-gcc  -o "sensorMod_test.elf"  ./src/SensorMod.o ./src/sensorMod_test.o ./src/xil_uio.o   
'Finished building target: sensorMod_test.elf'
' '
'Invoking: ARM v7 Linux Print Size'
arm-linux-gnueabihf-size sensorMod_test.elf  |tee "sensorMod_test.elf.size"
   text	   data	    bss	    dec	    hex	filename
   2561	    320	      4	   2885	    b45	sensorMod_test.elf
'Finished building: sensorMod_test.elf.size'
' '
20:12:10 **** Incremental Build of configuration Debug for project sensorMod_test ****
make all 
'Building file: ../src/sensorMod_test.c'
'Invoking: ARM v7 Linux gcc compiler'
arm-linux-gnueabihf-gcc -Wall -O0 -g3 -c -fmessage-length=0 -MT"src/sensorMod_test.o" -MMD -MP -MF"src/sensorMod_test.d" -MT"src/sensorMod_test.o" -o "src/sensorMod_test.o" "../src/sensorMod_test.c"
In file included from ../src/sensorMod_test.c:9:0:
../src/SensorMod.h:81:2: warning: "/*" within comment [-Wcomment]
 //***********************************************  Calculating Functions
   
../src/SensorMod.h:90:2: warning: "/*" within comment [-Wcomment]
 //***********************************************  Configuration Functions
   
../src/SensorMod.h:95:2: warning: "/*" within comment [-Wcomment]
 //***********************************************  Variable Functions
   
../src/sensorMod_test.c: In function 'main':
../src/sensorMod_test.c:50:11: warning: variable 'center_current' set but not used [-Wunused-but-set-variable]
     float center_current = 100;
           ^~~~~~~~~~~~~~
'Finished building: ../src/sensorMod_test.c'
' '
'Building target: sensorMod_test.elf'
'Invoking: ARM v7 Linux gcc linker'
arm-linux-gnueabihf-gcc  -o "sensorMod_test.elf"  ./src/SensorMod.o ./src/sensorMod_test.o ./src/xil_uio.o   
'Finished building target: sensorMod_test.elf'
' '
'Invoking: ARM v7 Linux Print Size'
arm-linux-gnueabihf-size sensorMod_test.elf  |tee "sensorMod_test.elf.size"
   text	   data	    bss	    dec	    hex	filename
   2561	    320	      4	   2885	    b45	sensorMod_test.elf
'Finished building: sensorMod_test.elf.size'
' '
20:24:27 **** Auto Build of configuration Debug for project sensorMod_test ****
make all 
'Building file: ../src/sensorMod_test.c'
'Invoking: ARM v7 Linux gcc compiler'
arm-linux-gnueabihf-gcc -Wall -O0 -g3 -c -fmessage-length=0 -MT"src/sensorMod_test.o" -MMD -MP -MF"src/sensorMod_test.d" -MT"src/sensorMod_test.o" -o "src/sensorMod_test.o" "../src/sensorMod_test.c"
In file included from ../src/sensorMod_test.c:9:0:
../src/SensorMod.h:81:2: warning: "/*" within comment [-Wcomment]
 //***********************************************  Calculating Functions
   
../src/SensorMod.h:90:2: warning: "/*" within comment [-Wcomment]
 //***********************************************  Configuration Functions
   
../src/SensorMod.h:95:2: warning: "/*" within comment [-Wcomment]
 //***********************************************  Variable Functions
   
../src/sensorMod_test.c: In function 'main':
../src/sensorMod_test.c:50:5: error: 'sensor_handler' undeclared (first use in this function); did you mean 'gpioSw_handler'?
     sensor_handler = xil_uio__create(uio_sensorMod, XIL_SIZE);
     ^~~~~~~~~~~~~~
     gpioSw_handler
../src/sensorMod_test.c:50:5: note: each undeclared identifier is reported only once for each function it appears in
../src/sensorMod_test.c:52:5: error: 'center_current' undeclared (first use in this function)
     center_current = sensor_handler->center_current._float32;
     ^~~~~~~~~~~~~~
make: *** [src/sensorMod_test.o] Error 1
20:24:36 **** Auto Build of configuration Debug for project sensorMod_test ****
make all 
'Building file: ../src/sensorMod_test.c'
'Invoking: ARM v7 Linux gcc compiler'
arm-linux-gnueabihf-gcc -Wall -O0 -g3 -c -fmessage-length=0 -MT"src/sensorMod_test.o" -MMD -MP -MF"src/sensorMod_test.d" -MT"src/sensorMod_test.o" -o "src/sensorMod_test.o" "../src/sensorMod_test.c"
In file included from ../src/sensorMod_test.c:9:0:
../src/SensorMod.h:81:2: warning: "/*" within comment [-Wcomment]
 //***********************************************  Calculating Functions
   
../src/SensorMod.h:90:2: warning: "/*" within comment [-Wcomment]
 //***********************************************  Configuration Functions
   
../src/SensorMod.h:95:2: warning: "/*" within comment [-Wcomment]
 //***********************************************  Variable Functions
   
../src/sensorMod_test.c: In function 'main':
../src/sensorMod_test.c:52:5: error: 'center_current' undeclared (first use in this function)
     center_current = sensor_handler->center_current._float32;
     ^~~~~~~~~~~~~~
../src/sensorMod_test.c:52:5: note: each undeclared identifier is reported only once for each function it appears in
../src/sensorMod_test.c:52:36: error: 'xil_uio {aka struct xil_uio_t}' has no member named 'center_current'
     center_current = sensor_handler->center_current._float32;
                                    ^~
make: *** [src/sensorMod_test.o] Error 1
20:24:52 **** Auto Build of configuration Debug for project sensorMod_test ****
make all 
'Building file: ../src/sensorMod_test.c'
'Invoking: ARM v7 Linux gcc compiler'
arm-linux-gnueabihf-gcc -Wall -O0 -g3 -c -fmessage-length=0 -MT"src/sensorMod_test.o" -MMD -MP -MF"src/sensorMod_test.d" -MT"src/sensorMod_test.o" -o "src/sensorMod_test.o" "../src/sensorMod_test.c"
In file included from ../src/sensorMod_test.c:9:0:
../src/SensorMod.h:81:2: warning: "/*" within comment [-Wcomment]
 //***********************************************  Calculating Functions
   
../src/SensorMod.h:90:2: warning: "/*" within comment [-Wcomment]
 //***********************************************  Configuration Functions
   
../src/SensorMod.h:95:2: warning: "/*" within comment [-Wcomment]
 //***********************************************  Variable Functions
   
../src/sensorMod_test.c: In function 'main':
../src/sensorMod_test.c:53:5: error: 'center_current' undeclared (first use in this function)
     center_current = sensor_handler->center_current._float32;
     ^~~~~~~~~~~~~~
../src/sensorMod_test.c:53:5: note: each undeclared identifier is reported only once for each function it appears in
../src/sensorMod_test.c:53:36: error: 'xil_uio {aka struct xil_uio_t}' has no member named 'center_current'
     center_current = sensor_handler->center_current._float32;
                                    ^~
make: *** [src/sensorMod_test.o] Error 1
20:25:03 **** Auto Build of configuration Debug for project sensorMod_test ****
make all 
'Building file: ../src/sensorMod_test.c'
'Invoking: ARM v7 Linux gcc compiler'
arm-linux-gnueabihf-gcc -Wall -O0 -g3 -c -fmessage-length=0 -MT"src/sensorMod_test.o" -MMD -MP -MF"src/sensorMod_test.d" -MT"src/sensorMod_test.o" -o "src/sensorMod_test.o" "../src/sensorMod_test.c"
In file included from ../src/sensorMod_test.c:9:0:
../src/SensorMod.h:81:2: warning: "/*" within comment [-Wcomment]
 //***********************************************  Calculating Functions
   
../src/SensorMod.h:90:2: warning: "/*" within comment [-Wcomment]
 //***********************************************  Configuration Functions
   
../src/SensorMod.h:95:2: warning: "/*" within comment [-Wcomment]
 //***********************************************  Variable Functions
   
'Finished building: ../src/sensorMod_test.c'
' '
'Building target: sensorMod_test.elf'
'Invoking: ARM v7 Linux gcc linker'
arm-linux-gnueabihf-gcc  -o "sensorMod_test.elf"  ./src/SensorMod.o ./src/sensorMod_test.o ./src/xil_uio.o   
'Finished building target: sensorMod_test.elf'
' '
'Invoking: ARM v7 Linux Print Size'
arm-linux-gnueabihf-size sensorMod_test.elf  |tee "sensorMod_test.elf.size"
   text	   data	    bss	    dec	    hex	filename
   2529	    320	      4	   2853	    b25	sensorMod_test.elf
'Finished building: sensorMod_test.elf.size'
' '
20:25:08 **** Incremental Build of configuration Debug for project sensorMod_test ****
make all 
make: Nothing to be done for `all'.
20:26:54 **** Incremental Build of configuration Debug for project sensorMod_test ****
make all 
'Building file: ../src/sensorMod_test.c'
'Invoking: ARM v7 Linux gcc compiler'
arm-linux-gnueabihf-gcc -Wall -O0 -g3 -c -fmessage-length=0 -MT"src/sensorMod_test.o" -MMD -MP -MF"src/sensorMod_test.d" -MT"src/sensorMod_test.o" -o "src/sensorMod_test.o" "../src/sensorMod_test.c"
In file included from ../src/sensorMod_test.c:9:0:
../src/SensorMod.h:81:2: warning: "/*" within comment [-Wcomment]
 //***********************************************  Calculating Functions
   
../src/SensorMod.h:90:2: warning: "/*" within comment [-Wcomment]
 //***********************************************  Configuration Functions
   
../src/SensorMod.h:95:2: warning: "/*" within comment [-Wcomment]
 //***********************************************  Variable Functions
   
'Finished building: ../src/sensorMod_test.c'
' '
'Building target: sensorMod_test.elf'
'Invoking: ARM v7 Linux gcc linker'
arm-linux-gnueabihf-gcc  -o "sensorMod_test.elf"  ./src/SensorMod.o ./src/sensorMod_test.o ./src/xil_uio.o   
'Finished building target: sensorMod_test.elf'
' '
'Invoking: ARM v7 Linux Print Size'
arm-linux-gnueabihf-size sensorMod_test.elf  |tee "sensorMod_test.elf.size"
   text	   data	    bss	    dec	    hex	filename
   2529	    320	      4	   2853	    b25	sensorMod_test.elf
'Finished building: sensorMod_test.elf.size'
' '
20:28:02 **** Incremental Build of configuration Debug for project sensorMod_test ****
make all 
'Building file: ../src/sensorMod_test.c'
'Invoking: ARM v7 Linux gcc compiler'
arm-linux-gnueabihf-gcc -Wall -O0 -g3 -c -fmessage-length=0 -MT"src/sensorMod_test.o" -MMD -MP -MF"src/sensorMod_test.d" -MT"src/sensorMod_test.o" -o "src/sensorMod_test.o" "../src/sensorMod_test.c"
In file included from ../src/sensorMod_test.c:9:0:
../src/SensorMod.h:81:2: warning: "/*" within comment [-Wcomment]
 //***********************************************  Calculating Functions
   
../src/SensorMod.h:90:2: warning: "/*" within comment [-Wcomment]
 //***********************************************  Configuration Functions
   
../src/SensorMod.h:95:2: warning: "/*" within comment [-Wcomment]
 //***********************************************  Variable Functions
   
'Finished building: ../src/sensorMod_test.c'
' '
'Building target: sensorMod_test.elf'
'Invoking: ARM v7 Linux gcc linker'
arm-linux-gnueabihf-gcc  -o "sensorMod_test.elf"  ./src/SensorMod.o ./src/sensorMod_test.o ./src/xil_uio.o   
'Finished building target: sensorMod_test.elf'
' '
'Invoking: ARM v7 Linux Print Size'
arm-linux-gnueabihf-size sensorMod_test.elf  |tee "sensorMod_test.elf.size"
   text	   data	    bss	    dec	    hex	filename
   2529	    320	      4	   2853	    b25	sensorMod_test.elf
'Finished building: sensorMod_test.elf.size'
' '
20:28:19 **** Incremental Build of configuration Debug for project sensorMod_test ****
make all 
'Building file: ../src/sensorMod_test.c'
'Invoking: ARM v7 Linux gcc compiler'
arm-linux-gnueabihf-gcc -Wall -O0 -g3 -c -fmessage-length=0 -MT"src/sensorMod_test.o" -MMD -MP -MF"src/sensorMod_test.d" -MT"src/sensorMod_test.o" -o "src/sensorMod_test.o" "../src/sensorMod_test.c"
In file included from ../src/sensorMod_test.c:9:0:
../src/SensorMod.h:81:2: warning: "/*" within comment [-Wcomment]
 //***********************************************  Calculating Functions
   
../src/SensorMod.h:90:2: warning: "/*" within comment [-Wcomment]
 //***********************************************  Configuration Functions
   
../src/SensorMod.h:95:2: warning: "/*" within comment [-Wcomment]
 //***********************************************  Variable Functions
   
'Finished building: ../src/sensorMod_test.c'
' '
'Building target: sensorMod_test.elf'
'Invoking: ARM v7 Linux gcc linker'
arm-linux-gnueabihf-gcc  -o "sensorMod_test.elf"  ./src/SensorMod.o ./src/sensorMod_test.o ./src/xil_uio.o   
'Finished building target: sensorMod_test.elf'
' '
'Invoking: ARM v7 Linux Print Size'
arm-linux-gnueabihf-size sensorMod_test.elf  |tee "sensorMod_test.elf.size"
   text	   data	    bss	    dec	    hex	filename
   2529	    320	      4	   2853	    b25	sensorMod_test.elf
'Finished building: sensorMod_test.elf.size'
' '
20:28:48 **** Auto Build of configuration Debug for project sensorMod_test ****
make all 
'Building file: ../src/sensorMod_test.c'
'Invoking: ARM v7 Linux gcc compiler'
arm-linux-gnueabihf-gcc -Wall -O0 -g3 -c -fmessage-length=0 -MT"src/sensorMod_test.o" -MMD -MP -MF"src/sensorMod_test.d" -MT"src/sensorMod_test.o" -o "src/sensorMod_test.o" "../src/sensorMod_test.c"
In file included from ../src/sensorMod_test.c:9:0:
../src/SensorMod.h:81:2: warning: "/*" within comment [-Wcomment]
 //***********************************************  Calculating Functions
   
../src/SensorMod.h:90:2: warning: "/*" within comment [-Wcomment]
 //***********************************************  Configuration Functions
   
../src/SensorMod.h:95:2: warning: "/*" within comment [-Wcomment]
 //***********************************************  Variable Functions
   
'Finished building: ../src/sensorMod_test.c'
' '
'Building target: sensorMod_test.elf'
'Invoking: ARM v7 Linux gcc linker'
arm-linux-gnueabihf-gcc  -o "sensorMod_test.elf"  ./src/SensorMod.o ./src/sensorMod_test.o ./src/xil_uio.o   
'Finished building target: sensorMod_test.elf'
' '
'Invoking: ARM v7 Linux Print Size'
arm-linux-gnueabihf-size sensorMod_test.elf  |tee "sensorMod_test.elf.size"
   text	   data	    bss	    dec	    hex	filename
   2529	    320	      4	   2853	    b25	sensorMod_test.elf
'Finished building: sensorMod_test.elf.size'
' '
20:28:53 **** Incremental Build of configuration Debug for project sensorMod_test ****
make all 
make: Nothing to be done for `all'.
20:29:18 **** Incremental Build of configuration Debug for project sensorMod_test ****
make all 
make: Nothing to be done for `all'.
20:29:25 **** Auto Build of configuration Debug for project sensorMod_test ****
make all 
'Building file: ../src/sensorMod_test.c'
'Invoking: ARM v7 Linux gcc compiler'
arm-linux-gnueabihf-gcc -Wall -O0 -g3 -c -fmessage-length=0 -MT"src/sensorMod_test.o" -MMD -MP -MF"src/sensorMod_test.d" -MT"src/sensorMod_test.o" -o "src/sensorMod_test.o" "../src/sensorMod_test.c"
In file included from ../src/sensorMod_test.c:9:0:
../src/SensorMod.h:81:2: warning: "/*" within comment [-Wcomment]
 //***********************************************  Calculating Functions
   
../src/SensorMod.h:90:2: warning: "/*" within comment [-Wcomment]
 //***********************************************  Configuration Functions
   
../src/SensorMod.h:95:2: warning: "/*" within comment [-Wcomment]
 //***********************************************  Variable Functions
   
'Finished building: ../src/sensorMod_test.c'
' '
'Building target: sensorMod_test.elf'
'Invoking: ARM v7 Linux gcc linker'
arm-linux-gnueabihf-gcc  -o "sensorMod_test.elf"  ./src/SensorMod.o ./src/sensorMod_test.o ./src/xil_uio.o   
'Finished building target: sensorMod_test.elf'
' '
'Invoking: ARM v7 Linux Print Size'
arm-linux-gnueabihf-size sensorMod_test.elf  |tee "sensorMod_test.elf.size"
   text	   data	    bss	    dec	    hex	filename
   2529	    320	      4	   2853	    b25	sensorMod_test.elf
'Finished building: sensorMod_test.elf.size'
' '
20:29:35 **** Auto Build of configuration Debug for project sensorMod_test ****
make all 
'Building file: ../src/sensorMod_test.c'
'Invoking: ARM v7 Linux gcc compiler'
arm-linux-gnueabihf-gcc -Wall -O0 -g3 -c -fmessage-length=0 -MT"src/sensorMod_test.o" -MMD -MP -MF"src/sensorMod_test.d" -MT"src/sensorMod_test.o" -o "src/sensorMod_test.o" "../src/sensorMod_test.c"
In file included from ../src/sensorMod_test.c:9:0:
../src/SensorMod.h:81:2: warning: "/*" within comment [-Wcomment]
 //***********************************************  Calculating Functions
   
../src/SensorMod.h:90:2: warning: "/*" within comment [-Wcomment]
 //***********************************************  Configuration Functions
   
../src/SensorMod.h:95:2: warning: "/*" within comment [-Wcomment]
 //***********************************************  Variable Functions
   
'Finished building: ../src/sensorMod_test.c'
' '
'Building target: sensorMod_test.elf'
'Invoking: ARM v7 Linux gcc linker'
arm-linux-gnueabihf-gcc  -o "sensorMod_test.elf"  ./src/SensorMod.o ./src/sensorMod_test.o ./src/xil_uio.o   
'Finished building target: sensorMod_test.elf'
' '
'Invoking: ARM v7 Linux Print Size'
arm-linux-gnueabihf-size sensorMod_test.elf  |tee "sensorMod_test.elf.size"
   text	   data	    bss	    dec	    hex	filename
   2529	    320	      4	   2853	    b25	sensorMod_test.elf
'Finished building: sensorMod_test.elf.size'
' '
20:29:52 **** Auto Build of configuration Debug for project sensorMod_test ****
make all 
'Building file: ../src/sensorMod_test.c'
'Invoking: ARM v7 Linux gcc compiler'
arm-linux-gnueabihf-gcc -Wall -O0 -g3 -c -fmessage-length=0 -MT"src/sensorMod_test.o" -MMD -MP -MF"src/sensorMod_test.d" -MT"src/sensorMod_test.o" -o "src/sensorMod_test.o" "../src/sensorMod_test.c"
In file included from ../src/sensorMod_test.c:9:0:
../src/SensorMod.h:81:2: warning: "/*" within comment [-Wcomment]
 //***********************************************  Calculating Functions
   
../src/SensorMod.h:90:2: warning: "/*" within comment [-Wcomment]
 //***********************************************  Configuration Functions
   
../src/SensorMod.h:95:2: warning: "/*" within comment [-Wcomment]
 //***********************************************  Variable Functions
   
'Finished building: ../src/sensorMod_test.c'
' '
'Building target: sensorMod_test.elf'
'Invoking: ARM v7 Linux gcc linker'
arm-linux-gnueabihf-gcc  -o "sensorMod_test.elf"  ./src/SensorMod.o ./src/sensorMod_test.o ./src/xil_uio.o   
'Finished building target: sensorMod_test.elf'
' '
'Invoking: ARM v7 Linux Print Size'
arm-linux-gnueabihf-size sensorMod_test.elf  |tee "sensorMod_test.elf.size"
   text	   data	    bss	    dec	    hex	filename
   2529	    320	      4	   2853	    b25	sensorMod_test.elf
'Finished building: sensorMod_test.elf.size'
' '
20:31:08 **** Auto Build of configuration Debug for project sensorMod_test ****
make all 
'Building file: ../src/xil_uio.c'
'Invoking: ARM v7 Linux gcc compiler'
arm-linux-gnueabihf-gcc -Wall -O0 -g3 -c -fmessage-length=0 -MT"src/xil_uio.o" -MMD -MP -MF"src/xil_uio.d" -MT"src/xil_uio.o" -o "src/xil_uio.o" "../src/xil_uio.c"
'Finished building: ../src/xil_uio.c'
' '
'Building target: sensorMod_test.elf'
'Invoking: ARM v7 Linux gcc linker'
arm-linux-gnueabihf-gcc  -o "sensorMod_test.elf"  ./src/SensorMod.o ./src/sensorMod_test.o ./src/xil_uio.o   
'Finished building target: sensorMod_test.elf'
' '
'Invoking: ARM v7 Linux Print Size'
arm-linux-gnueabihf-size sensorMod_test.elf  |tee "sensorMod_test.elf.size"
   text	   data	    bss	    dec	    hex	filename
   2521	    320	      4	   2845	    b1d	sensorMod_test.elf
'Finished building: sensorMod_test.elf.size'
' '
20:31:17 **** Incremental Build of configuration Debug for project sensorMod_test ****
make all 
make: Nothing to be done for `all'.
