16:12:29 **** Clean-only build of configuration Debug for project psOnly_1mod ****
make clean 
rm -rf  ./src/Impedance_v1.o ./src/KalmanPos_v1.o ./src/Time_Meas.o ./src/butter.o ./src/main.o ./src/xil_uio.o  ./src/Time_Meas.d  ./src/Impedance_v1.d ./src/KalmanPos_v1.d ./src/butter.d ./src/main.d ./src/xil_uio.d  psOnly_1mod.elf.size  psOnly_1mod.elf
' '
16:12:29 **** Build of configuration Debug for project psOnly_1mod ****
make all 
'Building file: ../src/Impedance_v1.cpp'
'Invoking: ARM v7 Linux g++ compiler'
arm-linux-gnueabihf-g++ -Wall -O0 -g3 -c -fmessage-length=0 -MT"src/Impedance_v1.o" -MMD -MP -MF"src/Impedance_v1.d" -MT"src/Impedance_v1.o" -o "src/Impedance_v1.o" "../src/Impedance_v1.cpp"
'Finished building: ../src/Impedance_v1.cpp'
' '
'Building file: ../src/KalmanPos_v1.cpp'
'Invoking: ARM v7 Linux g++ compiler'
arm-linux-gnueabihf-g++ -Wall -O0 -g3 -c -fmessage-length=0 -MT"src/KalmanPos_v1.o" -MMD -MP -MF"src/KalmanPos_v1.d" -MT"src/KalmanPos_v1.o" -o "src/KalmanPos_v1.o" "../src/KalmanPos_v1.cpp"
../src/KalmanPos_v1.cpp: In member function 'void KalmanPos::PrintConfig()':
../src/KalmanPos_v1.cpp:155:60: warning: format '%d' expects argument of type 'int', but argument 3 has type 'uint64_t {aka long long unsigned int}' [-Wformat=]
  printf("\tdt = %.10e | %d millis \n", my_dt, my_SampleTime);
                                               ~~~~~~~~~~~~~^
'Finished building: ../src/KalmanPos_v1.cpp'
' '
'Building file: ../src/Time_Meas.c'
'Invoking: ARM v7 Linux g++ compiler'
arm-linux-gnueabihf-g++ -Wall -O0 -g3 -c -fmessage-length=0 -MT"src/Time_Meas.o" -MMD -MP -MF"src/Time_Meas.d" -MT"src/Time_Meas.o" -o "src/Time_Meas.o" "../src/Time_Meas.c"
'Finished building: ../src/Time_Meas.c'
' '
'Building file: ../src/butter.cpp'
'Invoking: ARM v7 Linux g++ compiler'
arm-linux-gnueabihf-g++ -Wall -O0 -g3 -c -fmessage-length=0 -MT"src/butter.o" -MMD -MP -MF"src/butter.d" -MT"src/butter.o" -o "src/butter.o" "../src/butter.cpp"
'Finished building: ../src/butter.cpp'
' '
'Building file: ../src/main.cpp'
'Invoking: ARM v7 Linux g++ compiler'
arm-linux-gnueabihf-g++ -Wall -O0 -g3 -c -fmessage-length=0 -MT"src/main.o" -MMD -MP -MF"src/main.d" -MT"src/main.o" -o "src/main.o" "../src/main.cpp"
../src/main.cpp: In function 'int main()':
../src/main.cpp:93:10: warning: unused variable 'buttCurr' [-Wunused-variable]
  butter *buttCurr[Nmodules];
          ^~~~~~~~
'Finished building: ../src/main.cpp'
' '
'Building file: ../src/xil_uio.cpp'
'Invoking: ARM v7 Linux g++ compiler'
arm-linux-gnueabihf-g++ -Wall -O0 -g3 -c -fmessage-length=0 -MT"src/xil_uio.o" -MMD -MP -MF"src/xil_uio.d" -MT"src/xil_uio.o" -o "src/xil_uio.o" "../src/xil_uio.cpp"
../src/xil_uio.cpp: In member function 'uint32_t xil_uio::read32(uint32_t)':
../src/xil_uio.cpp:20:65: warning: pointer of type 'void *' used in arithmetic [-Wpointer-arith]
  uint32_t read_result = *((volatile uint32_t *) (this->virtAddr + offset));
                                                  ~~~~~~~~~~~~~~~^~~~~~~~
../src/xil_uio.cpp: In member function 'void xil_uio::write32(uint32_t, uint32_t)':
../src/xil_uio.cpp:26:43: warning: pointer of type 'void *' used in arithmetic [-Wpointer-arith]
   *((volatile uint32_t *) (this->virtAddr + offset)) = writeval;
                            ~~~~~~~~~~~~~~~^~~~~~~~
'Finished building: ../src/xil_uio.cpp'
' '
'Building target: psOnly_1mod.elf'
'Invoking: ARM v7 Linux g++ linker'
arm-linux-gnueabihf-g++  -o "psOnly_1mod.elf"  ./src/Impedance_v1.o ./src/KalmanPos_v1.o ./src/Time_Meas.o ./src/butter.o ./src/main.o ./src/xil_uio.o   
'Finished building target: psOnly_1mod.elf'
' '
'Invoking: ARM v7 Linux Print Size'
arm-linux-gnueabihf-size psOnly_1mod.elf  |tee "psOnly_1mod.elf.size"
   text	   data	    bss	    dec	    hex	filename
   9580	    360	     48	   9988	   2704	psOnly_1mod.elf
'Finished building: psOnly_1mod.elf.size'
' '
16:12:37 **** Incremental Build of configuration Debug for project psOnly_1mod ****
make all 
make: Nothing to be done for `all'.
16:18:35 **** Incremental Build of configuration Debug for project psOnly_1mod ****
make all 
make: Nothing to be done for `all'.
16:26:20 **** Auto Build of configuration Debug for project psOnly_1mod ****
make all 
'Building file: ../src/main.cpp'
'Invoking: ARM v7 Linux g++ compiler'
arm-linux-gnueabihf-g++ -Wall -O0 -g3 -c -fmessage-length=0 -MT"src/main.o" -MMD -MP -MF"src/main.d" -MT"src/main.o" -o "src/main.o" "../src/main.cpp"
../src/main.cpp: In function 'int main()':
../src/main.cpp:96:36: error: cannot convert 'KalmanPos**' to 'KalmanPos*' in assignment
   kalmanMod[nMod] = new (KalmanPos*)KalmanPos(&posIn_f[nMod], &pos_filt[nMod], &vel_filt[nMod]);
                                    ^
../src/main.cpp:93:10: warning: unused variable 'buttCurr' [-Wunused-variable]
  butter *buttCurr[Nmodules];
          ^~~~~~~~
make: *** [src/main.o] Error 1
16:27:21 **** Auto Build of configuration Debug for project psOnly_1mod ****
make all 
'Building file: ../src/main.cpp'
'Invoking: ARM v7 Linux g++ compiler'
arm-linux-gnueabihf-g++ -Wall -O0 -g3 -c -fmessage-length=0 -MT"src/main.o" -MMD -MP -MF"src/main.d" -MT"src/main.o" -o "src/main.o" "../src/main.cpp"
../src/main.cpp: In function 'int main()':
../src/main.cpp:92:54: error: 'nMod' was not declared in this scope
  KalmanPos kalmanMod[Nmodules] = {KalmanPos(&posIn_f[nMod], &pos_filt[nMod], &vel_filt[nMod])};
                                                      ^~~~
../src/main.cpp:92:54: note: suggested alternative: 'nMid'
  KalmanPos kalmanMod[Nmodules] = {KalmanPos(&posIn_f[nMod], &pos_filt[nMod], &vel_filt[nMod])};
                                                      ^~~~
                                                      nMid
../src/main.cpp:92:12: warning: unused variable 'kalmanMod' [-Wunused-variable]
  KalmanPos kalmanMod[Nmodules] = {KalmanPos(&posIn_f[nMod], &pos_filt[nMod], &vel_filt[nMod])};
            ^~~~~~~~~
../src/main.cpp:93:10: warning: unused variable 'buttCurr' [-Wunused-variable]
  butter *buttCurr[Nmodules];
          ^~~~~~~~
make: *** [src/main.o] Error 1
16:27:31 **** Auto Build of configuration Debug for project psOnly_1mod ****
make all 
'Building file: ../src/main.cpp'
'Invoking: ARM v7 Linux g++ compiler'
arm-linux-gnueabihf-g++ -Wall -O0 -g3 -c -fmessage-length=0 -MT"src/main.o" -MMD -MP -MF"src/main.d" -MT"src/main.o" -o "src/main.o" "../src/main.cpp"
../src/main.cpp: In function 'int main()':
../src/main.cpp:92:12: warning: unused variable 'kalmanMod' [-Wunused-variable]
  KalmanPos kalmanMod[Nmodules] = {KalmanPos(&posIn_f[0], &pos_filt[0], &vel_filt[0])};
            ^~~~~~~~~
../src/main.cpp:93:10: warning: unused variable 'buttCurr' [-Wunused-variable]
  butter *buttCurr[Nmodules];
          ^~~~~~~~
'Finished building: ../src/main.cpp'
' '
'Building target: psOnly_1mod.elf'
'Invoking: ARM v7 Linux g++ linker'
arm-linux-gnueabihf-g++  -o "psOnly_1mod.elf"  ./src/Impedance_v1.o ./src/KalmanPos_v1.o ./src/Time_Meas.o ./src/butter.o ./src/main.o ./src/xil_uio.o   
'Finished building target: psOnly_1mod.elf'
' '
'Invoking: ARM v7 Linux Print Size'
arm-linux-gnueabihf-size psOnly_1mod.elf  |tee "psOnly_1mod.elf.size"
   text	   data	    bss	    dec	    hex	filename
   9051	    344	     48	   9443	   24e3	psOnly_1mod.elf
'Finished building: psOnly_1mod.elf.size'
' '
16:27:39 **** Incremental Build of configuration Debug for project psOnly_1mod ****
make all 
make: Nothing to be done for `all'.
16:28:04 **** Auto Build of configuration Debug for project psOnly_1mod ****
make all 
'Building file: ../src/main.cpp'
'Invoking: ARM v7 Linux g++ compiler'
arm-linux-gnueabihf-g++ -Wall -O0 -g3 -c -fmessage-length=0 -MT"src/main.o" -MMD -MP -MF"src/main.d" -MT"src/main.o" -o "src/main.o" "../src/main.cpp"
../src/main.cpp: In function 'int main()':
../src/main.cpp:92:12: warning: unused variable 'kalmanMod' [-Wunused-variable]
  KalmanPos kalmanMod[Nmodules];
            ^~~~~~~~~
../src/main.cpp:93:10: warning: unused variable 'buttCurr' [-Wunused-variable]
  butter *buttCurr[Nmodules];
          ^~~~~~~~
'Finished building: ../src/main.cpp'
' '
'Building target: psOnly_1mod.elf'
'Invoking: ARM v7 Linux g++ linker'
arm-linux-gnueabihf-g++  -o "psOnly_1mod.elf"  ./src/Impedance_v1.o ./src/KalmanPos_v1.o ./src/Time_Meas.o ./src/butter.o ./src/main.o ./src/xil_uio.o   
'Finished building target: psOnly_1mod.elf'
' '
'Invoking: ARM v7 Linux Print Size'
arm-linux-gnueabihf-size psOnly_1mod.elf  |tee "psOnly_1mod.elf.size"
   text	   data	    bss	    dec	    hex	filename
   9059	    344	     48	   9451	   24eb	psOnly_1mod.elf
'Finished building: psOnly_1mod.elf.size'
' '
16:28:32 **** Auto Build of configuration Debug for project psOnly_1mod ****
make all 
'Building file: ../src/main.cpp'
'Invoking: ARM v7 Linux g++ compiler'
arm-linux-gnueabihf-g++ -Wall -O0 -g3 -c -fmessage-length=0 -MT"src/main.o" -MMD -MP -MF"src/main.d" -MT"src/main.o" -o "src/main.o" "../src/main.cpp"
../src/main.cpp: In function 'int main()':
../src/main.cpp:97:83: error: no match for 'operator=' (operand types are 'KalmanPos' and 'KalmanPos*')
   kalmanMod[nMod] = new KalmanPos(&posIn_f[nMod], &pos_filt[nMod], &vel_filt[nMod]);
                                                                                   ^
In file included from ../src/main.cpp:8:0:
../src/KalmanPos_v1.hpp:10:7: note: candidate: KalmanPos& KalmanPos::operator=(const KalmanPos&) <deleted>
 class KalmanPos
       ^~~~~~~~~
../src/KalmanPos_v1.hpp:10:7: note:   no known conversion for argument 1 from 'KalmanPos*' to 'const KalmanPos&'
../src/KalmanPos_v1.hpp:10:7: note: candidate: KalmanPos& KalmanPos::operator=(KalmanPos&&) <deleted>
../src/KalmanPos_v1.hpp:10:7: note:   no known conversion for argument 1 from 'KalmanPos*' to 'KalmanPos&&'
../src/main.cpp:98:18: error: base operand of '->' has non-pointer type 'KalmanPos'
   kalmanMod[nMod]->Configure(dt, R, nQ);
                  ^~
../src/main.cpp:93:10: warning: unused variable 'buttCurr' [-Wunused-variable]
  butter *buttCurr[Nmodules];
          ^~~~~~~~
make: *** [src/main.o] Error 1
16:28:44 **** Auto Build of configuration Debug for project psOnly_1mod ****
make all 
'Building file: ../src/main.cpp'
'Invoking: ARM v7 Linux g++ compiler'
arm-linux-gnueabihf-g++ -Wall -O0 -g3 -c -fmessage-length=0 -MT"src/main.o" -MMD -MP -MF"src/main.d" -MT"src/main.o" -o "src/main.o" "../src/main.cpp"
../src/main.cpp: In function 'int main()':
../src/main.cpp:97:79: error: use of deleted function 'KalmanPos& KalmanPos::operator=(KalmanPos&&)'
   kalmanMod[nMod] = KalmanPos(&posIn_f[nMod], &pos_filt[nMod], &vel_filt[nMod]);
                                                                               ^
In file included from ../src/main.cpp:8:0:
../src/KalmanPos_v1.hpp:10:7: note: 'KalmanPos& KalmanPos::operator=(KalmanPos&&)' is implicitly deleted because the default definition would be ill-formed:
 class KalmanPos
       ^~~~~~~~~
../src/KalmanPos_v1.hpp:10:7: error: non-static const member 'const _real KalmanPos::RAD_ADC', can't use default assignment operator
../src/main.cpp:98:18: error: base operand of '->' has non-pointer type 'KalmanPos'
   kalmanMod[nMod]->Configure(dt, R, nQ);
                  ^~
../src/main.cpp:93:10: warning: unused variable 'buttCurr' [-Wunused-variable]
  butter *buttCurr[Nmodules];
          ^~~~~~~~
make: *** [src/main.o] Error 1
16:29:03 **** Auto Build of configuration Debug for project psOnly_1mod ****
make all 
'Building file: ../src/main.cpp'
'Invoking: ARM v7 Linux g++ compiler'
arm-linux-gnueabihf-g++ -Wall -O0 -g3 -c -fmessage-length=0 -MT"src/main.o" -MMD -MP -MF"src/main.d" -MT"src/main.o" -o "src/main.o" "../src/main.cpp"
../src/main.cpp: In function 'int main()':
../src/main.cpp:97:81: error: use of deleted function 'KalmanPos& KalmanPos::operator=(KalmanPos&&)'
   kalmanMod[nMod] = {KalmanPos(&posIn_f[nMod], &pos_filt[nMod], &vel_filt[nMod])};
                                                                                 ^
In file included from ../src/main.cpp:8:0:
../src/KalmanPos_v1.hpp:10:7: note: 'KalmanPos& KalmanPos::operator=(KalmanPos&&)' is implicitly deleted because the default definition would be ill-formed:
 class KalmanPos
       ^~~~~~~~~
../src/KalmanPos_v1.hpp:10:7: error: non-static const member 'const _real KalmanPos::RAD_ADC', can't use default assignment operator
../src/main.cpp:98:18: error: base operand of '->' has non-pointer type 'KalmanPos'
   kalmanMod[nMod]->Configure(dt, R, nQ);
                  ^~
../src/main.cpp:93:10: warning: unused variable 'buttCurr' [-Wunused-variable]
  butter *buttCurr[Nmodules];
          ^~~~~~~~
make: *** [src/main.o] Error 1
16:29:07 **** Auto Build of configuration Debug for project psOnly_1mod ****
make all 
'Building file: ../src/main.cpp'
'Invoking: ARM v7 Linux g++ compiler'
arm-linux-gnueabihf-g++ -Wall -O0 -g3 -c -fmessage-length=0 -MT"src/main.o" -MMD -MP -MF"src/main.d" -MT"src/main.o" -o "src/main.o" "../src/main.cpp"
../src/main.cpp: In function 'int main()':
../src/main.cpp:97:79: error: use of deleted function 'KalmanPos& KalmanPos::operator=(KalmanPos&&)'
   kalmanMod[nMod] = KalmanPos(&posIn_f[nMod], &pos_filt[nMod], &vel_filt[nMod]);
                                                                               ^
In file included from ../src/main.cpp:8:0:
../src/KalmanPos_v1.hpp:10:7: note: 'KalmanPos& KalmanPos::operator=(KalmanPos&&)' is implicitly deleted because the default definition would be ill-formed:
 class KalmanPos
       ^~~~~~~~~
../src/KalmanPos_v1.hpp:10:7: error: non-static const member 'const _real KalmanPos::RAD_ADC', can't use default assignment operator
../src/main.cpp:98:18: error: base operand of '->' has non-pointer type 'KalmanPos'
   kalmanMod[nMod]->Configure(dt, R, nQ);
                  ^~
../src/main.cpp:93:10: warning: unused variable 'buttCurr' [-Wunused-variable]
  butter *buttCurr[Nmodules];
          ^~~~~~~~
make: *** [src/main.o] Error 1
16:29:13 **** Auto Build of configuration Debug for project psOnly_1mod ****
make all 
'Building file: ../src/main.cpp'
'Invoking: ARM v7 Linux g++ compiler'
arm-linux-gnueabihf-g++ -Wall -O0 -g3 -c -fmessage-length=0 -MT"src/main.o" -MMD -MP -MF"src/main.d" -MT"src/main.o" -o "src/main.o" "../src/main.cpp"
../src/main.cpp: In function 'int main()':
../src/main.cpp:97:79: error: use of deleted function 'KalmanPos& KalmanPos::operator=(KalmanPos&&)'
   kalmanMod[nMod] = KalmanPos(&posIn_f[nMod], &pos_filt[nMod], &vel_filt[nMod]);
                                                                               ^
In file included from ../src/main.cpp:8:0:
../src/KalmanPos_v1.hpp:10:7: note: 'KalmanPos& KalmanPos::operator=(KalmanPos&&)' is implicitly deleted because the default definition would be ill-formed:
 class KalmanPos
       ^~~~~~~~~
../src/KalmanPos_v1.hpp:10:7: error: non-static const member 'const _real KalmanPos::RAD_ADC', can't use default assignment operator
../src/main.cpp:93:10: warning: unused variable 'buttCurr' [-Wunused-variable]
  butter *buttCurr[Nmodules];
          ^~~~~~~~
make: *** [src/main.o] Error 1
16:32:17 **** Auto Build of configuration Debug for project psOnly_1mod ****
make all 
'Building file: ../src/main.cpp'
'Invoking: ARM v7 Linux g++ compiler'
arm-linux-gnueabihf-g++ -Wall -O0 -g3 -c -fmessage-length=0 -MT"src/main.o" -MMD -MP -MF"src/main.d" -MT"src/main.o" -o "src/main.o" "../src/main.cpp"
../src/main.cpp: In function 'int main()':
../src/main.cpp:98:19: error: request for member 'Configure' in 'kalmanMod[((int)nMod)]', which is of pointer type 'KalmanPos*' (maybe you meant to use '->' ?)
   kalmanMod[nMod].Configure(dt, R, nQ);
                   ^~~~~~~~~
../src/main.cpp:93:10: warning: unused variable 'buttCurr' [-Wunused-variable]
  butter *buttCurr[Nmodules];
          ^~~~~~~~
make: *** [src/main.o] Error 1
16:32:23 **** Auto Build of configuration Debug for project psOnly_1mod ****
make all 
'Building file: ../src/main.cpp'
'Invoking: ARM v7 Linux g++ compiler'
arm-linux-gnueabihf-g++ -Wall -O0 -g3 -c -fmessage-length=0 -MT"src/main.o" -MMD -MP -MF"src/main.d" -MT"src/main.o" -o "src/main.o" "../src/main.cpp"
../src/main.cpp: In function 'int main()':
../src/main.cpp:93:10: warning: unused variable 'buttCurr' [-Wunused-variable]
  butter *buttCurr[Nmodules];
          ^~~~~~~~
'Finished building: ../src/main.cpp'
' '
'Building target: psOnly_1mod.elf'
'Invoking: ARM v7 Linux g++ linker'
arm-linux-gnueabihf-g++  -o "psOnly_1mod.elf"  ./src/Impedance_v1.o ./src/KalmanPos_v1.o ./src/Time_Meas.o ./src/butter.o ./src/main.o ./src/xil_uio.o   
'Finished building target: psOnly_1mod.elf'
' '
'Invoking: ARM v7 Linux Print Size'
arm-linux-gnueabihf-size psOnly_1mod.elf  |tee "psOnly_1mod.elf.size"
   text	   data	    bss	    dec	    hex	filename
   9580	    360	     48	   9988	   2704	psOnly_1mod.elf
'Finished building: psOnly_1mod.elf.size'
' '
16:33:26 **** Auto Build of configuration Debug for project psOnly_1mod ****
make all 
'Building file: ../src/main.cpp'
'Invoking: ARM v7 Linux g++ compiler'
arm-linux-gnueabihf-g++ -Wall -O0 -g3 -c -fmessage-length=0 -MT"src/main.o" -MMD -MP -MF"src/main.d" -MT"src/main.o" -o "src/main.o" "../src/main.cpp"
../src/main.cpp: In function 'int main()':
../src/main.cpp:97:19: error: invalid use of 'KalmanPos::KalmanPos'
   kalmanMod[nMod].KalmanPos(&posIn_f[nMod], &pos_filt[nMod], &vel_filt[nMod]);
                   ^~~~~~~~~
../src/main.cpp:98:18: error: base operand of '->' has non-pointer type 'KalmanPos'
   kalmanMod[nMod]->Configure(dt, R, nQ);
                  ^~
../src/main.cpp:93:10: warning: unused variable 'buttCurr' [-Wunused-variable]
  butter *buttCurr[Nmodules];
          ^~~~~~~~
make: *** [src/main.o] Error 1
16:35:28 **** Auto Build of configuration Debug for project psOnly_1mod ****
make all 
'Building file: ../src/KalmanPos_v1.cpp'
'Invoking: ARM v7 Linux g++ compiler'
arm-linux-gnueabihf-g++ -Wall -O0 -g3 -c -fmessage-length=0 -MT"src/KalmanPos_v1.o" -MMD -MP -MF"src/KalmanPos_v1.d" -MT"src/KalmanPos_v1.o" -o "src/KalmanPos_v1.o" "../src/KalmanPos_v1.cpp"
../src/KalmanPos_v1.cpp: In member function 'void KalmanPos::PrintConfig()':
../src/KalmanPos_v1.cpp:155:60: warning: format '%d' expects argument of type 'int', but argument 3 has type 'uint64_t {aka long long unsigned int}' [-Wformat=]
  printf("\tdt = %.10e | %d millis \n", my_dt, my_SampleTime);
                                               ~~~~~~~~~~~~~^
'Finished building: ../src/KalmanPos_v1.cpp'
' '
'Building file: ../src/main.cpp'
'Invoking: ARM v7 Linux g++ compiler'
arm-linux-gnueabihf-g++ -Wall -O0 -g3 -c -fmessage-length=0 -MT"src/main.o" -MMD -MP -MF"src/main.d" -MT"src/main.o" -o "src/main.o" "../src/main.cpp"
../src/main.cpp: In function 'int main()':
../src/main.cpp:97:19: error: invalid use of 'KalmanPos::KalmanPos'
   kalmanMod[nMod].KalmanPos(&posIn_f[nMod], &pos_filt[nMod], &vel_filt[nMod]);
                   ^~~~~~~~~
../src/main.cpp:98:18: error: base operand of '->' has non-pointer type 'KalmanPos'
   kalmanMod[nMod]->Configure(dt, R, nQ);
                  ^~
../src/main.cpp:93:10: warning: unused variable 'buttCurr' [-Wunused-variable]
  butter *buttCurr[Nmodules];
          ^~~~~~~~
make: *** [src/main.o] Error 1
16:35:31 **** Auto Build of configuration Debug for project psOnly_1mod ****
make all 
'Building file: ../src/main.cpp'
'Invoking: ARM v7 Linux g++ compiler'
arm-linux-gnueabihf-g++ -Wall -O0 -g3 -c -fmessage-length=0 -MT"src/main.o" -MMD -MP -MF"src/main.d" -MT"src/main.o" -o "src/main.o" "../src/main.cpp"
../src/main.cpp: In function 'int main()':
../src/main.cpp:98:18: error: base operand of '->' has non-pointer type 'KalmanPos'
   kalmanMod[nMod]->Configure(dt, R, nQ);
                  ^~
../src/main.cpp:93:10: warning: unused variable 'buttCurr' [-Wunused-variable]
  butter *buttCurr[Nmodules];
          ^~~~~~~~
make: *** [src/main.o] Error 1
16:35:39 **** Auto Build of configuration Debug for project psOnly_1mod ****
make all 
'Building file: ../src/main.cpp'
'Invoking: ARM v7 Linux g++ compiler'
arm-linux-gnueabihf-g++ -Wall -O0 -g3 -c -fmessage-length=0 -MT"src/main.o" -MMD -MP -MF"src/main.d" -MT"src/main.o" -o "src/main.o" "../src/main.cpp"
../src/main.cpp: In function 'int main()':
../src/main.cpp:93:10: warning: unused variable 'buttCurr' [-Wunused-variable]
  butter *buttCurr[Nmodules];
          ^~~~~~~~
'Finished building: ../src/main.cpp'
' '
'Building target: psOnly_1mod.elf'
'Invoking: ARM v7 Linux g++ linker'
arm-linux-gnueabihf-g++  -o "psOnly_1mod.elf"  ./src/Impedance_v1.o ./src/KalmanPos_v1.o ./src/Time_Meas.o ./src/butter.o ./src/main.o ./src/xil_uio.o   
'Finished building target: psOnly_1mod.elf'
' '
'Invoking: ARM v7 Linux Print Size'
arm-linux-gnueabihf-size psOnly_1mod.elf  |tee "psOnly_1mod.elf.size"
   text	   data	    bss	    dec	    hex	filename
   9231	    344	     48	   9623	   2597	psOnly_1mod.elf
'Finished building: psOnly_1mod.elf.size'
' '
16:35:42 **** Incremental Build of configuration Debug for project psOnly_1mod ****
make all 
make: Nothing to be done for `all'.
16:36:54 **** Auto Build of configuration Debug for project psOnly_1mod ****
make all 
'Building file: ../src/main.cpp'
'Invoking: ARM v7 Linux g++ compiler'
arm-linux-gnueabihf-g++ -Wall -O0 -g3 -c -fmessage-length=0 -MT"src/main.o" -MMD -MP -MF"src/main.d" -MT"src/main.o" -o "src/main.o" "../src/main.cpp"
../src/main.cpp: In function 'int main()':
../src/main.cpp:93:26: error: no matching function for call to 'butter::butter()'
  butter buttCurr[Nmodules];
                          ^
In file included from ../src/main.cpp:9:0:
../src/butter.hpp:13:2: note: candidate: butter::butter(_real*, _real*)
  butter(_real*, _real*);
  ^~~~~~
../src/butter.hpp:13:2: note:   candidate expects 2 arguments, 0 provided
../src/butter.hpp:11:7: note: candidate: constexpr butter::butter(const butter&)
 class butter{
       ^~~~~~
../src/butter.hpp:11:7: note:   candidate expects 1 argument, 0 provided
../src/butter.hpp:11:7: note: candidate: constexpr butter::butter(butter&&)
../src/butter.hpp:11:7: note:   candidate expects 1 argument, 0 provided
../src/main.cpp:93:9: warning: unused variable 'buttCurr' [-Wunused-variable]
  butter buttCurr[Nmodules];
         ^~~~~~~~
make: *** [src/main.o] Error 1
16:39:31 **** Auto Build of configuration Debug for project psOnly_1mod ****
make all 
'Building file: ../src/butter.cpp'
'Invoking: ARM v7 Linux g++ compiler'
arm-linux-gnueabihf-g++ -Wall -O0 -g3 -c -fmessage-length=0 -MT"src/butter.o" -MMD -MP -MF"src/butter.d" -MT"src/butter.o" -o "src/butter.o" "../src/butter.cpp"
'Finished building: ../src/butter.cpp'
' '
'Building file: ../src/main.cpp'
'Invoking: ARM v7 Linux g++ compiler'
arm-linux-gnueabihf-g++ -Wall -O0 -g3 -c -fmessage-length=0 -MT"src/main.o" -MMD -MP -MF"src/main.d" -MT"src/main.o" -o "src/main.o" "../src/main.cpp"
../src/main.cpp: In function 'int main()':
../src/main.cpp:93:9: warning: unused variable 'buttCurr' [-Wunused-variable]
  butter buttCurr[Nmodules];
         ^~~~~~~~
'Finished building: ../src/main.cpp'
' '
'Building target: psOnly_1mod.elf'
'Invoking: ARM v7 Linux g++ linker'
arm-linux-gnueabihf-g++  -o "psOnly_1mod.elf"  ./src/Impedance_v1.o ./src/KalmanPos_v1.o ./src/Time_Meas.o ./src/butter.o ./src/main.o ./src/xil_uio.o   
./src/main.o: In function `main':
C:\shared_vb\GitHub\sensorMod_ptlnx\psOnly_1mod\Debug/../src/main.cpp:93: undefined reference to `butter::butter()'
collect2.exe: error: ld returned 1 exit status
make: *** [psOnly_1mod.elf] Error 1
16:39:47 **** Auto Build of configuration Debug for project psOnly_1mod ****
make all 
'Building file: ../src/butter.cpp'
'Invoking: ARM v7 Linux g++ compiler'
arm-linux-gnueabihf-g++ -Wall -O0 -g3 -c -fmessage-length=0 -MT"src/butter.o" -MMD -MP -MF"src/butter.d" -MT"src/butter.o" -o "src/butter.o" "../src/butter.cpp"
'Finished building: ../src/butter.cpp'
' '
'Building file: ../src/main.cpp'
'Invoking: ARM v7 Linux g++ compiler'
arm-linux-gnueabihf-g++ -Wall -O0 -g3 -c -fmessage-length=0 -MT"src/main.o" -MMD -MP -MF"src/main.d" -MT"src/main.o" -o "src/main.o" "../src/main.cpp"
../src/main.cpp: In function 'int main()':
../src/main.cpp:93:9: warning: unused variable 'buttCurr' [-Wunused-variable]
  butter buttCurr[Nmodules];
         ^~~~~~~~
'Finished building: ../src/main.cpp'
' '
'Building target: psOnly_1mod.elf'
'Invoking: ARM v7 Linux g++ linker'
arm-linux-gnueabihf-g++  -o "psOnly_1mod.elf"  ./src/Impedance_v1.o ./src/KalmanPos_v1.o ./src/Time_Meas.o ./src/butter.o ./src/main.o ./src/xil_uio.o   
./src/main.o: In function `main':
C:\shared_vb\GitHub\sensorMod_ptlnx\psOnly_1mod\Debug/../src/main.cpp:93: undefined reference to `butter::butter()'
collect2.exe: error: ld returned 1 exit status
make: *** [psOnly_1mod.elf] Error 1
16:41:18 **** Auto Build of configuration Debug for project psOnly_1mod ****
make all 
'Building file: ../src/butter.cpp'
'Invoking: ARM v7 Linux g++ compiler'
arm-linux-gnueabihf-g++ -Wall -O0 -g3 -c -fmessage-length=0 -MT"src/butter.o" -MMD -MP -MF"src/butter.d" -MT"src/butter.o" -o "src/butter.o" "../src/butter.cpp"
../src/butter.cpp:11:38: error: ISO C++ forbids declaration of 'Initialize' with no type [-fpermissive]
 butter::Initialize(_real *x, _real *y){
                                      ^
../src/butter.cpp:11:1: error: prototype for 'int butter::Initialize(_real*, _real*)' does not match any in class 'butter'
 butter::Initialize(_real *x, _real *y){
 ^~~~~~
In file included from ../src/butter.cpp:1:0:
../src/butter.hpp:16:7: error: candidate is: void butter::Initialize(_real*, _real*)
  void Initialize(_real*, _real*);
       ^~~~~~~~~~
make: *** [src/butter.o] Error 1
16:41:47 **** Auto Build of configuration Debug for project psOnly_1mod ****
make all 
'Building file: ../src/butter.cpp'
'Invoking: ARM v7 Linux g++ compiler'
arm-linux-gnueabihf-g++ -Wall -O0 -g3 -c -fmessage-length=0 -MT"src/butter.o" -MMD -MP -MF"src/butter.d" -MT"src/butter.o" -o "src/butter.o" "../src/butter.cpp"
'Finished building: ../src/butter.cpp'
' '
'Building target: psOnly_1mod.elf'
'Invoking: ARM v7 Linux g++ linker'
arm-linux-gnueabihf-g++  -o "psOnly_1mod.elf"  ./src/Impedance_v1.o ./src/KalmanPos_v1.o ./src/Time_Meas.o ./src/butter.o ./src/main.o ./src/xil_uio.o   
./src/butter.o: In function `butter::butter(float*, float*)':
C:\shared_vb\GitHub\sensorMod_ptlnx\psOnly_1mod\Debug/../src/butter.cpp:4: undefined reference to `butter::Initialize(float*, float*)'
./src/butter.o: In function `butter::butter()':
C:\shared_vb\GitHub\sensorMod_ptlnx\psOnly_1mod\Debug/../src/butter.cpp:8: undefined reference to `butter::Initialize(float*, float*)'
collect2.exe: error: ld returned 1 exit status
make: *** [psOnly_1mod.elf] Error 1
16:42:29 **** Auto Build of configuration Debug for project psOnly_1mod ****
make all 
'Building file: ../src/butter.cpp'
'Invoking: ARM v7 Linux g++ compiler'
arm-linux-gnueabihf-g++ -Wall -O0 -g3 -c -fmessage-length=0 -MT"src/butter.o" -MMD -MP -MF"src/butter.d" -MT"src/butter.o" -o "src/butter.o" "../src/butter.cpp"
../src/butter.cpp:11:39: error: ISO C++ forbids declaration of 'Initialize' with no type [-fpermissive]
 butter::Initialize(_real* x,  _real* y){
                                       ^
../src/butter.cpp:11:1: error: prototype for 'int butter::Initialize(_real*, _real*)' does not match any in class 'butter'
 butter::Initialize(_real* x,  _real* y){
 ^~~~~~
In file included from ../src/butter.cpp:1:0:
../src/butter.hpp:16:7: error: candidate is: void butter::Initialize(_real*, _real*)
  void Initialize(_real*, _real*);
       ^~~~~~~~~~
make: *** [src/butter.o] Error 1
16:42:41 **** Auto Build of configuration Debug for project psOnly_1mod ****
make all 
'Building file: ../src/butter.cpp'
'Invoking: ARM v7 Linux g++ compiler'
arm-linux-gnueabihf-g++ -Wall -O0 -g3 -c -fmessage-length=0 -MT"src/butter.o" -MMD -MP -MF"src/butter.d" -MT"src/butter.o" -o "src/butter.o" "../src/butter.cpp"
'Finished building: ../src/butter.cpp'
' '
'Building target: psOnly_1mod.elf'
'Invoking: ARM v7 Linux g++ linker'
arm-linux-gnueabihf-g++  -o "psOnly_1mod.elf"  ./src/Impedance_v1.o ./src/KalmanPos_v1.o ./src/Time_Meas.o ./src/butter.o ./src/main.o ./src/xil_uio.o   
'Finished building target: psOnly_1mod.elf'
' '
'Invoking: ARM v7 Linux Print Size'
arm-linux-gnueabihf-size psOnly_1mod.elf  |tee "psOnly_1mod.elf.size"
   text	   data	    bss	    dec	    hex	filename
   9411	    344	     48	   9803	   264b	psOnly_1mod.elf
'Finished building: psOnly_1mod.elf.size'
' '
16:43:10 **** Auto Build of configuration Debug for project psOnly_1mod ****
make all 
'Building file: ../src/main.cpp'
'Invoking: ARM v7 Linux g++ compiler'
arm-linux-gnueabihf-g++ -Wall -O0 -g3 -c -fmessage-length=0 -MT"src/main.o" -MMD -MP -MF"src/main.d" -MT"src/main.o" -o "src/main.o" "../src/main.cpp"
'Finished building: ../src/main.cpp'
' '
'Building target: psOnly_1mod.elf'
'Invoking: ARM v7 Linux g++ linker'
arm-linux-gnueabihf-g++  -o "psOnly_1mod.elf"  ./src/Impedance_v1.o ./src/KalmanPos_v1.o ./src/Time_Meas.o ./src/butter.o ./src/main.o ./src/xil_uio.o   
'Finished building target: psOnly_1mod.elf'
' '
'Invoking: ARM v7 Linux Print Size'
arm-linux-gnueabihf-size psOnly_1mod.elf  |tee "psOnly_1mod.elf.size"
   text	   data	    bss	    dec	    hex	filename
   9551	    344	     48	   9943	   26d7	psOnly_1mod.elf
'Finished building: psOnly_1mod.elf.size'
' '
16:44:14 **** Auto Build of configuration Debug for project psOnly_1mod ****
make all 
'Building file: ../src/Impedance_v1.cpp'
'Invoking: ARM v7 Linux g++ compiler'
arm-linux-gnueabihf-g++ -Wall -O0 -g3 -c -fmessage-length=0 -MT"src/Impedance_v1.o" -MMD -MP -MF"src/Impedance_v1.d" -MT"src/Impedance_v1.o" -o "src/Impedance_v1.o" "../src/Impedance_v1.cpp"
../src/Impedance_v1.cpp: In constructor 'Impedance::Impedance(_real*, _real*, _real*, _real*, _real*)':
../src/Impedance_v1.cpp:26:13: error: no matching function for call to 'Impedance::Initialize()'
  Initialize();
             ^
In file included from ../src/Impedance_v1.cpp:6:0:
../src/Impedance_v1.hpp:27:7: note: candidate: void Impedance::Initialize(_real*, _real*, _real*, _real*, _real*)
  void Initialize(_real*, _real*, _real*, _real*, _real*);
       ^~~~~~~~~~
../src/Impedance_v1.hpp:27:7: note:   candidate expects 5 arguments, 0 provided
../src/Impedance_v1.cpp: In member function 'void Impedance::SetMode(int32_t)':
../src/Impedance_v1.cpp:111:25: error: no matching function for call to 'Impedance::Initialize()'
   Impedance::Initialize();
                         ^
In file included from ../src/Impedance_v1.cpp:6:0:
../src/Impedance_v1.hpp:27:7: note: candidate: void Impedance::Initialize(_real*, _real*, _real*, _real*, _real*)
  void Initialize(_real*, _real*, _real*, _real*, _real*);
       ^~~~~~~~~~
../src/Impedance_v1.hpp:27:7: note:   candidate expects 5 arguments, 0 provided
../src/Impedance_v1.cpp: At global scope:
../src/Impedance_v1.cpp:120:6: error: prototype for 'void Impedance::Initialize()' does not match any in class 'Impedance'
 void Impedance::Initialize(){
      ^~~~~~~~~
In file included from ../src/Impedance_v1.cpp:6:0:
../src/Impedance_v1.hpp:27:7: error: candidate is: void Impedance::Initialize(_real*, _real*, _real*, _real*, _real*)
  void Initialize(_real*, _real*, _real*, _real*, _real*);
       ^~~~~~~~~~
make: *** [src/Impedance_v1.o] Error 1
16:46:27 **** Auto Build of configuration Debug for project psOnly_1mod ****
make all 
'Building file: ../src/Impedance_v1.cpp'
'Invoking: ARM v7 Linux g++ compiler'
arm-linux-gnueabihf-g++ -Wall -O0 -g3 -c -fmessage-length=0 -MT"src/Impedance_v1.o" -MMD -MP -MF"src/Impedance_v1.d" -MT"src/Impedance_v1.o" -o "src/Impedance_v1.o" "../src/Impedance_v1.cpp"
../src/Impedance_v1.cpp: In constructor 'Impedance::Impedance(_real*, _real*, _real*, _real*, _real*)':
../src/Impedance_v1.cpp:13:18: error: expected primary-expression before '*' token
  Initialize(_real* Input, _real* x_e, _real* x_ep, _real* Output, _real* Setpoint);
                  ^
../src/Impedance_v1.cpp:13:32: error: expected primary-expression before '*' token
  Initialize(_real* Input, _real* x_e, _real* x_ep, _real* Output, _real* Setpoint);
                                ^
../src/Impedance_v1.cpp:13:44: error: expected primary-expression before '*' token
  Initialize(_real* Input, _real* x_e, _real* x_ep, _real* Output, _real* Setpoint);
                                            ^
../src/Impedance_v1.cpp:13:57: error: expected primary-expression before '*' token
  Initialize(_real* Input, _real* x_e, _real* x_ep, _real* Output, _real* Setpoint);
                                                         ^
../src/Impedance_v1.cpp:13:72: error: expected primary-expression before '*' token
  Initialize(_real* Input, _real* x_e, _real* x_ep, _real* Output, _real* Setpoint);
                                                                        ^
../src/Impedance_v1.cpp: In member function 'void Impedance::SetMode(int32_t)':
../src/Impedance_v1.cpp:130:25: error: no matching function for call to 'Impedance::Initialize()'
   Impedance::Initialize();
                         ^
../src/Impedance_v1.cpp:24:6: note: candidate: void Impedance::Initialize(_real*, _real*, _real*, _real*, _real*)
 void Impedance::Initialize(_real* Input, _real* x_e, _real* x_ep, _real* Output, _real* Setpoint){
      ^~~~~~~~~
../src/Impedance_v1.cpp:24:6: note:   candidate expects 5 arguments, 0 provided
make: *** [src/Impedance_v1.o] Error 1
16:46:48 **** Auto Build of configuration Debug for project psOnly_1mod ****
make all 
'Building file: ../src/Impedance_v1.cpp'
'Invoking: ARM v7 Linux g++ compiler'
arm-linux-gnueabihf-g++ -Wall -O0 -g3 -c -fmessage-length=0 -MT"src/Impedance_v1.o" -MMD -MP -MF"src/Impedance_v1.d" -MT"src/Impedance_v1.o" -o "src/Impedance_v1.o" "../src/Impedance_v1.cpp"
../src/Impedance_v1.cpp: In constructor 'Impedance::Impedance(_real*, _real*, _real*, _real*, _real*)':
../src/Impedance_v1.cpp:13:13: error: '_Input' was not declared in this scope
  Initialize(_Input, x_e, x_ep, Output, Setpoint);
             ^~~~~~
../src/Impedance_v1.cpp:13:13: note: suggested alternative: 'Input'
  Initialize(_Input, x_e, x_ep, Output, Setpoint);
             ^~~~~~
             Input
../src/Impedance_v1.cpp: In member function 'void Impedance::SetMode(int32_t)':
../src/Impedance_v1.cpp:130:25: error: no matching function for call to 'Impedance::Initialize()'
   Impedance::Initialize();
                         ^
../src/Impedance_v1.cpp:24:6: note: candidate: void Impedance::Initialize(_real*, _real*, _real*, _real*, _real*)
 void Impedance::Initialize(_real* Input, _real* x_e, _real* x_ep, _real* Output, _real* Setpoint){
      ^~~~~~~~~
../src/Impedance_v1.cpp:24:6: note:   candidate expects 5 arguments, 0 provided
make: *** [src/Impedance_v1.o] Error 1
16:46:57 **** Auto Build of configuration Debug for project psOnly_1mod ****
make all 
'Building file: ../src/Impedance_v1.cpp'
'Invoking: ARM v7 Linux g++ compiler'
arm-linux-gnueabihf-g++ -Wall -O0 -g3 -c -fmessage-length=0 -MT"src/Impedance_v1.o" -MMD -MP -MF"src/Impedance_v1.d" -MT"src/Impedance_v1.o" -o "src/Impedance_v1.o" "../src/Impedance_v1.cpp"
../src/Impedance_v1.cpp: In member function 'void Impedance::SetMode(int32_t)':
../src/Impedance_v1.cpp:130:25: error: no matching function for call to 'Impedance::Initialize()'
   Impedance::Initialize();
                         ^
../src/Impedance_v1.cpp:24:6: note: candidate: void Impedance::Initialize(_real*, _real*, _real*, _real*, _real*)
 void Impedance::Initialize(_real* Input, _real* x_e, _real* x_ep, _real* Output, _real* Setpoint){
      ^~~~~~~~~
../src/Impedance_v1.cpp:24:6: note:   candidate expects 5 arguments, 0 provided
make: *** [src/Impedance_v1.o] Error 1
16:47:45 **** Auto Build of configuration Debug for project psOnly_1mod ****
make all 
'Building file: ../src/Impedance_v1.cpp'
'Invoking: ARM v7 Linux g++ compiler'
arm-linux-gnueabihf-g++ -Wall -O0 -g3 -c -fmessage-length=0 -MT"src/Impedance_v1.o" -MMD -MP -MF"src/Impedance_v1.d" -MT"src/Impedance_v1.o" -o "src/Impedance_v1.o" "../src/Impedance_v1.cpp"
../src/Impedance_v1.cpp: In member function 'void Impedance::SetMode(int32_t)':
../src/Impedance_v1.cpp:129:25: error: no matching function for call to 'Impedance::Initialize()'
   Impedance::Initialize();
                         ^
../src/Impedance_v1.cpp:24:6: note: candidate: void Impedance::Initialize(_real*, _real*, _real*, _real*, _real*)
 void Impedance::Initialize(_real* Input, _real* x_e, _real* x_ep, _real* Output, _real* Setpoint){
      ^~~~~~~~~
../src/Impedance_v1.cpp:24:6: note:   candidate expects 5 arguments, 0 provided
make: *** [src/Impedance_v1.o] Error 1
16:48:53 **** Auto Build of configuration Debug for project psOnly_1mod ****
make all 
'Building file: ../src/Impedance_v1.cpp'
'Invoking: ARM v7 Linux g++ compiler'
arm-linux-gnueabihf-g++ -Wall -O0 -g3 -c -fmessage-length=0 -MT"src/Impedance_v1.o" -MMD -MP -MF"src/Impedance_v1.d" -MT"src/Impedance_v1.o" -o "src/Impedance_v1.o" "../src/Impedance_v1.cpp"
../src/Impedance_v1.cpp: In member function 'void Impedance::Initialize(_real*, _real*, _real*, _real*, _real*)':
../src/Impedance_v1.cpp:38:2: error: 'Reset' was not declared in this scope
  Reset();
  ^~~~~
../src/Impedance_v1.cpp:38:2: note: suggested alternative: 'tzset'
  Reset();
  ^~~~~
  tzset
../src/Impedance_v1.cpp: In member function 'void Impedance::SetMode(int32_t)':
../src/Impedance_v1.cpp:123:3: error: 'Reset' was not declared in this scope
   Reset();
   ^~~~~
../src/Impedance_v1.cpp:123:3: note: suggested alternative: 'tzset'
   Reset();
   ^~~~~
   tzset
../src/Impedance_v1.cpp: In function 'void Reset()':
../src/Impedance_v1.cpp:129:2: error: 'xpp' was not declared in this scope
  xpp = 0;
  ^~~
../src/Impedance_v1.cpp:130:3: error: 'xp' was not declared in this scope
   xp = 0;
   ^~
../src/Impedance_v1.cpp:131:3: error: 'x' was not declared in this scope
   x = 0;
   ^
../src/Impedance_v1.cpp:133:3: error: 'last_xpp' was not declared in this scope
   last_xpp = 0;
   ^~~~~~~~
../src/Impedance_v1.cpp:134:3: error: 'last_xp' was not declared in this scope
   last_xp = 0;
   ^~~~~~~
../src/Impedance_v1.cpp:135:3: error: 'last_x' was not declared in this scope
   last_x = 0;
   ^~~~~~
make: *** [src/Impedance_v1.o] Error 1
16:49:00 **** Auto Build of configuration Debug for project psOnly_1mod ****
make all 
'Building file: ../src/Impedance_v1.cpp'
'Invoking: ARM v7 Linux g++ compiler'
arm-linux-gnueabihf-g++ -Wall -O0 -g3 -c -fmessage-length=0 -MT"src/Impedance_v1.o" -MMD -MP -MF"src/Impedance_v1.d" -MT"src/Impedance_v1.o" -o "src/Impedance_v1.o" "../src/Impedance_v1.cpp"
../src/Impedance_v1.cpp: In member function 'void Impedance::Initialize(_real*, _real*, _real*, _real*, _real*)':
../src/Impedance_v1.cpp:38:2: error: 'Reset' was not declared in this scope
  Reset();
  ^~~~~
../src/Impedance_v1.cpp:38:2: note: suggested alternative: 'tzset'
  Reset();
  ^~~~~
  tzset
../src/Impedance_v1.cpp: In member function 'void Impedance::SetMode(int32_t)':
../src/Impedance_v1.cpp:123:3: error: 'Reset' was not declared in this scope
   Reset();
   ^~~~~
../src/Impedance_v1.cpp:123:3: note: suggested alternative: 'tzset'
   Reset();
   ^~~~~
   tzset
../src/Impedance_v1.cpp: In function 'void Reset()':
../src/Impedance_v1.cpp:129:2: error: 'xpp' was not declared in this scope
  xpp = 0;
  ^~~
../src/Impedance_v1.cpp:130:2: error: 'xp' was not declared in this scope
  xp = 0;
  ^~
../src/Impedance_v1.cpp:131:2: error: 'x' was not declared in this scope
  x = 0;
  ^
../src/Impedance_v1.cpp:133:2: error: 'last_xpp' was not declared in this scope
  last_xpp = 0;
  ^~~~~~~~
../src/Impedance_v1.cpp:134:2: error: 'last_xp' was not declared in this scope
  last_xp = 0;
  ^~~~~~~
../src/Impedance_v1.cpp:135:2: error: 'last_x' was not declared in this scope
  last_x = 0;
  ^~~~~~
make: *** [src/Impedance_v1.o] Error 1
16:49:05 **** Auto Build of configuration Debug for project psOnly_1mod ****
make all 
'Building file: ../src/Impedance_v1.cpp'
'Invoking: ARM v7 Linux g++ compiler'
arm-linux-gnueabihf-g++ -Wall -O0 -g3 -c -fmessage-length=0 -MT"src/Impedance_v1.o" -MMD -MP -MF"src/Impedance_v1.d" -MT"src/Impedance_v1.o" -o "src/Impedance_v1.o" "../src/Impedance_v1.cpp"
../src/Impedance_v1.cpp: In function 'void Reset()':
../src/Impedance_v1.cpp:129:2: error: 'xpp' was not declared in this scope
  xpp = 0;
  ^~~
../src/Impedance_v1.cpp:130:2: error: 'xp' was not declared in this scope
  xp = 0;
  ^~
../src/Impedance_v1.cpp:131:2: error: 'x' was not declared in this scope
  x = 0;
  ^
../src/Impedance_v1.cpp:133:2: error: 'last_xpp' was not declared in this scope
  last_xpp = 0;
  ^~~~~~~~
../src/Impedance_v1.cpp:134:2: error: 'last_xp' was not declared in this scope
  last_xp = 0;
  ^~~~~~~
../src/Impedance_v1.cpp:135:2: error: 'last_x' was not declared in this scope
  last_x = 0;
  ^~~~~~
make: *** [src/Impedance_v1.o] Error 1
16:49:13 **** Auto Build of configuration Debug for project psOnly_1mod ****
make all 
'Building file: ../src/Impedance_v1.cpp'
'Invoking: ARM v7 Linux g++ compiler'
arm-linux-gnueabihf-g++ -Wall -O0 -g3 -c -fmessage-length=0 -MT"src/Impedance_v1.o" -MMD -MP -MF"src/Impedance_v1.d" -MT"src/Impedance_v1.o" -o "src/Impedance_v1.o" "../src/Impedance_v1.cpp"
'Finished building: ../src/Impedance_v1.cpp'
' '
'Building file: ../src/main.cpp'
'Invoking: ARM v7 Linux g++ compiler'
arm-linux-gnueabihf-g++ -Wall -O0 -g3 -c -fmessage-length=0 -MT"src/main.o" -MMD -MP -MF"src/main.d" -MT"src/main.o" -o "src/main.o" "../src/main.cpp"
'Finished building: ../src/main.cpp'
' '
'Building target: psOnly_1mod.elf'
'Invoking: ARM v7 Linux g++ linker'
arm-linux-gnueabihf-g++  -o "psOnly_1mod.elf"  ./src/Impedance_v1.o ./src/KalmanPos_v1.o ./src/Time_Meas.o ./src/butter.o ./src/main.o ./src/xil_uio.o   
'Finished building target: psOnly_1mod.elf'
' '
'Invoking: ARM v7 Linux Print Size'
arm-linux-gnueabihf-size psOnly_1mod.elf  |tee "psOnly_1mod.elf.size"
   text	   data	    bss	    dec	    hex	filename
   9719	    344	     48	  10111	   277f	psOnly_1mod.elf
'Finished building: psOnly_1mod.elf.size'
' '
16:49:53 **** Auto Build of configuration Debug for project psOnly_1mod ****
make all 
'Building file: ../src/main.cpp'
'Invoking: ARM v7 Linux g++ compiler'
arm-linux-gnueabihf-g++ -Wall -O0 -g3 -c -fmessage-length=0 -MT"src/main.o" -MMD -MP -MF"src/main.d" -MT"src/main.o" -o "src/main.o" "../src/main.cpp"
../src/main.cpp: In function 'int main()':
../src/main.cpp:113:18: error: base operand of '->' has non-pointer type 'KalmanPos'
   kalmanMod[nMod]->SetMode(AUTOMATIC);
                  ^~
../src/main.cpp:114:23: error: base operand of '->' has non-pointer type 'Impedance'
   impControllers[nMod]->SetMode(AUTOMATIC);
                       ^~
../src/main.cpp:135:20: error: base operand of '->' has non-pointer type 'KalmanPos'
     kalmanMod[nMod]->Estimate();
                    ^~
../src/main.cpp:136:25: error: base operand of '->' has non-pointer type 'Impedance'
     impControllers[nMod]->Compute();
                         ^~
../src/main.cpp:142:25: error: base operand of '->' has non-pointer type 'Impedance'
        impControllers[j]->Compute();
                         ^~
make: *** [src/main.o] Error 1
16:50:01 **** Auto Build of configuration Debug for project psOnly_1mod ****
make all 
'Building file: ../src/main.cpp'
'Invoking: ARM v7 Linux g++ compiler'
arm-linux-gnueabihf-g++ -Wall -O0 -g3 -c -fmessage-length=0 -MT"src/main.o" -MMD -MP -MF"src/main.d" -MT"src/main.o" -o "src/main.o" "../src/main.cpp"
../src/main.cpp: In function 'int main()':
../src/main.cpp:135:20: error: base operand of '->' has non-pointer type 'KalmanPos'
     kalmanMod[nMod]->Estimate();
                    ^~
../src/main.cpp:136:25: error: base operand of '->' has non-pointer type 'Impedance'
     impControllers[nMod]->Compute();
                         ^~
../src/main.cpp:142:25: error: base operand of '->' has non-pointer type 'Impedance'
        impControllers[j]->Compute();
                         ^~
make: *** [src/main.o] Error 1
16:50:14 **** Auto Build of configuration Debug for project psOnly_1mod ****
make all 
'Building file: ../src/main.cpp'
'Invoking: ARM v7 Linux g++ compiler'
arm-linux-gnueabihf-g++ -Wall -O0 -g3 -c -fmessage-length=0 -MT"src/main.o" -MMD -MP -MF"src/main.d" -MT"src/main.o" -o "src/main.o" "../src/main.cpp"
'Finished building: ../src/main.cpp'
' '
'Building target: psOnly_1mod.elf'
'Invoking: ARM v7 Linux g++ linker'
arm-linux-gnueabihf-g++  -o "psOnly_1mod.elf"  ./src/Impedance_v1.o ./src/KalmanPos_v1.o ./src/Time_Meas.o ./src/butter.o ./src/main.o ./src/xil_uio.o   
'Finished building target: psOnly_1mod.elf'
' '
'Invoking: ARM v7 Linux Print Size'
arm-linux-gnueabihf-size psOnly_1mod.elf  |tee "psOnly_1mod.elf.size"
   text	   data	    bss	    dec	    hex	filename
  11224	    348	     48	  11620	   2d64	psOnly_1mod.elf
'Finished building: psOnly_1mod.elf.size'
' '
16:50:38 **** Auto Build of configuration Debug for project psOnly_1mod ****
make all 
'Building file: ../src/main.cpp'
'Invoking: ARM v7 Linux g++ compiler'
arm-linux-gnueabihf-g++ -Wall -O0 -g3 -c -fmessage-length=0 -MT"src/main.o" -MMD -MP -MF"src/main.d" -MT"src/main.o" -o "src/main.o" "../src/main.cpp"
'Finished building: ../src/main.cpp'
' '
'Building target: psOnly_1mod.elf'
'Invoking: ARM v7 Linux g++ linker'
arm-linux-gnueabihf-g++  -o "psOnly_1mod.elf"  ./src/Impedance_v1.o ./src/KalmanPos_v1.o ./src/Time_Meas.o ./src/butter.o ./src/main.o ./src/xil_uio.o   
'Finished building target: psOnly_1mod.elf'
' '
'Invoking: ARM v7 Linux Print Size'
arm-linux-gnueabihf-size psOnly_1mod.elf  |tee "psOnly_1mod.elf.size"
   text	   data	    bss	    dec	    hex	filename
  11440	    348	     48	  11836	   2e3c	psOnly_1mod.elf
'Finished building: psOnly_1mod.elf.size'
' '
16:50:41 **** Incremental Build of configuration Debug for project psOnly_1mod ****
make all 
make: Nothing to be done for `all'.
16:53:02 **** Auto Build of configuration Debug for project psOnly_1mod ****
make all 
'Building file: ../src/main.cpp'
'Invoking: ARM v7 Linux g++ compiler'
arm-linux-gnueabihf-g++ -Wall -O0 -g3 -c -fmessage-length=0 -MT"src/main.o" -MMD -MP -MF"src/main.d" -MT"src/main.o" -o "src/main.o" "../src/main.cpp"
'Finished building: ../src/main.cpp'
' '
'Building target: psOnly_1mod.elf'
'Invoking: ARM v7 Linux g++ linker'
arm-linux-gnueabihf-g++  -o "psOnly_1mod.elf"  ./src/Impedance_v1.o ./src/KalmanPos_v1.o ./src/Time_Meas.o ./src/butter.o ./src/main.o ./src/xil_uio.o   
'Finished building target: psOnly_1mod.elf'
' '
'Invoking: ARM v7 Linux Print Size'
arm-linux-gnueabihf-size psOnly_1mod.elf  |tee "psOnly_1mod.elf.size"
   text	   data	    bss	    dec	    hex	filename
  11448	    348	     48	  11844	   2e44	psOnly_1mod.elf
'Finished building: psOnly_1mod.elf.size'
' '
16:56:44 **** Auto Build of configuration Debug for project psOnly_1mod ****
make all 
'Building file: ../src/main.cpp'
'Invoking: ARM v7 Linux g++ compiler'
arm-linux-gnueabihf-g++ -Wall -O0 -g3 -c -fmessage-length=0 -MT"src/main.o" -MMD -MP -MF"src/main.d" -MT"src/main.o" -o "src/main.o" "../src/main.cpp"
'Finished building: ../src/main.cpp'
' '
'Building target: psOnly_1mod.elf'
'Invoking: ARM v7 Linux g++ linker'
arm-linux-gnueabihf-g++  -o "psOnly_1mod.elf"  ./src/Impedance_v1.o ./src/KalmanPos_v1.o ./src/Time_Meas.o ./src/butter.o ./src/main.o ./src/xil_uio.o   
'Finished building target: psOnly_1mod.elf'
' '
'Invoking: ARM v7 Linux Print Size'
arm-linux-gnueabihf-size psOnly_1mod.elf  |tee "psOnly_1mod.elf.size"
   text	   data	    bss	    dec	    hex	filename
  11520	    348	     48	  11916	   2e8c	psOnly_1mod.elf
'Finished building: psOnly_1mod.elf.size'
' '
16:56:55 **** Auto Build of configuration Debug for project psOnly_1mod ****
make all 
'Building file: ../src/main.cpp'
'Invoking: ARM v7 Linux g++ compiler'
arm-linux-gnueabihf-g++ -Wall -O0 -g3 -c -fmessage-length=0 -MT"src/main.o" -MMD -MP -MF"src/main.d" -MT"src/main.o" -o "src/main.o" "../src/main.cpp"
'Finished building: ../src/main.cpp'
' '
'Building target: psOnly_1mod.elf'
'Invoking: ARM v7 Linux g++ linker'
arm-linux-gnueabihf-g++  -o "psOnly_1mod.elf"  ./src/Impedance_v1.o ./src/KalmanPos_v1.o ./src/Time_Meas.o ./src/butter.o ./src/main.o ./src/xil_uio.o   
'Finished building target: psOnly_1mod.elf'
' '
'Invoking: ARM v7 Linux Print Size'
arm-linux-gnueabihf-size psOnly_1mod.elf  |tee "psOnly_1mod.elf.size"
   text	   data	    bss	    dec	    hex	filename
  11532	    348	     48	  11928	   2e98	psOnly_1mod.elf
'Finished building: psOnly_1mod.elf.size'
' '
16:56:59 **** Incremental Build of configuration Debug for project psOnly_1mod ****
make all 
make: Nothing to be done for `all'.
16:58:06 **** Auto Build of configuration Debug for project psOnly_1mod ****
make all 
'Building file: ../src/main.cpp'
'Invoking: ARM v7 Linux g++ compiler'
arm-linux-gnueabihf-g++ -Wall -O0 -g3 -c -fmessage-length=0 -MT"src/main.o" -MMD -MP -MF"src/main.d" -MT"src/main.o" -o "src/main.o" "../src/main.cpp"
'Finished building: ../src/main.cpp'
' '
'Building target: psOnly_1mod.elf'
'Invoking: ARM v7 Linux g++ linker'
arm-linux-gnueabihf-g++  -o "psOnly_1mod.elf"  ./src/Impedance_v1.o ./src/KalmanPos_v1.o ./src/Time_Meas.o ./src/butter.o ./src/main.o ./src/xil_uio.o   
'Finished building target: psOnly_1mod.elf'
' '
'Invoking: ARM v7 Linux Print Size'
arm-linux-gnueabihf-size psOnly_1mod.elf  |tee "psOnly_1mod.elf.size"
   text	   data	    bss	    dec	    hex	filename
  11568	    348	     48	  11964	   2ebc	psOnly_1mod.elf
'Finished building: psOnly_1mod.elf.size'
' '
16:58:17 **** Auto Build of configuration Debug for project psOnly_1mod ****
make all 
'Building file: ../src/main.cpp'
'Invoking: ARM v7 Linux g++ compiler'
arm-linux-gnueabihf-g++ -Wall -O0 -g3 -c -fmessage-length=0 -MT"src/main.o" -MMD -MP -MF"src/main.d" -MT"src/main.o" -o "src/main.o" "../src/main.cpp"
'Finished building: ../src/main.cpp'
' '
'Building target: psOnly_1mod.elf'
'Invoking: ARM v7 Linux g++ linker'
arm-linux-gnueabihf-g++  -o "psOnly_1mod.elf"  ./src/Impedance_v1.o ./src/KalmanPos_v1.o ./src/Time_Meas.o ./src/butter.o ./src/main.o ./src/xil_uio.o   
'Finished building target: psOnly_1mod.elf'
' '
'Invoking: ARM v7 Linux Print Size'
arm-linux-gnueabihf-size psOnly_1mod.elf  |tee "psOnly_1mod.elf.size"
   text	   data	    bss	    dec	    hex	filename
  11532	    348	     48	  11928	   2e98	psOnly_1mod.elf
'Finished building: psOnly_1mod.elf.size'
' '
16:58:20 **** Incremental Build of configuration Debug for project psOnly_1mod ****
make all 
make: Nothing to be done for `all'.
17:02:22 **** Auto Build of configuration Debug for project psOnly_1mod ****
make all 
'Building file: ../src/main.cpp'
'Invoking: ARM v7 Linux g++ compiler'
arm-linux-gnueabihf-g++ -Wall -O0 -g3 -c -fmessage-length=0 -MT"src/main.o" -MMD -MP -MF"src/main.d" -MT"src/main.o" -o "src/main.o" "../src/main.cpp"
../src/main.cpp: In function 'int main()':
../src/main.cpp:169:40: error: expected primary-expression before '[' token
      impOut[nInd],voltOut[nInd], butter[0].lastTime);
                                        ^
make: *** [src/main.o] Error 1
17:02:47 **** Auto Build of configuration Debug for project psOnly_1mod ****
make all 
'Building file: ../src/main.cpp'
'Invoking: ARM v7 Linux g++ compiler'
arm-linux-gnueabihf-g++ -Wall -O0 -g3 -c -fmessage-length=0 -MT"src/main.o" -MMD -MP -MF"src/main.d" -MT"src/main.o" -o "src/main.o" "../src/main.cpp"
../src/main.cpp: In function 'int main()':
../src/main.cpp:169:46: error: 'uint64_t butter::lastTime' is private within this context
      impOut[nInd],voltOut[nInd], buttCurr[0].lastTime);
                                              ^~~~~~~~
In file included from ../src/main.cpp:9:0:
../src/butter.hpp:28:11: note: declared private here
  uint64_t lastTime, SampleTime;
           ^~~~~~~~
../src/main.cpp:169:54: warning: format '%d' expects argument of type 'int', but argument 10 has type 'uint64_t {aka long long unsigned int}' [-Wformat=]
      impOut[nInd],voltOut[nInd], buttCurr[0].lastTime);
                                  ~~~~~~~~~~~~~~~~~~~~^
make: *** [src/main.o] Error 1
17:03:26 **** Auto Build of configuration Debug for project psOnly_1mod ****
make all 
'Building file: ../src/butter.cpp'
'Invoking: ARM v7 Linux g++ compiler'
arm-linux-gnueabihf-g++ -Wall -O0 -g3 -c -fmessage-length=0 -MT"src/butter.o" -MMD -MP -MF"src/butter.d" -MT"src/butter.o" -o "src/butter.o" "../src/butter.cpp"
'Finished building: ../src/butter.cpp'
' '
'Building file: ../src/main.cpp'
'Invoking: ARM v7 Linux g++ compiler'
arm-linux-gnueabihf-g++ -Wall -O0 -g3 -c -fmessage-length=0 -MT"src/main.o" -MMD -MP -MF"src/main.d" -MT"src/main.o" -o "src/main.o" "../src/main.cpp"
../src/main.cpp: In function 'int main()':
../src/main.cpp:169:54: warning: format '%d' expects argument of type 'int', but argument 10 has type 'uint64_t {aka long long unsigned int}' [-Wformat=]
      impOut[nInd],voltOut[nInd], buttCurr[0].lastTime);
                                  ~~~~~~~~~~~~~~~~~~~~^
'Finished building: ../src/main.cpp'
' '
'Building target: psOnly_1mod.elf'
'Invoking: ARM v7 Linux g++ linker'
arm-linux-gnueabihf-g++  -o "psOnly_1mod.elf"  ./src/Impedance_v1.o ./src/KalmanPos_v1.o ./src/Time_Meas.o ./src/butter.o ./src/main.o ./src/xil_uio.o   
'Finished building target: psOnly_1mod.elf'
' '
'Invoking: ARM v7 Linux Print Size'
arm-linux-gnueabihf-size psOnly_1mod.elf  |tee "psOnly_1mod.elf.size"
   text	   data	    bss	    dec	    hex	filename
  11548	    348	     48	  11944	   2ea8	psOnly_1mod.elf
'Finished building: psOnly_1mod.elf.size'
' '
17:03:32 **** Incremental Build of configuration Debug for project psOnly_1mod ****
make all 
'Building file: ../src/butter.cpp'
'Invoking: ARM v7 Linux g++ compiler'
arm-linux-gnueabihf-g++ -Wall -O0 -g3 -c -fmessage-length=0 -MT"src/butter.o" -MMD -MP -MF"src/butter.d" -MT"src/butter.o" -o "src/butter.o" "../src/butter.cpp"
'Finished building: ../src/butter.cpp'
' '
'Building target: psOnly_1mod.elf'
'Invoking: ARM v7 Linux g++ linker'
arm-linux-gnueabihf-g++  -o "psOnly_1mod.elf"  ./src/Impedance_v1.o ./src/KalmanPos_v1.o ./src/Time_Meas.o ./src/butter.o ./src/main.o ./src/xil_uio.o   
'Finished building target: psOnly_1mod.elf'
' '
'Invoking: ARM v7 Linux Print Size'
arm-linux-gnueabihf-size psOnly_1mod.elf  |tee "psOnly_1mod.elf.size"
   text	   data	    bss	    dec	    hex	filename
  11548	    348	     48	  11944	   2ea8	psOnly_1mod.elf
'Finished building: psOnly_1mod.elf.size'
' '
17:05:22 **** Auto Build of configuration Debug for project psOnly_1mod ****
make all 
'Building file: ../src/butter.cpp'
'Invoking: ARM v7 Linux g++ compiler'
arm-linux-gnueabihf-g++ -Wall -O0 -g3 -c -fmessage-length=0 -MT"src/butter.o" -MMD -MP -MF"src/butter.d" -MT"src/butter.o" -o "src/butter.o" "../src/butter.cpp"
'Finished building: ../src/butter.cpp'
' '
'Building target: psOnly_1mod.elf'
'Invoking: ARM v7 Linux g++ linker'
arm-linux-gnueabihf-g++  -o "psOnly_1mod.elf"  ./src/Impedance_v1.o ./src/KalmanPos_v1.o ./src/Time_Meas.o ./src/butter.o ./src/main.o ./src/xil_uio.o   
'Finished building target: psOnly_1mod.elf'
' '
'Invoking: ARM v7 Linux Print Size'
arm-linux-gnueabihf-size psOnly_1mod.elf  |tee "psOnly_1mod.elf.size"
   text	   data	    bss	    dec	    hex	filename
  11552	    348	     48	  11948	   2eac	psOnly_1mod.elf
'Finished building: psOnly_1mod.elf.size'
' '
17:05:28 **** Incremental Build of configuration Debug for project psOnly_1mod ****
make all 
make: Nothing to be done for `all'.
17:06:15 **** Auto Build of configuration Debug for project psOnly_1mod ****
make all 
'Building file: ../src/butter.cpp'
'Invoking: ARM v7 Linux g++ compiler'
arm-linux-gnueabihf-g++ -Wall -O0 -g3 -c -fmessage-length=0 -MT"src/butter.o" -MMD -MP -MF"src/butter.d" -MT"src/butter.o" -o "src/butter.o" "../src/butter.cpp"
'Finished building: ../src/butter.cpp'
' '
'Building target: psOnly_1mod.elf'
'Invoking: ARM v7 Linux g++ linker'
arm-linux-gnueabihf-g++  -o "psOnly_1mod.elf"  ./src/Impedance_v1.o ./src/KalmanPos_v1.o ./src/Time_Meas.o ./src/butter.o ./src/main.o ./src/xil_uio.o   
'Finished building target: psOnly_1mod.elf'
' '
'Invoking: ARM v7 Linux Print Size'
arm-linux-gnueabihf-size psOnly_1mod.elf  |tee "psOnly_1mod.elf.size"
   text	   data	    bss	    dec	    hex	filename
  11556	    348	     48	  11952	   2eb0	psOnly_1mod.elf
'Finished building: psOnly_1mod.elf.size'
' '
17:06:17 **** Incremental Build of configuration Debug for project psOnly_1mod ****
make all 
make: Nothing to be done for `all'.
17:06:44 **** Auto Build of configuration Debug for project psOnly_1mod ****
make all 
'Building file: ../src/main.cpp'
'Invoking: ARM v7 Linux g++ compiler'
arm-linux-gnueabihf-g++ -Wall -O0 -g3 -c -fmessage-length=0 -MT"src/main.o" -MMD -MP -MF"src/main.d" -MT"src/main.o" -o "src/main.o" "../src/main.cpp"
../src/main.cpp: In function 'int main()':
../src/main.cpp:169:54: warning: too many arguments for format [-Wformat-extra-args]
      impOut[nInd],voltOut[nInd], buttCurr[0].lastTime);
                                                      ^
'Finished building: ../src/main.cpp'
' '
'Building target: psOnly_1mod.elf'
'Invoking: ARM v7 Linux g++ linker'
arm-linux-gnueabihf-g++  -o "psOnly_1mod.elf"  ./src/Impedance_v1.o ./src/KalmanPos_v1.o ./src/Time_Meas.o ./src/butter.o ./src/main.o ./src/xil_uio.o   
'Finished building target: psOnly_1mod.elf'
' '
'Invoking: ARM v7 Linux Print Size'
arm-linux-gnueabihf-size psOnly_1mod.elf  |tee "psOnly_1mod.elf.size"
   text	   data	    bss	    dec	    hex	filename
  11548	    348	     48	  11944	   2ea8	psOnly_1mod.elf
'Finished building: psOnly_1mod.elf.size'
' '
17:06:47 **** Incremental Build of configuration Debug for project psOnly_1mod ****
make all 
make: Nothing to be done for `all'.
17:09:17 **** Auto Build of configuration Debug for project psOnly_1mod ****
make all 
'Building file: ../src/main.cpp'
'Invoking: ARM v7 Linux g++ compiler'
arm-linux-gnueabihf-g++ -Wall -O0 -g3 -c -fmessage-length=0 -MT"src/main.o" -MMD -MP -MF"src/main.d" -MT"src/main.o" -o "src/main.o" "../src/main.cpp"
'Finished building: ../src/main.cpp'
' '
'Building target: psOnly_1mod.elf'
'Invoking: ARM v7 Linux g++ linker'
arm-linux-gnueabihf-g++  -o "psOnly_1mod.elf"  ./src/Impedance_v1.o ./src/KalmanPos_v1.o ./src/Time_Meas.o ./src/butter.o ./src/main.o ./src/xil_uio.o   
'Finished building target: psOnly_1mod.elf'
' '
'Invoking: ARM v7 Linux Print Size'
arm-linux-gnueabihf-size psOnly_1mod.elf  |tee "psOnly_1mod.elf.size"
   text	   data	    bss	    dec	    hex	filename
  11288	    348	     48	  11684	   2da4	psOnly_1mod.elf
'Finished building: psOnly_1mod.elf.size'
' '
17:10:01 **** Incremental Build of configuration Debug for project psOnly_1mod ****
make all 
make: Nothing to be done for `all'.
17:16:25 **** Auto Build of configuration Debug for project sensorMod_test ****
make all 
'Building file: ../src/Impedance_v1.c'
'Invoking: ARM v7 Linux gcc compiler'
arm-linux-gnueabihf-gcc -Wall -O0 -g3 -c -fmessage-length=0 -MT"src/Impedance_v1.o" -MMD -MP -MF"src/Impedance_v1.d" -MT"src/Impedance_v1.o" -o "src/Impedance_v1.o" "../src/Impedance_v1.c"
'Finished building: ../src/Impedance_v1.c'
' '
'Building file: ../src/MotorDriver.c'
'Invoking: ARM v7 Linux gcc compiler'
arm-linux-gnueabihf-gcc -Wall -O0 -g3 -c -fmessage-length=0 -MT"src/MotorDriver.o" -MMD -MP -MF"src/MotorDriver.d" -MT"src/MotorDriver.o" -o "src/MotorDriver.o" "../src/MotorDriver.c"
'Finished building: ../src/MotorDriver.c'
' '
'Building file: ../src/SensorMod.c'
'Invoking: ARM v7 Linux gcc compiler'
arm-linux-gnueabihf-gcc -Wall -O0 -g3 -c -fmessage-length=0 -MT"src/SensorMod.o" -MMD -MP -MF"src/SensorMod.d" -MT"src/SensorMod.o" -o "src/SensorMod.o" "../src/SensorMod.c"
../src/SensorMod.c: In function 'sensorMod__printConfig':
../src/SensorMod.c:177:26: warning: format '%d' expects argument of type 'int', but argument 3 has type 'uint64_t {aka long long unsigned int}' [-Wformat=]
  printf("\tdt = %.10e | %d millis \n", dt, self->SampleTime);
                         ~^                 ~~~~~~~~~~~~~~~~
                         %lld
'Finished building: ../src/SensorMod.c'
' '
'Building file: ../src/Time_Meas.c'
'Invoking: ARM v7 Linux gcc compiler'
arm-linux-gnueabihf-gcc -Wall -O0 -g3 -c -fmessage-length=0 -MT"src/Time_Meas.o" -MMD -MP -MF"src/Time_Meas.d" -MT"src/Time_Meas.o" -o "src/Time_Meas.o" "../src/Time_Meas.c"
'Finished building: ../src/Time_Meas.c'
' '
'Building file: ../src/main.c'
'Invoking: ARM v7 Linux gcc compiler'
arm-linux-gnueabihf-gcc -Wall -O0 -g3 -c -fmessage-length=0 -MT"src/main.o" -MMD -MP -MF"src/main.d" -MT"src/main.o" -o "src/main.o" "../src/main.c"
../src/main.c: In function 'main':
../src/main.c:79:19: warning: format '%d' expects argument of type 'int', but argument 2 has type 'uint64_t {aka long long unsigned int}' [-Wformat=]
     printf("\n\t %d , %d\n", sensor_handler->lastTime, millis());
                  ~^          ~~~~~~~~~~~~~~~~~~~~~~~~
                  %lld
../src/main.c:79:24: warning: format '%d' expects argument of type 'int', but argument 3 has type 'uint64_t {aka long long unsigned int}' [-Wformat=]
     printf("\n\t %d , %d\n", sensor_handler->lastTime, millis());
                       ~^                               ~~~~~~~~
                       %lld
'Finished building: ../src/main.c'
' '
'Building file: ../src/xil_uio.c'
'Invoking: ARM v7 Linux gcc compiler'
arm-linux-gnueabihf-gcc -Wall -O0 -g3 -c -fmessage-length=0 -MT"src/xil_uio.o" -MMD -MP -MF"src/xil_uio.d" -MT"src/xil_uio.o" -o "src/xil_uio.o" "../src/xil_uio.c"
'Finished building: ../src/xil_uio.c'
' '
'Building target: sensorMod_test.elf'
'Invoking: ARM v7 Linux gcc linker'
arm-linux-gnueabihf-gcc  -o "sensorMod_test.elf"  ./src/Impedance_v1.o ./src/MotorDriver.o ./src/SensorMod.o ./src/Time_Meas.o ./src/main.o ./src/xil_uio.o   
'Finished building target: sensorMod_test.elf'
' '
'Invoking: ARM v7 Linux Print Size'
arm-linux-gnueabihf-size sensorMod_test.elf  |tee "sensorMod_test.elf.size"
   text	   data	    bss	    dec	    hex	filename
  11209	    336	     12	  11557	   2d25	sensorMod_test.elf
'Finished building: sensorMod_test.elf.size'
' '
17:16:47 **** Auto Build of configuration Debug for project psOnly_1mod ****
make all 
'Building file: ../src/Impedance_v1.cpp'
'Invoking: ARM v7 Linux g++ compiler'
arm-linux-gnueabihf-g++ -Wall -O0 -g3 -c -fmessage-length=0 -MT"src/Impedance_v1.o" -MMD -MP -MF"src/Impedance_v1.d" -MT"src/Impedance_v1.o" -o "src/Impedance_v1.o" "../src/Impedance_v1.cpp"
'Finished building: ../src/Impedance_v1.cpp'
' '
'Building file: ../src/KalmanPos_v1.cpp'
'Invoking: ARM v7 Linux g++ compiler'
arm-linux-gnueabihf-g++ -Wall -O0 -g3 -c -fmessage-length=0 -MT"src/KalmanPos_v1.o" -MMD -MP -MF"src/KalmanPos_v1.d" -MT"src/KalmanPos_v1.o" -o "src/KalmanPos_v1.o" "../src/KalmanPos_v1.cpp"
../src/KalmanPos_v1.cpp: In member function 'void KalmanPos::PrintConfig()':
../src/KalmanPos_v1.cpp:155:60: warning: format '%d' expects argument of type 'int', but argument 3 has type 'uint64_t {aka long long unsigned int}' [-Wformat=]
  printf("\tdt = %.10e | %d millis \n", my_dt, my_SampleTime);
                                               ~~~~~~~~~~~~~^
'Finished building: ../src/KalmanPos_v1.cpp'
' '
'Building file: ../src/butter.cpp'
'Invoking: ARM v7 Linux g++ compiler'
arm-linux-gnueabihf-g++ -Wall -O0 -g3 -c -fmessage-length=0 -MT"src/butter.o" -MMD -MP -MF"src/butter.d" -MT"src/butter.o" -o "src/butter.o" "../src/butter.cpp"
'Finished building: ../src/butter.cpp'
' '
'Building file: ../src/main.cpp'
'Invoking: ARM v7 Linux g++ compiler'
arm-linux-gnueabihf-g++ -Wall -O0 -g3 -c -fmessage-length=0 -MT"src/main.o" -MMD -MP -MF"src/main.d" -MT"src/main.o" -o "src/main.o" "../src/main.cpp"
'Finished building: ../src/main.cpp'
' '
'Building target: psOnly_1mod.elf'
'Invoking: ARM v7 Linux g++ linker'
arm-linux-gnueabihf-g++  -o "psOnly_1mod.elf"  ./src/Impedance_v1.o ./src/KalmanPos_v1.o ./src/Time_Meas.o ./src/butter.o ./src/main.o ./src/xil_uio.o   
'Finished building target: psOnly_1mod.elf'
' '
'Invoking: ARM v7 Linux Print Size'
arm-linux-gnueabihf-size psOnly_1mod.elf  |tee "psOnly_1mod.elf.size"
   text	   data	    bss	    dec	    hex	filename
  12844	    348	     88	  13280	   33e0	psOnly_1mod.elf
'Finished building: psOnly_1mod.elf.size'
' '
17:16:56 **** Incremental Build of configuration Debug for project psOnly_1mod ****
make all 
make: Nothing to be done for `all'.
17:18:38 **** Incremental Build of configuration Debug for project sensorMod_test ****
make all 
make: Nothing to be done for `all'.
17:19:34 **** Auto Build of configuration Debug for project psOnly_1mod ****
make all 
'Building file: ../src/main.cpp'
'Invoking: ARM v7 Linux g++ compiler'
arm-linux-gnueabihf-g++ -Wall -O0 -g3 -c -fmessage-length=0 -MT"src/main.o" -MMD -MP -MF"src/main.d" -MT"src/main.o" -o "src/main.o" "../src/main.cpp"
'Finished building: ../src/main.cpp'
' '
'Building target: psOnly_1mod.elf'
'Invoking: ARM v7 Linux g++ linker'
arm-linux-gnueabihf-g++  -o "psOnly_1mod.elf"  ./src/Impedance_v1.o ./src/KalmanPos_v1.o ./src/Time_Meas.o ./src/butter.o ./src/main.o ./src/xil_uio.o   
'Finished building target: psOnly_1mod.elf'
' '
'Invoking: ARM v7 Linux Print Size'
arm-linux-gnueabihf-size psOnly_1mod.elf  |tee "psOnly_1mod.elf.size"
   text	   data	    bss	    dec	    hex	filename
  12940	    348	    520	  13808	   35f0	psOnly_1mod.elf
'Finished building: psOnly_1mod.elf.size'
' '
17:19:42 **** Incremental Build of configuration Debug for project psOnly_1mod ****
make all 
make: Nothing to be done for `all'.
17:20:48 **** Incremental Build of configuration Debug for project psOnly_1mod ****
make all 
make: Nothing to be done for `all'.
17:21:41 **** Incremental Build of configuration Debug for project psOnly_1mod ****
make all 
'Building file: ../src/main.cpp'
'Invoking: ARM v7 Linux g++ compiler'
arm-linux-gnueabihf-g++ -Wall -O0 -g3 -c -fmessage-length=0 -MT"src/main.o" -MMD -MP -MF"src/main.d" -MT"src/main.o" -o "src/main.o" "../src/main.cpp"
'Finished building: ../src/main.cpp'
' '
'Building target: psOnly_1mod.elf'
'Invoking: ARM v7 Linux g++ linker'
arm-linux-gnueabihf-g++  -o "psOnly_1mod.elf"  ./src/Impedance_v1.o ./src/KalmanPos_v1.o ./src/Time_Meas.o ./src/butter.o ./src/main.o ./src/xil_uio.o   
'Finished building target: psOnly_1mod.elf'
' '
'Invoking: ARM v7 Linux Print Size'
arm-linux-gnueabihf-size psOnly_1mod.elf  |tee "psOnly_1mod.elf.size"
   text	   data	    bss	    dec	    hex	filename
  11307	    344	    520	  12171	   2f8b	psOnly_1mod.elf
'Finished building: psOnly_1mod.elf.size'
' '
17:21:58 **** Incremental Build of configuration Debug for project psOnly_1mod ****
make all 
'Building file: ../src/main.cpp'
'Invoking: ARM v7 Linux g++ compiler'
arm-linux-gnueabihf-g++ -Wall -O0 -g3 -c -fmessage-length=0 -MT"src/main.o" -MMD -MP -MF"src/main.d" -MT"src/main.o" -o "src/main.o" "../src/main.cpp"
'Finished building: ../src/main.cpp'
' '
'Building target: psOnly_1mod.elf'
'Invoking: ARM v7 Linux g++ linker'
arm-linux-gnueabihf-g++  -o "psOnly_1mod.elf"  ./src/Impedance_v1.o ./src/KalmanPos_v1.o ./src/Time_Meas.o ./src/butter.o ./src/main.o ./src/xil_uio.o   
'Finished building target: psOnly_1mod.elf'
' '
'Invoking: ARM v7 Linux Print Size'
arm-linux-gnueabihf-size psOnly_1mod.elf  |tee "psOnly_1mod.elf.size"
   text	   data	    bss	    dec	    hex	filename
  11627	    344	    520	  12491	   30cb	psOnly_1mod.elf
'Finished building: psOnly_1mod.elf.size'
' '
17:22:12 **** Auto Build of configuration Debug for project psOnly_1mod ****
make all 
'Building file: ../src/main.cpp'
'Invoking: ARM v7 Linux g++ compiler'
arm-linux-gnueabihf-g++ -Wall -O0 -g3 -c -fmessage-length=0 -MT"src/main.o" -MMD -MP -MF"src/main.d" -MT"src/main.o" -o "src/main.o" "../src/main.cpp"
'Finished building: ../src/main.cpp'
' '
'Building target: psOnly_1mod.elf'
'Invoking: ARM v7 Linux g++ linker'
arm-linux-gnueabihf-g++  -o "psOnly_1mod.elf"  ./src/Impedance_v1.o ./src/KalmanPos_v1.o ./src/Time_Meas.o ./src/butter.o ./src/main.o ./src/xil_uio.o   
'Finished building target: psOnly_1mod.elf'
' '
'Invoking: ARM v7 Linux Print Size'
arm-linux-gnueabihf-size psOnly_1mod.elf  |tee "psOnly_1mod.elf.size"
   text	   data	    bss	    dec	    hex	filename
  11739	    344	    520	  12603	   313b	psOnly_1mod.elf
'Finished building: psOnly_1mod.elf.size'
' '
17:22:15 **** Incremental Build of configuration Debug for project psOnly_1mod ****
make all 
make: Nothing to be done for `all'.
17:22:26 **** Auto Build of configuration Debug for project psOnly_1mod ****
make all 
'Building file: ../src/main.cpp'
'Invoking: ARM v7 Linux g++ compiler'
arm-linux-gnueabihf-g++ -Wall -O0 -g3 -c -fmessage-length=0 -MT"src/main.o" -MMD -MP -MF"src/main.d" -MT"src/main.o" -o "src/main.o" "../src/main.cpp"
../src/main.cpp: In function 'int main()':
../src/main.cpp:122:9: warning: unused variable 'n_data' [-Wunused-variable]
  size_t n_data = sizeof(rawPos)/sizeof(*rawPos);
         ^~~~~~
'Finished building: ../src/main.cpp'
' '
'Building target: psOnly_1mod.elf'
'Invoking: ARM v7 Linux g++ linker'
arm-linux-gnueabihf-g++  -o "psOnly_1mod.elf"  ./src/Impedance_v1.o ./src/KalmanPos_v1.o ./src/Time_Meas.o ./src/butter.o ./src/main.o ./src/xil_uio.o   
'Finished building target: psOnly_1mod.elf'
' '
'Invoking: ARM v7 Linux Print Size'
arm-linux-gnueabihf-size psOnly_1mod.elf  |tee "psOnly_1mod.elf.size"
   text	   data	    bss	    dec	    hex	filename
  11959	    344	    520	  12823	   3217	psOnly_1mod.elf
'Finished building: psOnly_1mod.elf.size'
' '
17:22:28 **** Incremental Build of configuration Debug for project psOnly_1mod ****
make all 
make: Nothing to be done for `all'.
17:22:43 **** Auto Build of configuration Debug for project psOnly_1mod ****
make all 
'Building file: ../src/main.cpp'
'Invoking: ARM v7 Linux g++ compiler'
arm-linux-gnueabihf-g++ -Wall -O0 -g3 -c -fmessage-length=0 -MT"src/main.o" -MMD -MP -MF"src/main.d" -MT"src/main.o" -o "src/main.o" "../src/main.cpp"
../src/main.cpp: In function 'int main()':
../src/main.cpp:122:9: warning: unused variable 'n_data' [-Wunused-variable]
  size_t n_data = sizeof(rawPos)/sizeof(*rawPos);
         ^~~~~~
'Finished building: ../src/main.cpp'
' '
'Building target: psOnly_1mod.elf'
'Invoking: ARM v7 Linux g++ linker'
arm-linux-gnueabihf-g++  -o "psOnly_1mod.elf"  ./src/Impedance_v1.o ./src/KalmanPos_v1.o ./src/Time_Meas.o ./src/butter.o ./src/main.o ./src/xil_uio.o   
'Finished building target: psOnly_1mod.elf'
' '
'Invoking: ARM v7 Linux Print Size'
arm-linux-gnueabihf-size psOnly_1mod.elf  |tee "psOnly_1mod.elf.size"
   text	   data	    bss	    dec	    hex	filename
  11755	    344	    520	  12619	   314b	psOnly_1mod.elf
'Finished building: psOnly_1mod.elf.size'
' '
17:22:46 **** Incremental Build of configuration Debug for project psOnly_1mod ****
make all 
make: Nothing to be done for `all'.
17:23:02 **** Auto Build of configuration Debug for project psOnly_1mod ****
make all 
'Building file: ../src/main.cpp'
'Invoking: ARM v7 Linux g++ compiler'
arm-linux-gnueabihf-g++ -Wall -O0 -g3 -c -fmessage-length=0 -MT"src/main.o" -MMD -MP -MF"src/main.d" -MT"src/main.o" -o "src/main.o" "../src/main.cpp"
'Finished building: ../src/main.cpp'
' '
'Building target: psOnly_1mod.elf'
'Invoking: ARM v7 Linux g++ linker'
arm-linux-gnueabihf-g++  -o "psOnly_1mod.elf"  ./src/Impedance_v1.o ./src/KalmanPos_v1.o ./src/Time_Meas.o ./src/butter.o ./src/main.o ./src/xil_uio.o   
'Finished building target: psOnly_1mod.elf'
' '
'Invoking: ARM v7 Linux Print Size'
arm-linux-gnueabihf-size psOnly_1mod.elf  |tee "psOnly_1mod.elf.size"
   text	   data	    bss	    dec	    hex	filename
  11739	    344	    520	  12603	   313b	psOnly_1mod.elf
'Finished building: psOnly_1mod.elf.size'
' '
17:23:04 **** Incremental Build of configuration Debug for project psOnly_1mod ****
make all 
make: Nothing to be done for `all'.
17:23:28 **** Auto Build of configuration Debug for project psOnly_1mod ****
make all 
'Building file: ../src/main.cpp'
'Invoking: ARM v7 Linux g++ compiler'
arm-linux-gnueabihf-g++ -Wall -O0 -g3 -c -fmessage-length=0 -MT"src/main.o" -MMD -MP -MF"src/main.d" -MT"src/main.o" -o "src/main.o" "../src/main.cpp"
../src/main.cpp: In function 'int main()':
../src/main.cpp:122:9: warning: unused variable 'n_data' [-Wunused-variable]
  size_t n_data = sizeof(rawPos)/sizeof(*rawPos);
         ^~~~~~
'Finished building: ../src/main.cpp'
' '
'Building target: psOnly_1mod.elf'
'Invoking: ARM v7 Linux g++ linker'
arm-linux-gnueabihf-g++  -o "psOnly_1mod.elf"  ./src/Impedance_v1.o ./src/KalmanPos_v1.o ./src/Time_Meas.o ./src/butter.o ./src/main.o ./src/xil_uio.o   
'Finished building target: psOnly_1mod.elf'
' '
'Invoking: ARM v7 Linux Print Size'
arm-linux-gnueabihf-size psOnly_1mod.elf  |tee "psOnly_1mod.elf.size"
   text	   data	    bss	    dec	    hex	filename
  11755	    344	    520	  12619	   314b	psOnly_1mod.elf
'Finished building: psOnly_1mod.elf.size'
' '
17:23:31 **** Incremental Build of configuration Debug for project psOnly_1mod ****
make all 
make: Nothing to be done for `all'.
17:24:46 **** Incremental Build of configuration Debug for project psOnly_1mod ****
make all 
make: Nothing to be done for `all'.
17:25:07 **** Auto Build of configuration Debug for project psOnly_1mod ****
make all 
'Building file: ../src/Impedance_v1.cpp'
'Invoking: ARM v7 Linux g++ compiler'
arm-linux-gnueabihf-g++ -Wall -O0 -g3 -c -fmessage-length=0 -MT"src/Impedance_v1.o" -MMD -MP -MF"src/Impedance_v1.d" -MT"src/Impedance_v1.o" -o "src/Impedance_v1.o" "../src/Impedance_v1.cpp"
'Finished building: ../src/Impedance_v1.cpp'
' '
'Building file: ../src/KalmanPos_v1.cpp'
'Invoking: ARM v7 Linux g++ compiler'
arm-linux-gnueabihf-g++ -Wall -O0 -g3 -c -fmessage-length=0 -MT"src/KalmanPos_v1.o" -MMD -MP -MF"src/KalmanPos_v1.d" -MT"src/KalmanPos_v1.o" -o "src/KalmanPos_v1.o" "../src/KalmanPos_v1.cpp"
../src/KalmanPos_v1.cpp: In member function 'void KalmanPos::PrintConfig()':
../src/KalmanPos_v1.cpp:155:60: warning: format '%d' expects argument of type 'int', but argument 3 has type 'uint64_t {aka long long unsigned int}' [-Wformat=]
  printf("\tdt = %.10e | %d millis \n", my_dt, my_SampleTime);
                                               ~~~~~~~~~~~~~^
'Finished building: ../src/KalmanPos_v1.cpp'
' '
'Building file: ../src/butter.cpp'
'Invoking: ARM v7 Linux g++ compiler'
arm-linux-gnueabihf-g++ -Wall -O0 -g3 -c -fmessage-length=0 -MT"src/butter.o" -MMD -MP -MF"src/butter.d" -MT"src/butter.o" -o "src/butter.o" "../src/butter.cpp"
'Finished building: ../src/butter.cpp'
' '
'Building file: ../src/main.cpp'
'Invoking: ARM v7 Linux g++ compiler'
arm-linux-gnueabihf-g++ -Wall -O0 -g3 -c -fmessage-length=0 -MT"src/main.o" -MMD -MP -MF"src/main.d" -MT"src/main.o" -o "src/main.o" "../src/main.cpp"
../src/main.cpp: In function 'int main()':
../src/main.cpp:122:9: warning: unused variable 'n_data' [-Wunused-variable]
  size_t n_data = sizeof(rawPos)/sizeof(*rawPos);
         ^~~~~~
'Finished building: ../src/main.cpp'
' '
'Building target: psOnly_1mod.elf'
'Invoking: ARM v7 Linux g++ linker'
arm-linux-gnueabihf-g++  -o "psOnly_1mod.elf"  ./src/Impedance_v1.o ./src/KalmanPos_v1.o ./src/Time_Meas.o ./src/butter.o ./src/main.o ./src/xil_uio.o   
'Finished building target: psOnly_1mod.elf'
' '
'Invoking: ARM v7 Linux Print Size'
arm-linux-gnueabihf-size psOnly_1mod.elf  |tee "psOnly_1mod.elf.size"
   text	   data	    bss	    dec	    hex	filename
  10219	    344	    264	  10827	   2a4b	psOnly_1mod.elf
'Finished building: psOnly_1mod.elf.size'
' '
17:25:14 **** Incremental Build of configuration Debug for project psOnly_1mod ****
make all 
make: Nothing to be done for `all'.
17:25:19 **** Incremental Build of configuration Debug for project psOnly_1mod ****
make all 
make: Nothing to be done for `all'.
17:25:32 **** Auto Build of configuration Debug for project psOnly_1mod ****
make all 
'Building file: ../src/main.cpp'
'Invoking: ARM v7 Linux g++ compiler'
arm-linux-gnueabihf-g++ -Wall -O0 -g3 -c -fmessage-length=0 -MT"src/main.o" -MMD -MP -MF"src/main.d" -MT"src/main.o" -o "src/main.o" "../src/main.cpp"
'Finished building: ../src/main.cpp'
' '
'Building target: psOnly_1mod.elf'
'Invoking: ARM v7 Linux g++ linker'
arm-linux-gnueabihf-g++  -o "psOnly_1mod.elf"  ./src/Impedance_v1.o ./src/KalmanPos_v1.o ./src/Time_Meas.o ./src/butter.o ./src/main.o ./src/xil_uio.o   
'Finished building target: psOnly_1mod.elf'
' '
'Invoking: ARM v7 Linux Print Size'
arm-linux-gnueabihf-size psOnly_1mod.elf  |tee "psOnly_1mod.elf.size"
   text	   data	    bss	    dec	    hex	filename
  11380	    348	    264	  11992	   2ed8	psOnly_1mod.elf
'Finished building: psOnly_1mod.elf.size'
' '
17:25:35 **** Incremental Build of configuration Debug for project psOnly_1mod ****
make all 
make: Nothing to be done for `all'.
17:25:46 **** Auto Build of configuration Debug for project psOnly_1mod ****
make all 
'Building file: ../src/main.cpp'
'Invoking: ARM v7 Linux g++ compiler'
arm-linux-gnueabihf-g++ -Wall -O0 -g3 -c -fmessage-length=0 -MT"src/main.o" -MMD -MP -MF"src/main.d" -MT"src/main.o" -o "src/main.o" "../src/main.cpp"
../src/main.cpp: In function 'int main()':
../src/main.cpp:122:9: warning: unused variable 'n_data' [-Wunused-variable]
  size_t n_data = sizeof(rawPos)/sizeof(*rawPos);
         ^~~~~~
'Finished building: ../src/main.cpp'
' '
'Building target: psOnly_1mod.elf'
'Invoking: ARM v7 Linux g++ linker'
arm-linux-gnueabihf-g++  -o "psOnly_1mod.elf"  ./src/Impedance_v1.o ./src/KalmanPos_v1.o ./src/Time_Meas.o ./src/butter.o ./src/main.o ./src/xil_uio.o   
'Finished building target: psOnly_1mod.elf'
' '
'Invoking: ARM v7 Linux Print Size'
arm-linux-gnueabihf-size psOnly_1mod.elf  |tee "psOnly_1mod.elf.size"
   text	   data	    bss	    dec	    hex	filename
  10427	    344	    264	  11035	   2b1b	psOnly_1mod.elf
'Finished building: psOnly_1mod.elf.size'
' '
17:25:49 **** Incremental Build of configuration Debug for project psOnly_1mod ****
make all 
make: Nothing to be done for `all'.
17:26:18 **** Incremental Build of configuration Debug for project psOnly_1mod ****
make all 
'Building file: ../src/main.cpp'
'Invoking: ARM v7 Linux g++ compiler'
arm-linux-gnueabihf-g++ -Wall -O0 -g3 -c -fmessage-length=0 -MT"src/main.o" -MMD -MP -MF"src/main.d" -MT"src/main.o" -o "src/main.o" "../src/main.cpp"
'Finished building: ../src/main.cpp'
' '
'Building target: psOnly_1mod.elf'
'Invoking: ARM v7 Linux g++ linker'
arm-linux-gnueabihf-g++  -o "psOnly_1mod.elf"  ./src/Impedance_v1.o ./src/KalmanPos_v1.o ./src/Time_Meas.o ./src/butter.o ./src/main.o ./src/xil_uio.o   
'Finished building target: psOnly_1mod.elf'
' '
'Invoking: ARM v7 Linux Print Size'
arm-linux-gnueabihf-size psOnly_1mod.elf  |tee "psOnly_1mod.elf.size"
   text	   data	    bss	    dec	    hex	filename
  10868	    348	    264	  11480	   2cd8	psOnly_1mod.elf
'Finished building: psOnly_1mod.elf.size'
' '
17:26:35 **** Auto Build of configuration Debug for project psOnly_1mod ****
make all 
'Building file: ../src/main.cpp'
'Invoking: ARM v7 Linux g++ compiler'
arm-linux-gnueabihf-g++ -Wall -O0 -g3 -c -fmessage-length=0 -MT"src/main.o" -MMD -MP -MF"src/main.d" -MT"src/main.o" -o "src/main.o" "../src/main.cpp"
'Finished building: ../src/main.cpp'
' '
'Building target: psOnly_1mod.elf'
'Invoking: ARM v7 Linux g++ linker'
arm-linux-gnueabihf-g++  -o "psOnly_1mod.elf"  ./src/Impedance_v1.o ./src/KalmanPos_v1.o ./src/Time_Meas.o ./src/butter.o ./src/main.o ./src/xil_uio.o   
'Finished building target: psOnly_1mod.elf'
' '
'Invoking: ARM v7 Linux Print Size'
arm-linux-gnueabihf-size psOnly_1mod.elf  |tee "psOnly_1mod.elf.size"
   text	   data	    bss	    dec	    hex	filename
  10980	    348	    264	  11592	   2d48	psOnly_1mod.elf
'Finished building: psOnly_1mod.elf.size'
' '
[...]
'Finished building: ../src/main.cpp'
' '
'Building target: psOnly_1mod.elf'
'Invoking: ARM v7 Linux g++ linker'
arm-linux-gnueabihf-g++  -o "psOnly_1mod.elf"  ./src/Impedance_v1.o ./src/KalmanPos_v1.o ./src/Time_Meas.o ./src/butter.o ./src/main.o ./src/xil_uio.o   
'Finished building target: psOnly_1mod.elf'
' '
'Invoking: ARM v7 Linux Print Size'
arm-linux-gnueabihf-size psOnly_1mod.elf  |tee "psOnly_1mod.elf.size"
   text	   data	    bss	    dec	    hex	filename
  11068	    348	    264	  11680	   2da0	psOnly_1mod.elf
'Finished building: psOnly_1mod.elf.size'
' '
17:32:39 **** Incremental Build of configuration Debug for project psOnly_1mod ****
make all 
make: Nothing to be done for `all'.
17:32:56 **** Auto Build of configuration Debug for project psOnly_1mod ****
make all 
'Building file: ../src/main.cpp'
'Invoking: ARM v7 Linux g++ compiler'
arm-linux-gnueabihf-g++ -Wall -O0 -g3 -c -fmessage-length=0 -MT"src/main.o" -MMD -MP -MF"src/main.d" -MT"src/main.o" -o "src/main.o" "../src/main.cpp"
'Finished building: ../src/main.cpp'
' '
'Building target: psOnly_1mod.elf'
'Invoking: ARM v7 Linux g++ linker'
arm-linux-gnueabihf-g++  -o "psOnly_1mod.elf"  ./src/Impedance_v1.o ./src/KalmanPos_v1.o ./src/Time_Meas.o ./src/butter.o ./src/main.o ./src/xil_uio.o   
'Finished building target: psOnly_1mod.elf'
' '
'Invoking: ARM v7 Linux Print Size'
arm-linux-gnueabihf-size psOnly_1mod.elf  |tee "psOnly_1mod.elf.size"
   text	   data	    bss	    dec	    hex	filename
  10892	    348	    264	  11504	   2cf0	psOnly_1mod.elf
'Finished building: psOnly_1mod.elf.size'
' '
17:33:00 **** Incremental Build of configuration Debug for project psOnly_1mod ****
make all 
make: Nothing to be done for `all'.
17:33:08 **** Auto Build of configuration Debug for project psOnly_1mod ****
make all 
'Building file: ../src/main.cpp'
'Invoking: ARM v7 Linux g++ compiler'
arm-linux-gnueabihf-g++ -Wall -O0 -g3 -c -fmessage-length=0 -MT"src/main.o" -MMD -MP -MF"src/main.d" -MT"src/main.o" -o "src/main.o" "../src/main.cpp"
'Finished building: ../src/main.cpp'
' '
'Building target: psOnly_1mod.elf'
'Invoking: ARM v7 Linux g++ linker'
arm-linux-gnueabihf-g++  -o "psOnly_1mod.elf"  ./src/Impedance_v1.o ./src/KalmanPos_v1.o ./src/Time_Meas.o ./src/butter.o ./src/main.o ./src/xil_uio.o   
'Finished building target: psOnly_1mod.elf'
' '
'Invoking: ARM v7 Linux Print Size'
arm-linux-gnueabihf-size psOnly_1mod.elf  |tee "psOnly_1mod.elf.size"
   text	   data	    bss	    dec	    hex	filename
  10924	    348	    264	  11536	   2d10	psOnly_1mod.elf
'Finished building: psOnly_1mod.elf.size'
' '
17:33:10 **** Incremental Build of configuration Debug for project psOnly_1mod ****
make all 
make: Nothing to be done for `all'.
17:33:20 **** Auto Build of configuration Debug for project psOnly_1mod ****
make all 
'Building file: ../src/main.cpp'
'Invoking: ARM v7 Linux g++ compiler'
arm-linux-gnueabihf-g++ -Wall -O0 -g3 -c -fmessage-length=0 -MT"src/main.o" -MMD -MP -MF"src/main.d" -MT"src/main.o" -o "src/main.o" "../src/main.cpp"
'Finished building: ../src/main.cpp'
' '
'Building target: psOnly_1mod.elf'
'Invoking: ARM v7 Linux g++ linker'
arm-linux-gnueabihf-g++  -o "psOnly_1mod.elf"  ./src/Impedance_v1.o ./src/KalmanPos_v1.o ./src/Time_Meas.o ./src/butter.o ./src/main.o ./src/xil_uio.o   
'Finished building target: psOnly_1mod.elf'
' '
'Invoking: ARM v7 Linux Print Size'
arm-linux-gnueabihf-size psOnly_1mod.elf  |tee "psOnly_1mod.elf.size"
   text	   data	    bss	    dec	    hex	filename
  10896	    348	    264	  11508	   2cf4	psOnly_1mod.elf
'Finished building: psOnly_1mod.elf.size'
' '
17:33:23 **** Incremental Build of configuration Debug for project psOnly_1mod ****
make all 
make: Nothing to be done for `all'.
17:33:50 **** Auto Build of configuration Debug for project psOnly_1mod ****
make all 
'Building file: ../src/main.cpp'
'Invoking: ARM v7 Linux g++ compiler'
arm-linux-gnueabihf-g++ -Wall -O0 -g3 -c -fmessage-length=0 -MT"src/main.o" -MMD -MP -MF"src/main.d" -MT"src/main.o" -o "src/main.o" "../src/main.cpp"
'Finished building: ../src/main.cpp'
' '
'Building target: psOnly_1mod.elf'
'Invoking: ARM v7 Linux g++ linker'
arm-linux-gnueabihf-g++  -o "psOnly_1mod.elf"  ./src/Impedance_v1.o ./src/KalmanPos_v1.o ./src/Time_Meas.o ./src/butter.o ./src/main.o ./src/xil_uio.o   
'Finished building target: psOnly_1mod.elf'
' '
'Invoking: ARM v7 Linux Print Size'
arm-linux-gnueabihf-size psOnly_1mod.elf  |tee "psOnly_1mod.elf.size"
   text	   data	    bss	    dec	    hex	filename
  10808	    348	    264	  11420	   2c9c	psOnly_1mod.elf
'Finished building: psOnly_1mod.elf.size'
' '
17:33:53 **** Incremental Build of configuration Debug for project psOnly_1mod ****
make all 
make: Nothing to be done for `all'.
17:34:25 **** Auto Build of configuration Debug for project psOnly_1mod ****
make all 
'Building file: ../src/main.cpp'
'Invoking: ARM v7 Linux g++ compiler'
arm-linux-gnueabihf-g++ -Wall -O0 -g3 -c -fmessage-length=0 -MT"src/main.o" -MMD -MP -MF"src/main.d" -MT"src/main.o" -o "src/main.o" "../src/main.cpp"
'Finished building: ../src/main.cpp'
' '
'Building target: psOnly_1mod.elf'
'Invoking: ARM v7 Linux g++ linker'
arm-linux-gnueabihf-g++  -o "psOnly_1mod.elf"  ./src/Impedance_v1.o ./src/KalmanPos_v1.o ./src/Time_Meas.o ./src/butter.o ./src/main.o ./src/xil_uio.o   
'Finished building target: psOnly_1mod.elf'
' '
'Invoking: ARM v7 Linux Print Size'
arm-linux-gnueabihf-size psOnly_1mod.elf  |tee "psOnly_1mod.elf.size"
   text	   data	    bss	    dec	    hex	filename
  10896	    348	    264	  11508	   2cf4	psOnly_1mod.elf
'Finished building: psOnly_1mod.elf.size'
' '
17:34:31 **** Incremental Build of configuration Debug for project psOnly_1mod ****
make all 
make: Nothing to be done for `all'.
17:34:49 **** Auto Build of configuration Debug for project psOnly_1mod ****
make all 
'Building file: ../src/main.cpp'
'Invoking: ARM v7 Linux g++ compiler'
arm-linux-gnueabihf-g++ -Wall -O0 -g3 -c -fmessage-length=0 -MT"src/main.o" -MMD -MP -MF"src/main.d" -MT"src/main.o" -o "src/main.o" "../src/main.cpp"
'Finished building: ../src/main.cpp'
' '
'Building target: psOnly_1mod.elf'
'Invoking: ARM v7 Linux g++ linker'
arm-linux-gnueabihf-g++  -o "psOnly_1mod.elf"  ./src/Impedance_v1.o ./src/KalmanPos_v1.o ./src/Time_Meas.o ./src/butter.o ./src/main.o ./src/xil_uio.o   
'Finished building target: psOnly_1mod.elf'
' '
'Invoking: ARM v7 Linux Print Size'
arm-linux-gnueabihf-size psOnly_1mod.elf  |tee "psOnly_1mod.elf.size"
   text	   data	    bss	    dec	    hex	filename
  10848	    348	    264	  11460	   2cc4	psOnly_1mod.elf
'Finished building: psOnly_1mod.elf.size'
' '
17:34:53 **** Incremental Build of configuration Debug for project psOnly_1mod ****
make all 
make: Nothing to be done for `all'.
17:35:29 **** Auto Build of configuration Debug for project psOnly_1mod ****
make all 
'Building file: ../src/main.cpp'
'Invoking: ARM v7 Linux g++ compiler'
arm-linux-gnueabihf-g++ -Wall -O0 -g3 -c -fmessage-length=0 -MT"src/main.o" -MMD -MP -MF"src/main.d" -MT"src/main.o" -o "src/main.o" "../src/main.cpp"
'Finished building: ../src/main.cpp'
' '
'Building target: psOnly_1mod.elf'
'Invoking: ARM v7 Linux g++ linker'
arm-linux-gnueabihf-g++  -o "psOnly_1mod.elf"  ./src/Impedance_v1.o ./src/KalmanPos_v1.o ./src/Time_Meas.o ./src/butter.o ./src/main.o ./src/xil_uio.o   
'Finished building target: psOnly_1mod.elf'
' '
'Invoking: ARM v7 Linux Print Size'
arm-linux-gnueabihf-size psOnly_1mod.elf  |tee "psOnly_1mod.elf.size"
   text	   data	    bss	    dec	    hex	filename
  10848	    348	    264	  11460	   2cc4	psOnly_1mod.elf
'Finished building: psOnly_1mod.elf.size'
' '
17:35:31 **** Incremental Build of configuration Debug for project psOnly_1mod ****
make all 
make: Nothing to be done for `all'.
17:35:38 **** Auto Build of configuration Debug for project psOnly_1mod ****
make all 
'Building file: ../src/main.cpp'
'Invoking: ARM v7 Linux g++ compiler'
arm-linux-gnueabihf-g++ -Wall -O0 -g3 -c -fmessage-length=0 -MT"src/main.o" -MMD -MP -MF"src/main.d" -MT"src/main.o" -o "src/main.o" "../src/main.cpp"
'Finished building: ../src/main.cpp'
' '
'Building target: psOnly_1mod.elf'
'Invoking: ARM v7 Linux g++ linker'
arm-linux-gnueabihf-g++  -o "psOnly_1mod.elf"  ./src/Impedance_v1.o ./src/KalmanPos_v1.o ./src/Time_Meas.o ./src/butter.o ./src/main.o ./src/xil_uio.o   
'Finished building target: psOnly_1mod.elf'
' '
'Invoking: ARM v7 Linux Print Size'
arm-linux-gnueabihf-size psOnly_1mod.elf  |tee "psOnly_1mod.elf.size"
   text	   data	    bss	    dec	    hex	filename
  11024	    348	    264	  11636	   2d74	psOnly_1mod.elf
'Finished building: psOnly_1mod.elf.size'
' '
17:35:43 **** Incremental Build of configuration Debug for project psOnly_1mod ****
make all 
make: Nothing to be done for `all'.
17:36:03 **** Auto Build of configuration Debug for project psOnly_1mod ****
make all 
'Building file: ../src/main.cpp'
'Invoking: ARM v7 Linux g++ compiler'
arm-linux-gnueabihf-g++ -Wall -O0 -g3 -c -fmessage-length=0 -MT"src/main.o" -MMD -MP -MF"src/main.d" -MT"src/main.o" -o "src/main.o" "../src/main.cpp"
'Finished building: ../src/main.cpp'
' '
'Building target: psOnly_1mod.elf'
'Invoking: ARM v7 Linux g++ linker'
arm-linux-gnueabihf-g++  -o "psOnly_1mod.elf"  ./src/Impedance_v1.o ./src/KalmanPos_v1.o ./src/Time_Meas.o ./src/butter.o ./src/main.o ./src/xil_uio.o   
'Finished building target: psOnly_1mod.elf'
' '
'Invoking: ARM v7 Linux Print Size'
arm-linux-gnueabihf-size psOnly_1mod.elf  |tee "psOnly_1mod.elf.size"
   text	   data	    bss	    dec	    hex	filename
  11148	    348	    264	  11760	   2df0	psOnly_1mod.elf
'Finished building: psOnly_1mod.elf.size'
' '
17:36:17 **** Auto Build of configuration Debug for project psOnly_1mod ****
make all 
'Building file: ../src/main.cpp'
'Invoking: ARM v7 Linux g++ compiler'
arm-linux-gnueabihf-g++ -Wall -O0 -g3 -c -fmessage-length=0 -MT"src/main.o" -MMD -MP -MF"src/main.d" -MT"src/main.o" -o "src/main.o" "../src/main.cpp"
'Finished building: ../src/main.cpp'
' '
'Building target: psOnly_1mod.elf'
'Invoking: ARM v7 Linux g++ linker'
arm-linux-gnueabihf-g++  -o "psOnly_1mod.elf"  ./src/Impedance_v1.o ./src/KalmanPos_v1.o ./src/Time_Meas.o ./src/butter.o ./src/main.o ./src/xil_uio.o   
'Finished building target: psOnly_1mod.elf'
' '
'Invoking: ARM v7 Linux Print Size'
arm-linux-gnueabihf-size psOnly_1mod.elf  |tee "psOnly_1mod.elf.size"
   text	   data	    bss	    dec	    hex	filename
  11316	    348	    264	  11928	   2e98	psOnly_1mod.elf
'Finished building: psOnly_1mod.elf.size'
' '
17:36:19 **** Incremental Build of configuration Debug for project psOnly_1mod ****
make all 
make: Nothing to be done for `all'.
17:37:03 **** Auto Build of configuration Debug for project psOnly_1mod ****
make all 
'Building file: ../src/main.cpp'
'Invoking: ARM v7 Linux g++ compiler'
arm-linux-gnueabihf-g++ -Wall -O0 -g3 -c -fmessage-length=0 -MT"src/main.o" -MMD -MP -MF"src/main.d" -MT"src/main.o" -o "src/main.o" "../src/main.cpp"
'Finished building: ../src/main.cpp'
' '
'Building target: psOnly_1mod.elf'
'Invoking: ARM v7 Linux g++ linker'
arm-linux-gnueabihf-g++  -o "psOnly_1mod.elf"  ./src/Impedance_v1.o ./src/KalmanPos_v1.o ./src/Time_Meas.o ./src/butter.o ./src/main.o ./src/xil_uio.o   
'Finished building target: psOnly_1mod.elf'
' '
'Invoking: ARM v7 Linux Print Size'
arm-linux-gnueabihf-size psOnly_1mod.elf  |tee "psOnly_1mod.elf.size"
   text	   data	    bss	    dec	    hex	filename
  11268	    348	    264	  11880	   2e68	psOnly_1mod.elf
'Finished building: psOnly_1mod.elf.size'
' '
17:37:10 **** Incremental Build of configuration Debug for project psOnly_1mod ****
make all 
make: Nothing to be done for `all'.
17:41:19 **** Auto Build of configuration Debug for project psOnly_1mod ****
make all 
'Building file: ../src/main.cpp'
'Invoking: ARM v7 Linux g++ compiler'
arm-linux-gnueabihf-g++ -Wall -O0 -g3 -c -fmessage-length=0 -MT"src/main.o" -MMD -MP -MF"src/main.d" -MT"src/main.o" -o "src/main.o" "../src/main.cpp"
../src/main.cpp:28:27: error: expected primary-expression before ';' token
 const uint32_t Nmodules = ;
                           ^
../src/main.cpp:56:23: error: size of array 'posIn_f' is not an integral constant-expression
 _real posIn_f[Nmodules], currIn_f[Nmodules], voltIn_f[Nmodules];
                       ^
../src/main.cpp:56:43: error: size of array 'currIn_f' is not an integral constant-expression
 _real posIn_f[Nmodules], currIn_f[Nmodules], voltIn_f[Nmodules];
                                           ^
../src/main.cpp:56:63: error: size of array 'voltIn_f' is not an integral constant-expression
 _real posIn_f[Nmodules], currIn_f[Nmodules], voltIn_f[Nmodules];
                                                               ^
../src/main.cpp:59:24: error: size of array 'pos_filt' is not an integral constant-expression
 _real pos_filt[Nmodules], vel_filt[Nmodules], curr_filt[Nmodules];
                        ^
../src/main.cpp:59:44: error: size of array 'vel_filt' is not an integral constant-expression
 _real pos_filt[Nmodules], vel_filt[Nmodules], curr_filt[Nmodules];
                                            ^
../src/main.cpp:59:65: error: size of array 'curr_filt' is not an integral constant-expression
 _real pos_filt[Nmodules], vel_filt[Nmodules], curr_filt[Nmodules];
                                                                 ^
../src/main.cpp:62:23: error: size of array 'voltOut' is not an integral constant-expression
 _real voltOut[Nmodules];
                       ^
../src/main.cpp:65:22: error: size of array 'imp_sp' is not an integral constant-expression
 _real imp_sp[Nmodules], impOut[Nmodules];
                      ^
../src/main.cpp:65:40: error: size of array 'impOut' is not an integral constant-expression
 _real imp_sp[Nmodules], impOut[Nmodules];
                                        ^
../src/main.cpp: In function 'int main()':
../src/main.cpp:95:30: error: size of array 'kalmanMod' is not an integral constant-expression
  KalmanPos kalmanMod[Nmodules];
                              ^
../src/main.cpp:96:26: error: size of array 'buttCurr' is not an integral constant-expression
  butter buttCurr[Nmodules];
                          ^
../src/main.cpp:108:35: error: size of array 'impControllers' is not an integral constant-expression
  Impedance impControllers[Nmodules];
                                   ^
make: *** [src/main.o] Error 1
17:41:23 **** Auto Build of configuration Debug for project psOnly_1mod ****
make all 
'Building file: ../src/main.cpp'
'Invoking: ARM v7 Linux g++ compiler'
arm-linux-gnueabihf-g++ -Wall -O0 -g3 -c -fmessage-length=0 -MT"src/main.o" -MMD -MP -MF"src/main.d" -MT"src/main.o" -o "src/main.o" "../src/main.cpp"
'Finished building: ../src/main.cpp'
' '
'Building target: psOnly_1mod.elf'
'Invoking: ARM v7 Linux g++ linker'
arm-linux-gnueabihf-g++  -o "psOnly_1mod.elf"  ./src/Impedance_v1.o ./src/KalmanPos_v1.o ./src/Time_Meas.o ./src/butter.o ./src/main.o ./src/xil_uio.o   
'Finished building target: psOnly_1mod.elf'
' '
'Invoking: ARM v7 Linux Print Size'
arm-linux-gnueabihf-size psOnly_1mod.elf  |tee "psOnly_1mod.elf.size"
   text	   data	    bss	    dec	    hex	filename
  11188	    348	     48	  11584	   2d40	psOnly_1mod.elf
'Finished building: psOnly_1mod.elf.size'
' '
17:41:26 **** Incremental Build of configuration Debug for project psOnly_1mod ****
make all 
make: Nothing to be done for `all'.
17:42:15 **** Auto Build of configuration Debug for project psOnly_1mod ****
make all 
'Building file: ../src/Impedance_v1.cpp'
'Invoking: ARM v7 Linux g++ compiler'
arm-linux-gnueabihf-g++ -Wall -O0 -g3 -c -fmessage-length=0 -MT"src/Impedance_v1.o" -MMD -MP -MF"src/Impedance_v1.d" -MT"src/Impedance_v1.o" -o "src/Impedance_v1.o" "../src/Impedance_v1.cpp"
'Finished building: ../src/Impedance_v1.cpp'
' '
'Building file: ../src/KalmanPos_v1.cpp'
'Invoking: ARM v7 Linux g++ compiler'
arm-linux-gnueabihf-g++ -Wall -O0 -g3 -c -fmessage-length=0 -MT"src/KalmanPos_v1.o" -MMD -MP -MF"src/KalmanPos_v1.d" -MT"src/KalmanPos_v1.o" -o "src/KalmanPos_v1.o" "../src/KalmanPos_v1.cpp"
../src/KalmanPos_v1.cpp: In member function 'void KalmanPos::PrintConfig()':
../src/KalmanPos_v1.cpp:155:60: warning: format '%d' expects argument of type 'int', but argument 3 has type 'uint64_t {aka long long unsigned int}' [-Wformat=]
  printf("\tdt = %.10e | %d millis \n", my_dt, my_SampleTime);
                                               ~~~~~~~~~~~~~^
'Finished building: ../src/KalmanPos_v1.cpp'
' '
'Building file: ../src/butter.cpp'
'Invoking: ARM v7 Linux g++ compiler'
arm-linux-gnueabihf-g++ -Wall -O0 -g3 -c -fmessage-length=0 -MT"src/butter.o" -MMD -MP -MF"src/butter.d" -MT"src/butter.o" -o "src/butter.o" "../src/butter.cpp"
'Finished building: ../src/butter.cpp'
' '
'Building file: ../src/main.cpp'
'Invoking: ARM v7 Linux g++ compiler'
arm-linux-gnueabihf-g++ -Wall -O0 -g3 -c -fmessage-length=0 -MT"src/main.o" -MMD -MP -MF"src/main.d" -MT"src/main.o" -o "src/main.o" "../src/main.cpp"
'Finished building: ../src/main.cpp'
' '
'Building target: psOnly_1mod.elf'
'Invoking: ARM v7 Linux g++ linker'
arm-linux-gnueabihf-g++  -o "psOnly_1mod.elf"  ./src/Impedance_v1.o ./src/KalmanPos_v1.o ./src/Time_Meas.o ./src/butter.o ./src/main.o ./src/xil_uio.o   
'Finished building target: psOnly_1mod.elf'
' '
'Invoking: ARM v7 Linux Print Size'
arm-linux-gnueabihf-size psOnly_1mod.elf  |tee "psOnly_1mod.elf.size"
   text	   data	    bss	    dec	    hex	filename
  12744	    348	     88	  13180	   337c	psOnly_1mod.elf
'Finished building: psOnly_1mod.elf.size'
' '
17:42:19 **** Incremental Build of configuration Debug for project psOnly_1mod ****
make all 
make: Nothing to be done for `all'.
17:42:43 **** Auto Build of configuration Debug for project psOnly_1mod ****
make all 
'Building file: ../src/main.cpp'
'Invoking: ARM v7 Linux g++ compiler'
arm-linux-gnueabihf-g++ -Wall -O0 -g3 -c -fmessage-length=0 -MT"src/main.o" -MMD -MP -MF"src/main.d" -MT"src/main.o" -o "src/main.o" "../src/main.cpp"
'Finished building: ../src/main.cpp'
' '
'Building target: psOnly_1mod.elf'
'Invoking: ARM v7 Linux g++ linker'
arm-linux-gnueabihf-g++  -o "psOnly_1mod.elf"  ./src/Impedance_v1.o ./src/KalmanPos_v1.o ./src/Time_Meas.o ./src/butter.o ./src/main.o ./src/xil_uio.o   
'Finished building target: psOnly_1mod.elf'
' '
'Invoking: ARM v7 Linux Print Size'
arm-linux-gnueabihf-size psOnly_1mod.elf  |tee "psOnly_1mod.elf.size"
   text	   data	    bss	    dec	    hex	filename
  12840	    348	    520	  13708	   358c	psOnly_1mod.elf
'Finished building: psOnly_1mod.elf.size'
' '
17:43:06 **** Incremental Build of configuration Debug for project psOnly_1mod ****
make all 
make: Nothing to be done for `all'.
17:50:41 **** Auto Build of configuration Debug for project psOnly_1mod ****
make all 
'Building file: ../src/main.cpp'
'Invoking: ARM v7 Linux g++ compiler'
arm-linux-gnueabihf-g++ -Wall -O0 -g3 -c -fmessage-length=0 -MT"src/main.o" -MMD -MP -MF"src/main.d" -MT"src/main.o" -o "src/main.o" "../src/main.cpp"
'Finished building: ../src/main.cpp'
' '
'Building target: psOnly_1mod.elf'
'Invoking: ARM v7 Linux g++ linker'
arm-linux-gnueabihf-g++  -o "psOnly_1mod.elf"  ./src/Impedance_v1.o ./src/KalmanPos_v1.o ./src/Time_Meas.o ./src/butter.o ./src/main.o ./src/xil_uio.o   
'Finished building target: psOnly_1mod.elf'
' '
'Invoking: ARM v7 Linux Print Size'
arm-linux-gnueabihf-size psOnly_1mod.elf  |tee "psOnly_1mod.elf.size"
   text	   data	    bss	    dec	    hex	filename
  12840	    348	    520	  13708	   358c	psOnly_1mod.elf
'Finished building: psOnly_1mod.elf.size'
' '
17:50:46 **** Incremental Build of configuration Debug for project psOnly_1mod ****
make all 
make: Nothing to be done for `all'.
17:51:37 **** Incremental Build of configuration Debug for project psOnly_1mod ****
make all 
make: Nothing to be done for `all'.
