12:01:49 **** Clean-only build of configuration Debug for project sensorMod_test ****
make clean 
rm -rf  ./src/Impedance_v1.o ./src/MotorDriver.o ./src/SensorMod.o ./src/Time_Meas.o ./src/xil_uio.o  ./src/Impedance_v1.d ./src/MotorDriver.d ./src/SensorMod.d ./src/Time_Meas.d ./src/xil_uio.d  sensorMod_test.elf.size  sensorMod_test.elf
' '
12:01:50 **** Clean-only build of configuration Debug for project sensorMod_test ****
make clean 
rm -rf  ./src/Impedance_v1.o ./src/MotorDriver.o ./src/SensorMod.o ./src/Time_Meas.o ./src/xil_uio.o  ./src/Impedance_v1.d ./src/MotorDriver.d ./src/SensorMod.d ./src/Time_Meas.d ./src/xil_uio.d  sensorMod_test.elf.size  sensorMod_test.elf
' '
12:01:50 **** Build of configuration Debug for project sensorMod_test ****
make all 
'Building file: ../src/Impedance_v1.c'
'Invoking: ARM v7 Linux gcc compiler'
arm-linux-gnueabihf-gcc -Wall -O0 -g3 -c -fmessage-length=0 -MT"src/Impedance_v1.o" -MMD -MP -MF"src/Impedance_v1.d" -MT"src/Impedance_v1.o" -o "src/Impedance_v1.o" "../src/Impedance_v1.c"
'Finished building: ../src/Impedance_v1.c'
' '
'Building file: ../src/MotorDriver.c'
'Invoking: ARM v7 Linux gcc compiler'
arm-linux-gnueabihf-gcc -Wall -O0 -g3 -c -fmessage-length=0 -MT"src/MotorDriver.o" -MMD -MP -MF"src/MotorDriver.d" -MT"src/MotorDriver.o" -o "src/MotorDriver.o" "../src/MotorDriver.c"
'Finished building: ../src/MotorDriver.c'
' '
'Building file: ../src/SensorMod.c'
'Invoking: ARM v7 Linux gcc compiler'
arm-linux-gnueabihf-gcc -Wall -O0 -g3 -c -fmessage-length=0 -MT"src/SensorMod.o" -MMD -MP -MF"src/SensorMod.d" -MT"src/SensorMod.o" -o "src/SensorMod.o" "../src/SensorMod.c"
'Finished building: ../src/SensorMod.c'
' '
'Building file: ../src/Time_Meas.c'
'Invoking: ARM v7 Linux gcc compiler'
arm-linux-gnueabihf-gcc -Wall -O0 -g3 -c -fmessage-length=0 -MT"src/Time_Meas.o" -MMD -MP -MF"src/Time_Meas.d" -MT"src/Time_Meas.o" -o "src/Time_Meas.o" "../src/Time_Meas.c"
'Finished building: ../src/Time_Meas.c'
' '
'Building file: ../src/main.c'
'Invoking: ARM v7 Linux gcc compiler'
arm-linux-gnueabihf-gcc -Wall -O0 -g3 -c -fmessage-length=0 -MT"src/main.o" -MMD -MP -MF"src/main.d" -MT"src/main.o" -o "src/main.o" "../src/main.c"
../src/main.c: In function 'main':
../src/main.c:71:25: warning: initialization from incompatible pointer type [-Wincompatible-pointer-types]
     impedance *impInd = impedance__create
                         ^~~~~~~~~~~~~~~~~
../src/main.c:72:29: error: redeclaration of 'impThumb' with no linkage
     , *impInd2, *impThumb, *impThumb, *impMid, *impRing, *impLit;
                             ^~~~~~~~
../src/main.c:72:18: note: previous declaration of 'impThumb' was here
     , *impInd2, *impThumb, *impThumb, *impMid, *impRing, *impLit;
                  ^~~~~~~~
../src/main.c:86:6: warning: implicit declaration of function 'sensorMod__start_float'; did you mean 'sensorMod__start'? [-Wimplicit-function-declaration]
      sensorMod__start_float(sensor_handler);
      ^~~~~~~~~~~~~~~~~~~~~~
      sensorMod__start
../src/main.c:72:59: warning: unused variable 'impLit' [-Wunused-variable]
     , *impInd2, *impThumb, *impThumb, *impMid, *impRing, *impLit;
                                                           ^~~~~~
../src/main.c:72:49: warning: unused variable 'impRing' [-Wunused-variable]
     , *impInd2, *impThumb, *impThumb, *impMid, *impRing, *impLit;
                                                 ^~~~~~~
../src/main.c:72:40: warning: unused variable 'impMid' [-Wunused-variable]
     , *impInd2, *impThumb, *impThumb, *impMid, *impRing, *impLit;
                                        ^~~~~~
../src/main.c:72:29: warning: unused variable 'impThumb' [-Wunused-variable]
     , *impInd2, *impThumb, *impThumb, *impMid, *impRing, *impLit;
                             ^~~~~~~~
../src/main.c:72:8: warning: unused variable 'impInd2' [-Wunused-variable]
     , *impInd2, *impThumb, *impThumb, *impMid, *impRing, *impLit;
        ^~~~~~~
../src/main.c:71:16: warning: unused variable 'impInd' [-Wunused-variable]
     impedance *impInd = impedance__create
                ^~~~~~
../src/main.c:65:11: warning: unused variable 'cenCurr' [-Wunused-variable]
     float cenCurr = 36486.206;
           ^~~~~~~
../src/main.c:62:11: warning: unused variable 'nQ' [-Wunused-variable]
     float nQ = 3;
           ^~
../src/main.c:61:11: warning: unused variable 'R' [-Wunused-variable]
     float R = 8.2673e-04;
           ^
../src/main.c:60:11: warning: unused variable 'dt' [-Wunused-variable]
     float dt = 5e-3;
           ^~
make: *** [src/main.o] Error 1
18:27:29 **** Auto Build of configuration Debug for project sensorMod_test ****
make all 
'Building file: ../src/Impedance_v1.c'
'Invoking: ARM v7 Linux gcc compiler'
arm-linux-gnueabihf-gcc -Wall -O0 -g3 -c -fmessage-length=0 -MT"src/Impedance_v1.o" -MMD -MP -MF"src/Impedance_v1.d" -MT"src/Impedance_v1.o" -o "src/Impedance_v1.o" "../src/Impedance_v1.c"
'Finished building: ../src/Impedance_v1.c'
' '
'Building file: ../src/main.c'
'Invoking: ARM v7 Linux gcc compiler'
arm-linux-gnueabihf-gcc -Wall -O0 -g3 -c -fmessage-length=0 -MT"src/main.o" -MMD -MP -MF"src/main.d" -MT"src/main.o" -o "src/main.o" "../src/main.c"
../src/main.c: In function 'main':
../src/main.c:125:6: warning: implicit declaration of function 'sensorMod__start_float'; did you mean 'sensorMod__start'? [-Wimplicit-function-declaration]
      sensorMod__start_float(sensor_handler);
      ^~~~~~~~~~~~~~~~~~~~~~
      sensorMod__start
../src/main.c:112:16: warning: unused variable 'impThumb2' [-Wunused-variable]
     impedance *impThumb2 = impedance__create((_real *)(curr_filt+impMod), (_real *)(pos_filt+impMod),
                ^~~~~~~~~
../src/main.c:108:16: warning: unused variable 'impInd2' [-Wunused-variable]
     impedance *impInd2 = impedance__create((_real *)(curr_filt+impMod), (_real *)(pos_filt+impMod),
                ^~~~~~~
../src/main.c:104:16: warning: unused variable 'impThumb' [-Wunused-variable]
     impedance *impThumb = impedance__create((_real *)(curr_filt+impMod), (_real *)(pos_filt+impMod),
                ^~~~~~~~
../src/main.c:100:16: warning: unused variable 'impLit' [-Wunused-variable]
     impedance *impLit = impedance__create((_real *)(curr_filt+impMod), (_real *)(pos_filt+impMod),
                ^~~~~~
../src/main.c:96:16: warning: unused variable 'impRing' [-Wunused-variable]
     impedance *impRing = impedance__create((_real *)(curr_filt+impMod), (_real *)(pos_filt+impMod),
                ^~~~~~~
../src/main.c:92:16: warning: unused variable 'impMid' [-Wunused-variable]
     impedance *impMid = impedance__create((_real *)(curr_filt+impMod), (_real *)(pos_filt+impMod),
                ^~~~~~
../src/main.c:88:16: warning: unused variable 'impInd' [-Wunused-variable]
     impedance *impInd = impedance__create((_real *)(curr_filt+impMod), (_real *)(pos_filt+impMod),
                ^~~~~~
../src/main.c:82:21: warning: unused variable 'outMin' [-Wunused-variable]
                     outMin = -1023.00;
                     ^~~~~~
../src/main.c:81:21: warning: unused variable 'outMax' [-Wunused-variable]
                     outMax = 1023.00,
                     ^~~~~~
../src/main.c:80:21: warning: unused variable 'P' [-Wunused-variable]
                     P = 516.001357364368,
                     ^
../src/main.c:71:11: warning: unused variable 'cenCurr' [-Wunused-variable]
     float cenCurr = 36486.206;
           ^~~~~~~
../src/main.c:68:11: warning: unused variable 'nQ' [-Wunused-variable]
     float nQ = 3;
           ^~
../src/main.c:67:11: warning: unused variable 'R' [-Wunused-variable]
     float R = 8.2673e-04;
           ^
../src/main.c:66:11: warning: unused variable 'dt' [-Wunused-variable]
     float dt = 5e-3;
           ^~
../src/main.c:64:84: warning: unused variable 'modLit' [-Wunused-variable]
     _real modInd[3], modInd2[3], modThumb[3], modThumb2[3], modMid[3], modRing[3], modLit[3];
                                                                                    ^~~~~~
../src/main.c:64:72: warning: unused variable 'modRing' [-Wunused-variable]
     _real modInd[3], modInd2[3], modThumb[3], modThumb2[3], modMid[3], modRing[3], modLit[3];
                                                                        ^~~~~~~
../src/main.c:64:61: warning: unused variable 'modMid' [-Wunused-variable]
     _real modInd[3], modInd2[3], modThumb[3], modThumb2[3], modMid[3], modRing[3], modLit[3];
                                                             ^~~~~~
../src/main.c:64:47: warning: unused variable 'modThumb2' [-Wunused-variable]
     _real modInd[3], modInd2[3], modThumb[3], modThumb2[3], modMid[3], modRing[3], modLit[3];
                                               ^~~~~~~~~
../src/main.c:64:34: warning: unused variable 'modThumb' [-Wunused-variable]
     _real modInd[3], modInd2[3], modThumb[3], modThumb2[3], modMid[3], modRing[3], modLit[3];
                                  ^~~~~~~~
../src/main.c:64:22: warning: unused variable 'modInd2' [-Wunused-variable]
     _real modInd[3], modInd2[3], modThumb[3], modThumb2[3], modMid[3], modRing[3], modLit[3];
                      ^~~~~~~
../src/main.c:64:11: warning: unused variable 'modInd' [-Wunused-variable]
     _real modInd[3], modInd2[3], modThumb[3], modThumb2[3], modMid[3], modRing[3], modLit[3];
           ^~~~~~
../src/main.c:61:20: warning: 'posIn_f' is used uninitialized in this function [-Wuninitialized]
     sensor_handler = sensorMod__create(uio_sensorMod, XIL_SIZE,
     ~~~~~~~~~~~~~~~^~~~~~~~~~~~~~~~~~~~~~~~~~~~~~~~~~~~~~~~~~~~
         posIn_f, currIn_f, voltIn_f, pos_filt, vel_filt, curr_filt);
         ~~~~~~~~~~~~~~~~~~~~~~~~~~~~~~~~~~~~~~~~~~~~~~~~~~~~~~~~~~~
../src/main.c:61:20: warning: 'currIn_f' is used uninitialized in this function [-Wuninitialized]
../src/main.c:61:20: warning: 'voltIn_f' is used uninitialized in this function [-Wuninitialized]
../src/main.c:61:20: warning: 'pos_filt' is used uninitialized in this function [-Wuninitialized]
../src/main.c:61:20: warning: 'vel_filt' is used uninitialized in this function [-Wuninitialized]
../src/main.c:61:20: warning: 'curr_filt' is used uninitialized in this function [-Wuninitialized]
'Finished building: ../src/main.c'
' '
'Building file: ../src/xil_uio.c'
'Invoking: ARM v7 Linux gcc compiler'
arm-linux-gnueabihf-gcc -Wall -O0 -g3 -c -fmessage-length=0 -MT"src/xil_uio.o" -MMD -MP -MF"src/xil_uio.d" -MT"src/xil_uio.o" -o "src/xil_uio.o" "../src/xil_uio.c"
'Finished building: ../src/xil_uio.c'
' '
'Building target: sensorMod_test.elf'
'Invoking: ARM v7 Linux gcc linker'
arm-linux-gnueabihf-gcc  -o "sensorMod_test.elf"  ./src/Impedance_v1.o ./src/MotorDriver.o ./src/SensorMod.o ./src/Time_Meas.o ./src/main.o ./src/xil_uio.o   
./src/main.o: In function `main':
C:\shared_vb\GitHub\sensorMod_ptlnx\sensorMod_test\Debug/../src/main.c:125: undefined reference to `sensorMod__start_float'
collect2.exe: error: ld returned 1 exit status
make: *** [sensorMod_test.elf] Error 1
18:28:16 **** Auto Build of configuration Debug for project sensorMod_test ****
make all 
'Building file: ../src/main.c'
'Invoking: ARM v7 Linux gcc compiler'
arm-linux-gnueabihf-gcc -Wall -O0 -g3 -c -fmessage-length=0 -MT"src/main.o" -MMD -MP -MF"src/main.d" -MT"src/main.o" -o "src/main.o" "../src/main.c"
../src/main.c: In function 'main':
../src/main.c:112:16: warning: unused variable 'impThumb2' [-Wunused-variable]
     impedance *impThumb2 = impedance__create((_real *)(curr_filt+impMod), (_real *)(pos_filt+impMod),
                ^~~~~~~~~
../src/main.c:108:16: warning: unused variable 'impInd2' [-Wunused-variable]
     impedance *impInd2 = impedance__create((_real *)(curr_filt+impMod), (_real *)(pos_filt+impMod),
                ^~~~~~~
../src/main.c:104:16: warning: unused variable 'impThumb' [-Wunused-variable]
     impedance *impThumb = impedance__create((_real *)(curr_filt+impMod), (_real *)(pos_filt+impMod),
                ^~~~~~~~
../src/main.c:100:16: warning: unused variable 'impLit' [-Wunused-variable]
     impedance *impLit = impedance__create((_real *)(curr_filt+impMod), (_real *)(pos_filt+impMod),
                ^~~~~~
../src/main.c:96:16: warning: unused variable 'impRing' [-Wunused-variable]
     impedance *impRing = impedance__create((_real *)(curr_filt+impMod), (_real *)(pos_filt+impMod),
                ^~~~~~~
../src/main.c:92:16: warning: unused variable 'impMid' [-Wunused-variable]
     impedance *impMid = impedance__create((_real *)(curr_filt+impMod), (_real *)(pos_filt+impMod),
                ^~~~~~
../src/main.c:88:16: warning: unused variable 'impInd' [-Wunused-variable]
     impedance *impInd = impedance__create((_real *)(curr_filt+impMod), (_real *)(pos_filt+impMod),
                ^~~~~~
../src/main.c:82:21: warning: unused variable 'outMin' [-Wunused-variable]
                     outMin = -1023.00;
                     ^~~~~~
../src/main.c:81:21: warning: unused variable 'outMax' [-Wunused-variable]
                     outMax = 1023.00,
                     ^~~~~~
../src/main.c:80:21: warning: unused variable 'P' [-Wunused-variable]
                     P = 516.001357364368,
                     ^
../src/main.c:71:11: warning: unused variable 'cenCurr' [-Wunused-variable]
     float cenCurr = 36486.206;
           ^~~~~~~
../src/main.c:68:11: warning: unused variable 'nQ' [-Wunused-variable]
     float nQ = 3;
           ^~
../src/main.c:67:11: warning: unused variable 'R' [-Wunused-variable]
     float R = 8.2673e-04;
           ^
../src/main.c:66:11: warning: unused variable 'dt' [-Wunused-variable]
     float dt = 5e-3;
           ^~
../src/main.c:61:20: warning: 'posIn_f' is used uninitialized in this function [-Wuninitialized]
     sensor_handler = sensorMod__create(uio_sensorMod, XIL_SIZE,
     ~~~~~~~~~~~~~~~^~~~~~~~~~~~~~~~~~~~~~~~~~~~~~~~~~~~~~~~~~~~
         posIn_f, currIn_f, voltIn_f, pos_filt, vel_filt, curr_filt);
         ~~~~~~~~~~~~~~~~~~~~~~~~~~~~~~~~~~~~~~~~~~~~~~~~~~~~~~~~~~~
../src/main.c:61:20: warning: 'currIn_f' is used uninitialized in this function [-Wuninitialized]
../src/main.c:61:20: warning: 'voltIn_f' is used uninitialized in this function [-Wuninitialized]
../src/main.c:61:20: warning: 'pos_filt' is used uninitialized in this function [-Wuninitialized]
../src/main.c:61:20: warning: 'vel_filt' is used uninitialized in this function [-Wuninitialized]
../src/main.c:61:20: warning: 'curr_filt' is used uninitialized in this function [-Wuninitialized]
'Finished building: ../src/main.c'
' '
'Building target: sensorMod_test.elf'
'Invoking: ARM v7 Linux gcc linker'
arm-linux-gnueabihf-gcc  -o "sensorMod_test.elf"  ./src/Impedance_v1.o ./src/MotorDriver.o ./src/SensorMod.o ./src/Time_Meas.o ./src/main.o ./src/xil_uio.o   
'Finished building target: sensorMod_test.elf'
' '
'Invoking: ARM v7 Linux Print Size'
arm-linux-gnueabihf-size sensorMod_test.elf  |tee "sensorMod_test.elf.size"
   text	   data	    bss	    dec	    hex	filename
  11589	    328	     16	  11933	   2e9d	sensorMod_test.elf
'Finished building: sensorMod_test.elf.size'
' '
18:30:03 **** Incremental Build of configuration Debug for project sensorMod_test ****
make all 
make: Nothing to be done for `all'.
18:30:13 **** Incremental Build of configuration Debug for project sensorMod_test ****
make all 
make: Nothing to be done for `all'.
18:31:51 **** Auto Build of configuration Debug for project sensorMod_test ****
make all 
'Building file: ../src/main.c'
'Invoking: ARM v7 Linux gcc compiler'
arm-linux-gnueabihf-gcc -Wall -O0 -g3 -c -fmessage-length=0 -MT"src/main.o" -MMD -MP -MF"src/main.d" -MT"src/main.o" -o "src/main.o" "../src/main.c"
../src/main.c: In function 'main':
../src/main.c:112:16: warning: unused variable 'impThumb2' [-Wunused-variable]
     impedance *impThumb2 = impedance__create((_real *)(curr_filt+impMod), (_real *)(pos_filt+impMod),
                ^~~~~~~~~
../src/main.c:108:16: warning: unused variable 'impInd2' [-Wunused-variable]
     impedance *impInd2 = impedance__create((_real *)(curr_filt+impMod), (_real *)(pos_filt+impMod),
                ^~~~~~~
../src/main.c:104:16: warning: unused variable 'impThumb' [-Wunused-variable]
     impedance *impThumb = impedance__create((_real *)(curr_filt+impMod), (_real *)(pos_filt+impMod),
                ^~~~~~~~
../src/main.c:100:16: warning: unused variable 'impLit' [-Wunused-variable]
     impedance *impLit = impedance__create((_real *)(curr_filt+impMod), (_real *)(pos_filt+impMod),
                ^~~~~~
../src/main.c:96:16: warning: unused variable 'impRing' [-Wunused-variable]
     impedance *impRing = impedance__create((_real *)(curr_filt+impMod), (_real *)(pos_filt+impMod),
                ^~~~~~~
../src/main.c:92:16: warning: unused variable 'impMid' [-Wunused-variable]
     impedance *impMid = impedance__create((_real *)(curr_filt+impMod), (_real *)(pos_filt+impMod),
                ^~~~~~
../src/main.c:88:16: warning: unused variable 'impInd' [-Wunused-variable]
     impedance *impInd = impedance__create((_real *)(curr_filt+impMod), (_real *)(pos_filt+impMod),
                ^~~~~~
../src/main.c:82:21: warning: unused variable 'outMin' [-Wunused-variable]
                     outMin = -1023.00;
                     ^~~~~~
../src/main.c:81:21: warning: unused variable 'outMax' [-Wunused-variable]
                     outMax = 1023.00,
                     ^~~~~~
../src/main.c:80:21: warning: unused variable 'P' [-Wunused-variable]
                     P = 516.001357364368,
                     ^
../src/main.c:71:11: warning: unused variable 'cenCurr' [-Wunused-variable]
     float cenCurr = 36486.206;
           ^~~~~~~
../src/main.c:68:11: warning: unused variable 'nQ' [-Wunused-variable]
     float nQ = 3;
           ^~
../src/main.c:67:11: warning: unused variable 'R' [-Wunused-variable]
     float R = 8.2673e-04;
           ^
../src/main.c:66:11: warning: unused variable 'dt' [-Wunused-variable]
     float dt = 5e-3;
           ^~
../src/main.c:61:20: warning: 'posIn_f' is used uninitialized in this function [-Wuninitialized]
     sensor_handler = sensorMod__create(uio_sensorMod, XIL_SIZE,
     ~~~~~~~~~~~~~~~^~~~~~~~~~~~~~~~~~~~~~~~~~~~~~~~~~~~~~~~~~~~
         posIn_f, currIn_f, voltIn_f, pos_filt, vel_filt, curr_filt);
         ~~~~~~~~~~~~~~~~~~~~~~~~~~~~~~~~~~~~~~~~~~~~~~~~~~~~~~~~~~~
../src/main.c:61:20: warning: 'currIn_f' is used uninitialized in this function [-Wuninitialized]
../src/main.c:61:20: warning: 'voltIn_f' is used uninitialized in this function [-Wuninitialized]
../src/main.c:61:20: warning: 'pos_filt' is used uninitialized in this function [-Wuninitialized]
../src/main.c:61:20: warning: 'vel_filt' is used uninitialized in this function [-Wuninitialized]
../src/main.c:61:20: warning: 'curr_filt' is used uninitialized in this function [-Wuninitialized]
'Finished building: ../src/main.c'
' '
'Building target: sensorMod_test.elf'
'Invoking: ARM v7 Linux gcc linker'
arm-linux-gnueabihf-gcc  -o "sensorMod_test.elf"  ./src/Impedance_v1.o ./src/MotorDriver.o ./src/SensorMod.o ./src/Time_Meas.o ./src/main.o ./src/xil_uio.o   
'Finished building target: sensorMod_test.elf'
' '
'Invoking: ARM v7 Linux Print Size'
arm-linux-gnueabihf-size sensorMod_test.elf  |tee "sensorMod_test.elf.size"
   text	   data	    bss	    dec	    hex	filename
  11417	    328	     16	  11761	   2df1	sensorMod_test.elf
'Finished building: sensorMod_test.elf.size'
' '
18:31:57 **** Incremental Build of configuration Debug for project sensorMod_test ****
make all 
make: Nothing to be done for `all'.
18:33:40 **** Auto Build of configuration Debug for project sensorMod_test ****
make all 
'Building file: ../src/main.c'
'Invoking: ARM v7 Linux gcc compiler'
arm-linux-gnueabihf-gcc -Wall -O0 -g3 -c -fmessage-length=0 -MT"src/main.o" -MMD -MP -MF"src/main.d" -MT"src/main.o" -o "src/main.o" "../src/main.c"
../src/main.c: In function 'main':
../src/main.c:115:16: warning: unused variable 'impThumb2' [-Wunused-variable]
     impedance *impThumb2 = impedance__create((_real *)(curr_filt+impMod), (_real *)(pos_filt+impMod),
                ^~~~~~~~~
../src/main.c:111:16: warning: unused variable 'impInd2' [-Wunused-variable]
     impedance *impInd2 = impedance__create((_real *)(curr_filt+impMod), (_real *)(pos_filt+impMod),
                ^~~~~~~
../src/main.c:107:16: warning: unused variable 'impThumb' [-Wunused-variable]
     impedance *impThumb = impedance__create((_real *)(curr_filt+impMod), (_real *)(pos_filt+impMod),
                ^~~~~~~~
../src/main.c:103:16: warning: unused variable 'impLit' [-Wunused-variable]
     impedance *impLit = impedance__create((_real *)(curr_filt+impMod), (_real *)(pos_filt+impMod),
                ^~~~~~
../src/main.c:99:16: warning: unused variable 'impRing' [-Wunused-variable]
     impedance *impRing = impedance__create((_real *)(curr_filt+impMod), (_real *)(pos_filt+impMod),
                ^~~~~~~
../src/main.c:95:16: warning: unused variable 'impMid' [-Wunused-variable]
     impedance *impMid = impedance__create((_real *)(curr_filt+impMod), (_real *)(pos_filt+impMod),
                ^~~~~~
../src/main.c:91:16: warning: unused variable 'impInd' [-Wunused-variable]
     impedance *impInd = impedance__create((_real *)(curr_filt+impMod), (_real *)(pos_filt+impMod),
                ^~~~~~
../src/main.c:85:21: warning: unused variable 'outMin' [-Wunused-variable]
                     outMin = -1023.00;
                     ^~~~~~
../src/main.c:84:21: warning: unused variable 'outMax' [-Wunused-variable]
                     outMax = 1023.00,
                     ^~~~~~
../src/main.c:83:21: warning: unused variable 'P' [-Wunused-variable]
                     P = 516.001357364368,
                     ^
../src/main.c:74:11: warning: unused variable 'cenCurr' [-Wunused-variable]
     float cenCurr = 36486.206;
           ^~~~~~~
../src/main.c:71:11: warning: unused variable 'nQ' [-Wunused-variable]
     float nQ = 3;
           ^~
../src/main.c:70:11: warning: unused variable 'R' [-Wunused-variable]
     float R = 8.2673e-04;
           ^
../src/main.c:69:11: warning: unused variable 'dt' [-Wunused-variable]
     float dt = 5e-3;
           ^~
../src/main.c:64:20: warning: 'posIn_f' is used uninitialized in this function [-Wuninitialized]
     sensor_handler = sensorMod__create(uio_sensorMod, XIL_SIZE,
     ~~~~~~~~~~~~~~~^~~~~~~~~~~~~~~~~~~~~~~~~~~~~~~~~~~~~~~~~~~~
         posIn_f, currIn_f, voltIn_f, pos_filt, vel_filt, curr_filt);
         ~~~~~~~~~~~~~~~~~~~~~~~~~~~~~~~~~~~~~~~~~~~~~~~~~~~~~~~~~~~
../src/main.c:64:20: warning: 'currIn_f' is used uninitialized in this function [-Wuninitialized]
../src/main.c:64:20: warning: 'voltIn_f' is used uninitialized in this function [-Wuninitialized]
'Finished building: ../src/main.c'
' '
'Building target: sensorMod_test.elf'
'Invoking: ARM v7 Linux gcc linker'
arm-linux-gnueabihf-gcc  -o "sensorMod_test.elf"  ./src/Impedance_v1.o ./src/MotorDriver.o ./src/SensorMod.o ./src/Time_Meas.o ./src/main.o ./src/xil_uio.o   
'Finished building target: sensorMod_test.elf'
' '
'Invoking: ARM v7 Linux Print Size'
arm-linux-gnueabihf-size sensorMod_test.elf  |tee "sensorMod_test.elf.size"
   text	   data	    bss	    dec	    hex	filename
  11465	    328	     16	  11809	   2e21	sensorMod_test.elf
'Finished building: sensorMod_test.elf.size'
' '
18:34:32 **** Auto Build of configuration Debug for project sensorMod_test ****
make all 
'Building file: ../src/main.c'
'Invoking: ARM v7 Linux gcc compiler'
arm-linux-gnueabihf-gcc -Wall -O0 -g3 -c -fmessage-length=0 -MT"src/main.o" -MMD -MP -MF"src/main.d" -MT"src/main.o" -o "src/main.o" "../src/main.c"
../src/main.c: In function 'main':
../src/main.c:119:16: warning: unused variable 'impThumb2' [-Wunused-variable]
     impedance *impThumb2 = impedance__create((_real *)(curr_filt+impMod), (_real *)(pos_filt+impMod),
                ^~~~~~~~~
../src/main.c:115:16: warning: unused variable 'impInd2' [-Wunused-variable]
     impedance *impInd2 = impedance__create((_real *)(curr_filt+impMod), (_real *)(pos_filt+impMod),
                ^~~~~~~
../src/main.c:111:16: warning: unused variable 'impThumb' [-Wunused-variable]
     impedance *impThumb = impedance__create((_real *)(curr_filt+impMod), (_real *)(pos_filt+impMod),
                ^~~~~~~~
../src/main.c:107:16: warning: unused variable 'impLit' [-Wunused-variable]
     impedance *impLit = impedance__create((_real *)(curr_filt+impMod), (_real *)(pos_filt+impMod),
                ^~~~~~
../src/main.c:103:16: warning: unused variable 'impRing' [-Wunused-variable]
     impedance *impRing = impedance__create((_real *)(curr_filt+impMod), (_real *)(pos_filt+impMod),
                ^~~~~~~
../src/main.c:99:16: warning: unused variable 'impMid' [-Wunused-variable]
     impedance *impMid = impedance__create((_real *)(curr_filt+impMod), (_real *)(pos_filt+impMod),
                ^~~~~~
../src/main.c:95:16: warning: unused variable 'impInd' [-Wunused-variable]
     impedance *impInd = impedance__create((_real *)(curr_filt+impMod), (_real *)(pos_filt+impMod),
                ^~~~~~
../src/main.c:89:21: warning: unused variable 'outMin' [-Wunused-variable]
                     outMin = -1023.00;
                     ^~~~~~
../src/main.c:88:21: warning: unused variable 'outMax' [-Wunused-variable]
                     outMax = 1023.00,
                     ^~~~~~
../src/main.c:87:21: warning: unused variable 'P' [-Wunused-variable]
                     P = 516.001357364368,
                     ^
../src/main.c:78:11: warning: unused variable 'cenCurr' [-Wunused-variable]
     float cenCurr = 36486.206;
           ^~~~~~~
../src/main.c:75:11: warning: unused variable 'nQ' [-Wunused-variable]
     float nQ = 3;
           ^~
../src/main.c:74:11: warning: unused variable 'R' [-Wunused-variable]
     float R = 8.2673e-04;
           ^
../src/main.c:73:11: warning: unused variable 'dt' [-Wunused-variable]
     float dt = 5e-3;
           ^~
'Finished building: ../src/main.c'
' '
'Building target: sensorMod_test.elf'
'Invoking: ARM v7 Linux gcc linker'
arm-linux-gnueabihf-gcc  -o "sensorMod_test.elf"  ./src/Impedance_v1.o ./src/MotorDriver.o ./src/SensorMod.o ./src/Time_Meas.o ./src/main.o ./src/xil_uio.o   
'Finished building target: sensorMod_test.elf'
' '
'Invoking: ARM v7 Linux Print Size'
arm-linux-gnueabihf-size sensorMod_test.elf  |tee "sensorMod_test.elf.size"
   text	   data	    bss	    dec	    hex	filename
  11513	    328	     16	  11857	   2e51	sensorMod_test.elf
'Finished building: sensorMod_test.elf.size'
' '
18:34:49 **** Incremental Build of configuration Debug for project sensorMod_test ****
make all 
'Building file: ../src/SensorMod.c'
'Invoking: ARM v7 Linux gcc compiler'
arm-linux-gnueabihf-gcc -Wall -O0 -g3 -c -fmessage-length=0 -MT"src/SensorMod.o" -MMD -MP -MF"src/SensorMod.d" -MT"src/SensorMod.o" -o "src/SensorMod.o" "../src/SensorMod.c"
'Finished building: ../src/SensorMod.c'
' '
'Building target: sensorMod_test.elf'
'Invoking: ARM v7 Linux gcc linker'
arm-linux-gnueabihf-gcc  -o "sensorMod_test.elf"  ./src/Impedance_v1.o ./src/MotorDriver.o ./src/SensorMod.o ./src/Time_Meas.o ./src/main.o ./src/xil_uio.o   
'Finished building target: sensorMod_test.elf'
' '
'Invoking: ARM v7 Linux Print Size'
arm-linux-gnueabihf-size sensorMod_test.elf  |tee "sensorMod_test.elf.size"
   text	   data	    bss	    dec	    hex	filename
  11417	    328	     16	  11761	   2df1	sensorMod_test.elf
'Finished building: sensorMod_test.elf.size'
' '
18:35:37 **** Auto Build of configuration Debug for project sensorMod_test ****
make all 
'Building file: ../src/main.c'
'Invoking: ARM v7 Linux gcc compiler'
arm-linux-gnueabihf-gcc -Wall -O0 -g3 -c -fmessage-length=0 -MT"src/main.o" -MMD -MP -MF"src/main.d" -MT"src/main.o" -o "src/main.o" "../src/main.c"
../src/main.c: In function 'main':
../src/main.c:119:16: warning: unused variable 'impThumb2' [-Wunused-variable]
     impedance *impThumb2 = impedance__create((_real *)(curr_filt+impMod), (_real *)(pos_filt+impMod),
                ^~~~~~~~~
../src/main.c:115:16: warning: unused variable 'impInd2' [-Wunused-variable]
     impedance *impInd2 = impedance__create((_real *)(curr_filt+impMod), (_real *)(pos_filt+impMod),
                ^~~~~~~
../src/main.c:111:16: warning: unused variable 'impThumb' [-Wunused-variable]
     impedance *impThumb = impedance__create((_real *)(curr_filt+impMod), (_real *)(pos_filt+impMod),
                ^~~~~~~~
../src/main.c:107:16: warning: unused variable 'impLit' [-Wunused-variable]
     impedance *impLit = impedance__create((_real *)(curr_filt+impMod), (_real *)(pos_filt+impMod),
                ^~~~~~
../src/main.c:103:16: warning: unused variable 'impRing' [-Wunused-variable]
     impedance *impRing = impedance__create((_real *)(curr_filt+impMod), (_real *)(pos_filt+impMod),
                ^~~~~~~
../src/main.c:99:16: warning: unused variable 'impMid' [-Wunused-variable]
     impedance *impMid = impedance__create((_real *)(curr_filt+impMod), (_real *)(pos_filt+impMod),
                ^~~~~~
../src/main.c:95:16: warning: unused variable 'impInd' [-Wunused-variable]
     impedance *impInd = impedance__create((_real *)(curr_filt+impMod), (_real *)(pos_filt+impMod),
                ^~~~~~
../src/main.c:89:21: warning: unused variable 'outMin' [-Wunused-variable]
                     outMin = -1023.00;
                     ^~~~~~
../src/main.c:88:21: warning: unused variable 'outMax' [-Wunused-variable]
                     outMax = 1023.00,
                     ^~~~~~
../src/main.c:87:21: warning: unused variable 'P' [-Wunused-variable]
                     P = 516.001357364368,
                     ^
../src/main.c:78:11: warning: unused variable 'cenCurr' [-Wunused-variable]
     float cenCurr = 36486.206;
           ^~~~~~~
../src/main.c:75:11: warning: unused variable 'nQ' [-Wunused-variable]
     float nQ = 3;
           ^~
../src/main.c:74:11: warning: unused variable 'R' [-Wunused-variable]
     float R = 8.2673e-04;
           ^
../src/main.c:73:11: warning: unused variable 'dt' [-Wunused-variable]
     float dt = 5e-3;
           ^~
'Finished building: ../src/main.c'
' '
'Building target: sensorMod_test.elf'
'Invoking: ARM v7 Linux gcc linker'
arm-linux-gnueabihf-gcc  -o "sensorMod_test.elf"  ./src/Impedance_v1.o ./src/MotorDriver.o ./src/SensorMod.o ./src/Time_Meas.o ./src/main.o ./src/xil_uio.o   
'Finished building target: sensorMod_test.elf'
' '
'Invoking: ARM v7 Linux Print Size'
arm-linux-gnueabihf-size sensorMod_test.elf  |tee "sensorMod_test.elf.size"
   text	   data	    bss	    dec	    hex	filename
  11589	    328	     16	  11933	   2e9d	sensorMod_test.elf
'Finished building: sensorMod_test.elf.size'
' '
18:35:38 **** Incremental Build of configuration Debug for project sensorMod_test ****
make all 
make: Nothing to be done for `all'.
18:49:18 **** Auto Build of configuration Debug for project sensorMod_test ****
make all 
'Building file: ../src/SensorMod.c'
'Invoking: ARM v7 Linux gcc compiler'
arm-linux-gnueabihf-gcc -Wall -O0 -g3 -c -fmessage-length=0 -MT"src/SensorMod.o" -MMD -MP -MF"src/SensorMod.d" -MT"src/SensorMod.o" -o "src/SensorMod.o" "../src/SensorMod.c"
'Finished building: ../src/SensorMod.c'
' '
'Building target: sensorMod_test.elf'
'Invoking: ARM v7 Linux gcc linker'
arm-linux-gnueabihf-gcc  -o "sensorMod_test.elf"  ./src/Impedance_v1.o ./src/MotorDriver.o ./src/SensorMod.o ./src/Time_Meas.o ./src/main.o ./src/xil_uio.o   
'Finished building target: sensorMod_test.elf'
' '
'Invoking: ARM v7 Linux Print Size'
arm-linux-gnueabihf-size sensorMod_test.elf  |tee "sensorMod_test.elf.size"
   text	   data	    bss	    dec	    hex	filename
  11685	    328	     16	  12029	   2efd	sensorMod_test.elf
'Finished building: sensorMod_test.elf.size'
' '
18:50:19 **** Auto Build of configuration Debug for project sensorMod_test ****
make all 
'Building file: ../src/SensorMod.c'
'Invoking: ARM v7 Linux gcc compiler'
arm-linux-gnueabihf-gcc -Wall -O0 -g3 -c -fmessage-length=0 -MT"src/SensorMod.o" -MMD -MP -MF"src/SensorMod.d" -MT"src/SensorMod.o" -o "src/SensorMod.o" "../src/SensorMod.c"
'Finished building: ../src/SensorMod.c'
' '
'Building target: sensorMod_test.elf'
'Invoking: ARM v7 Linux gcc linker'
arm-linux-gnueabihf-gcc  -o "sensorMod_test.elf"  ./src/Impedance_v1.o ./src/MotorDriver.o ./src/SensorMod.o ./src/Time_Meas.o ./src/main.o ./src/xil_uio.o   
'Finished building target: sensorMod_test.elf'
' '
'Invoking: ARM v7 Linux Print Size'
arm-linux-gnueabihf-size sensorMod_test.elf  |tee "sensorMod_test.elf.size"
   text	   data	    bss	    dec	    hex	filename
  11685	    328	     16	  12029	   2efd	sensorMod_test.elf
'Finished building: sensorMod_test.elf.size'
' '
18:52:32 **** Incremental Build of configuration Debug for project sensorMod_test ****
make all 
'Building file: ../src/main.c'
'Invoking: ARM v7 Linux gcc compiler'
arm-linux-gnueabihf-gcc -Wall -O0 -g3 -c -fmessage-length=0 -MT"src/main.o" -MMD -MP -MF"src/main.d" -MT"src/main.o" -o "src/main.o" "../src/main.c"
../src/main.c: In function 'main':
../src/main.c:119:16: warning: unused variable 'impThumb2' [-Wunused-variable]
     impedance *impThumb2 = impedance__create((_real *)(curr_filt+impMod), (_real *)(pos_filt+impMod),
                ^~~~~~~~~
../src/main.c:115:16: warning: unused variable 'impInd2' [-Wunused-variable]
     impedance *impInd2 = impedance__create((_real *)(curr_filt+impMod), (_real *)(pos_filt+impMod),
                ^~~~~~~
../src/main.c:111:16: warning: unused variable 'impThumb' [-Wunused-variable]
     impedance *impThumb = impedance__create((_real *)(curr_filt+impMod), (_real *)(pos_filt+impMod),
                ^~~~~~~~
../src/main.c:107:16: warning: unused variable 'impLit' [-Wunused-variable]
     impedance *impLit = impedance__create((_real *)(curr_filt+impMod), (_real *)(pos_filt+impMod),
                ^~~~~~
../src/main.c:103:16: warning: unused variable 'impRing' [-Wunused-variable]
     impedance *impRing = impedance__create((_real *)(curr_filt+impMod), (_real *)(pos_filt+impMod),
                ^~~~~~~
../src/main.c:99:16: warning: unused variable 'impMid' [-Wunused-variable]
     impedance *impMid = impedance__create((_real *)(curr_filt+impMod), (_real *)(pos_filt+impMod),
                ^~~~~~
../src/main.c:95:16: warning: unused variable 'impInd' [-Wunused-variable]
     impedance *impInd = impedance__create((_real *)(curr_filt+impMod), (_real *)(pos_filt+impMod),
                ^~~~~~
../src/main.c:89:21: warning: unused variable 'outMin' [-Wunused-variable]
                     outMin = -1023.00;
                     ^~~~~~
../src/main.c:88:21: warning: unused variable 'outMax' [-Wunused-variable]
                     outMax = 1023.00,
                     ^~~~~~
../src/main.c:87:21: warning: unused variable 'P' [-Wunused-variable]
                     P = 516.001357364368,
                     ^
../src/main.c:78:11: warning: unused variable 'cenCurr' [-Wunused-variable]
     float cenCurr = 36486.206;
           ^~~~~~~
../src/main.c:75:11: warning: unused variable 'nQ' [-Wunused-variable]
     float nQ = 3;
           ^~
../src/main.c:74:11: warning: unused variable 'R' [-Wunused-variable]
     float R = 8.2673e-04;
           ^
../src/main.c:73:11: warning: unused variable 'dt' [-Wunused-variable]
     float dt = 5e-3;
           ^~
'Finished building: ../src/main.c'
' '
'Building target: sensorMod_test.elf'
'Invoking: ARM v7 Linux gcc linker'
arm-linux-gnueabihf-gcc  -o "sensorMod_test.elf"  ./src/Impedance_v1.o ./src/MotorDriver.o ./src/SensorMod.o ./src/Time_Meas.o ./src/main.o ./src/xil_uio.o   
'Finished building target: sensorMod_test.elf'
' '
'Invoking: ARM v7 Linux Print Size'
arm-linux-gnueabihf-size sensorMod_test.elf  |tee "sensorMod_test.elf.size"
   text	   data	    bss	    dec	    hex	filename
  11685	    328	     16	  12029	   2efd	sensorMod_test.elf
'Finished building: sensorMod_test.elf.size'
' '
18:52:54 **** Auto Build of configuration Debug for project sensorMod_test ****
make all 
'Building file: ../src/main.c'
'Invoking: ARM v7 Linux gcc compiler'
arm-linux-gnueabihf-gcc -Wall -O0 -g3 -c -fmessage-length=0 -MT"src/main.o" -MMD -MP -MF"src/main.d" -MT"src/main.o" -o "src/main.o" "../src/main.c"
../src/main.c: In function 'main':
../src/main.c:120:16: warning: unused variable 'impThumb2' [-Wunused-variable]
     impedance *impThumb2 = impedance__create((_real *)(curr_filt+impMod), (_real *)(pos_filt+impMod),
                ^~~~~~~~~
../src/main.c:116:16: warning: unused variable 'impInd2' [-Wunused-variable]
     impedance *impInd2 = impedance__create((_real *)(curr_filt+impMod), (_real *)(pos_filt+impMod),
                ^~~~~~~
../src/main.c:112:16: warning: unused variable 'impThumb' [-Wunused-variable]
     impedance *impThumb = impedance__create((_real *)(curr_filt+impMod), (_real *)(pos_filt+impMod),
                ^~~~~~~~
../src/main.c:108:16: warning: unused variable 'impLit' [-Wunused-variable]
     impedance *impLit = impedance__create((_real *)(curr_filt+impMod), (_real *)(pos_filt+impMod),
                ^~~~~~
../src/main.c:104:16: warning: unused variable 'impRing' [-Wunused-variable]
     impedance *impRing = impedance__create((_real *)(curr_filt+impMod), (_real *)(pos_filt+impMod),
                ^~~~~~~
../src/main.c:100:16: warning: unused variable 'impMid' [-Wunused-variable]
     impedance *impMid = impedance__create((_real *)(curr_filt+impMod), (_real *)(pos_filt+impMod),
                ^~~~~~
../src/main.c:96:16: warning: unused variable 'impInd' [-Wunused-variable]
     impedance *impInd = impedance__create((_real *)(curr_filt+impMod), (_real *)(pos_filt+impMod),
                ^~~~~~
../src/main.c:90:21: warning: unused variable 'outMin' [-Wunused-variable]
                     outMin = -1023.00;
                     ^~~~~~
../src/main.c:89:21: warning: unused variable 'outMax' [-Wunused-variable]
                     outMax = 1023.00,
                     ^~~~~~
../src/main.c:88:21: warning: unused variable 'P' [-Wunused-variable]
                     P = 516.001357364368,
                     ^
../src/main.c:79:11: warning: unused variable 'cenCurr' [-Wunused-variable]
     float cenCurr = 36486.206;
           ^~~~~~~
../src/main.c:76:11: warning: unused variable 'nQ' [-Wunused-variable]
     float nQ = 3;
           ^~
../src/main.c:75:11: warning: unused variable 'R' [-Wunused-variable]
     float R = 8.2673e-04;
           ^
../src/main.c:74:11: warning: unused variable 'dt' [-Wunused-variable]
     float dt = 5e-3;
           ^~
../src/main.c:69:20: warning: 'posIn_f' is used uninitialized in this function [-Wuninitialized]
     sensor_handler = sensorMod__create(uio_sensorMod, XIL_SIZE, posIn_f, currIn_f, voltIn_f,
     ~~~~~~~~~~~~~~~^~~~~~~~~~~~~~~~~~~~~~~~~~~~~~~~~~~~~~~~~~~~~~~~~~~~~~~~~~~~~~~~~~~~~~~~~
       pos_filt, vel_filt, curr_filt);
       ~~~~~~~~~~~~~~~~~~~~~~~~~~~~~~
../src/main.c:69:20: warning: 'currIn_f' is used uninitialized in this function [-Wuninitialized]
../src/main.c:69:20: warning: 'voltIn_f' is used uninitialized in this function [-Wuninitialized]
../src/main.c:69:20: warning: 'pos_filt' is used uninitialized in this function [-Wuninitialized]
../src/main.c:69:20: warning: 'vel_filt' is used uninitialized in this function [-Wuninitialized]
../src/main.c:69:20: warning: 'curr_filt' is used uninitialized in this function [-Wuninitialized]
'Finished building: ../src/main.c'
' '
'Building target: sensorMod_test.elf'
'Invoking: ARM v7 Linux gcc linker'
arm-linux-gnueabihf-gcc  -o "sensorMod_test.elf"  ./src/Impedance_v1.o ./src/MotorDriver.o ./src/SensorMod.o ./src/Time_Meas.o ./src/main.o ./src/xil_uio.o   
'Finished building target: sensorMod_test.elf'
' '
'Invoking: ARM v7 Linux Print Size'
arm-linux-gnueabihf-size sensorMod_test.elf  |tee "sensorMod_test.elf.size"
   text	   data	    bss	    dec	    hex	filename
  11589	    328	     16	  11933	   2e9d	sensorMod_test.elf
'Finished building: sensorMod_test.elf.size'
' '
18:52:58 **** Incremental Build of configuration Debug for project sensorMod_test ****
make all 
make: Nothing to be done for `all'.
18:56:41 **** Auto Build of configuration Debug for project sensorMod_test ****
make all 
'Building file: ../src/main.c'
'Invoking: ARM v7 Linux gcc compiler'
arm-linux-gnueabihf-gcc -Wall -O0 -g3 -c -fmessage-length=0 -MT"src/main.o" -MMD -MP -MF"src/main.d" -MT"src/main.o" -o "src/main.o" "../src/main.c"
../src/main.c: In function 'main':
../src/main.c:120:16: warning: unused variable 'impThumb2' [-Wunused-variable]
     impedance *impThumb2 = impedance__create((_real *)(curr_filt+impMod), (_real *)(pos_filt+impMod),
                ^~~~~~~~~
../src/main.c:116:16: warning: unused variable 'impInd2' [-Wunused-variable]
     impedance *impInd2 = impedance__create((_real *)(curr_filt+impMod), (_real *)(pos_filt+impMod),
                ^~~~~~~
../src/main.c:112:16: warning: unused variable 'impThumb' [-Wunused-variable]
     impedance *impThumb = impedance__create((_real *)(curr_filt+impMod), (_real *)(pos_filt+impMod),
                ^~~~~~~~
../src/main.c:108:16: warning: unused variable 'impLit' [-Wunused-variable]
     impedance *impLit = impedance__create((_real *)(curr_filt+impMod), (_real *)(pos_filt+impMod),
                ^~~~~~
../src/main.c:104:16: warning: unused variable 'impRing' [-Wunused-variable]
     impedance *impRing = impedance__create((_real *)(curr_filt+impMod), (_real *)(pos_filt+impMod),
                ^~~~~~~
../src/main.c:100:16: warning: unused variable 'impMid' [-Wunused-variable]
     impedance *impMid = impedance__create((_real *)(curr_filt+impMod), (_real *)(pos_filt+impMod),
                ^~~~~~
../src/main.c:96:16: warning: unused variable 'impInd' [-Wunused-variable]
     impedance *impInd = impedance__create((_real *)(curr_filt+impMod), (_real *)(pos_filt+impMod),
                ^~~~~~
../src/main.c:90:21: warning: unused variable 'outMin' [-Wunused-variable]
                     outMin = -1023.00;
                     ^~~~~~
../src/main.c:89:21: warning: unused variable 'outMax' [-Wunused-variable]
                     outMax = 1023.00,
                     ^~~~~~
../src/main.c:88:21: warning: unused variable 'P' [-Wunused-variable]
                     P = 516.001357364368,
                     ^
../src/main.c:79:11: warning: unused variable 'cenCurr' [-Wunused-variable]
     float cenCurr = 36486.206;
           ^~~~~~~
../src/main.c:76:11: warning: unused variable 'nQ' [-Wunused-variable]
     float nQ = 3;
           ^~
../src/main.c:75:11: warning: unused variable 'R' [-Wunused-variable]
     float R = 8.2673e-04;
           ^
../src/main.c:74:11: warning: unused variable 'dt' [-Wunused-variable]
     float dt = 5e-3;
           ^~
../src/main.c:69:20: warning: 'posIn_f' is used uninitialized in this function [-Wuninitialized]
     sensor_handler = sensorMod__create(uio_sensorMod, XIL_SIZE, posIn_f, currIn_f, voltIn_f,
     ~~~~~~~~~~~~~~~^~~~~~~~~~~~~~~~~~~~~~~~~~~~~~~~~~~~~~~~~~~~~~~~~~~~~~~~~~~~~~~~~~~~~~~~~
       pos_filt, vel_filt, curr_filt);
       ~~~~~~~~~~~~~~~~~~~~~~~~~~~~~~
../src/main.c:69:20: warning: 'currIn_f' is used uninitialized in this function [-Wuninitialized]
../src/main.c:69:20: warning: 'voltIn_f' is used uninitialized in this function [-Wuninitialized]
../src/main.c:69:20: warning: 'pos_filt' is used uninitialized in this function [-Wuninitialized]
../src/main.c:69:20: warning: 'vel_filt' is used uninitialized in this function [-Wuninitialized]
../src/main.c:69:20: warning: 'curr_filt' is used uninitialized in this function [-Wuninitialized]
'Finished building: ../src/main.c'
' '
'Building target: sensorMod_test.elf'
'Invoking: ARM v7 Linux gcc linker'
arm-linux-gnueabihf-gcc  -o "sensorMod_test.elf"  ./src/Impedance_v1.o ./src/MotorDriver.o ./src/SensorMod.o ./src/Time_Meas.o ./src/main.o ./src/xil_uio.o   
'Finished building target: sensorMod_test.elf'
' '
'Invoking: ARM v7 Linux Print Size'
arm-linux-gnueabihf-size sensorMod_test.elf  |tee "sensorMod_test.elf.size"
   text	   data	    bss	    dec	    hex	filename
  11597	    328	     16	  11941	   2ea5	sensorMod_test.elf
'Finished building: sensorMod_test.elf.size'
' '
18:56:45 **** Incremental Build of configuration Debug for project sensorMod_test ****
make all 
make: Nothing to be done for `all'.
18:56:57 **** Auto Build of configuration Debug for project sensorMod_test ****
make all 
'Building file: ../src/main.c'
'Invoking: ARM v7 Linux gcc compiler'
arm-linux-gnueabihf-gcc -Wall -O0 -g3 -c -fmessage-length=0 -MT"src/main.o" -MMD -MP -MF"src/main.d" -MT"src/main.o" -o "src/main.o" "../src/main.c"
../src/main.c: In function 'main':
../src/main.c:138:44: warning: format '%f' expects a matching 'double' argument [-Wformat=]
      printf("%d | %.2f | %.2f || %.2f | %.2f | %.2f |\n", i, rawPos[i],rawCurr[i],
                                         ~~~^
../src/main.c:138:51: warning: format '%f' expects a matching 'double' argument [-Wformat=]
      printf("%d | %.2f | %.2f || %.2f | %.2f | %.2f |\n", i, rawPos[i],rawCurr[i],
                                                ~~~^
../src/main.c:120:16: warning: unused variable 'impThumb2' [-Wunused-variable]
     impedance *impThumb2 = impedance__create((_real *)(curr_filt+impMod), (_real *)(pos_filt+impMod),
                ^~~~~~~~~
../src/main.c:116:16: warning: unused variable 'impInd2' [-Wunused-variable]
     impedance *impInd2 = impedance__create((_real *)(curr_filt+impMod), (_real *)(pos_filt+impMod),
                ^~~~~~~
../src/main.c:112:16: warning: unused variable 'impThumb' [-Wunused-variable]
     impedance *impThumb = impedance__create((_real *)(curr_filt+impMod), (_real *)(pos_filt+impMod),
                ^~~~~~~~
../src/main.c:108:16: warning: unused variable 'impLit' [-Wunused-variable]
     impedance *impLit = impedance__create((_real *)(curr_filt+impMod), (_real *)(pos_filt+impMod),
                ^~~~~~
../src/main.c:104:16: warning: unused variable 'impRing' [-Wunused-variable]
     impedance *impRing = impedance__create((_real *)(curr_filt+impMod), (_real *)(pos_filt+impMod),
                ^~~~~~~
../src/main.c:100:16: warning: unused variable 'impMid' [-Wunused-variable]
     impedance *impMid = impedance__create((_real *)(curr_filt+impMod), (_real *)(pos_filt+impMod),
                ^~~~~~
../src/main.c:96:16: warning: unused variable 'impInd' [-Wunused-variable]
     impedance *impInd = impedance__create((_real *)(curr_filt+impMod), (_real *)(pos_filt+impMod),
                ^~~~~~
../src/main.c:90:21: warning: unused variable 'outMin' [-Wunused-variable]
                     outMin = -1023.00;
                     ^~~~~~
../src/main.c:89:21: warning: unused variable 'outMax' [-Wunused-variable]
                     outMax = 1023.00,
                     ^~~~~~
../src/main.c:88:21: warning: unused variable 'P' [-Wunused-variable]
                     P = 516.001357364368,
                     ^
../src/main.c:79:11: warning: unused variable 'cenCurr' [-Wunused-variable]
     float cenCurr = 36486.206;
           ^~~~~~~
../src/main.c:76:11: warning: unused variable 'nQ' [-Wunused-variable]
     float nQ = 3;
           ^~
../src/main.c:75:11: warning: unused variable 'R' [-Wunused-variable]
     float R = 8.2673e-04;
           ^
../src/main.c:74:11: warning: unused variable 'dt' [-Wunused-variable]
     float dt = 5e-3;
           ^~
../src/main.c:69:20: warning: 'posIn_f' is used uninitialized in this function [-Wuninitialized]
     sensor_handler = sensorMod__create(uio_sensorMod, XIL_SIZE, posIn_f, currIn_f, voltIn_f,
     ~~~~~~~~~~~~~~~^~~~~~~~~~~~~~~~~~~~~~~~~~~~~~~~~~~~~~~~~~~~~~~~~~~~~~~~~~~~~~~~~~~~~~~~~
       pos_filt, vel_filt, curr_filt);
       ~~~~~~~~~~~~~~~~~~~~~~~~~~~~~~
../src/main.c:69:20: warning: 'currIn_f' is used uninitialized in this function [-Wuninitialized]
../src/main.c:69:20: warning: 'voltIn_f' is used uninitialized in this function [-Wuninitialized]
../src/main.c:69:20: warning: 'pos_filt' is used uninitialized in this function [-Wuninitialized]
../src/main.c:69:20: warning: 'vel_filt' is used uninitialized in this function [-Wuninitialized]
../src/main.c:69:20: warning: 'curr_filt' is used uninitialized in this function [-Wuninitialized]
'Finished building: ../src/main.c'
' '
'Building target: sensorMod_test.elf'
'Invoking: ARM v7 Linux gcc linker'
arm-linux-gnueabihf-gcc  -o "sensorMod_test.elf"  ./src/Impedance_v1.o ./src/MotorDriver.o ./src/SensorMod.o ./src/Time_Meas.o ./src/main.o ./src/xil_uio.o   
'Finished building target: sensorMod_test.elf'
' '
'Invoking: ARM v7 Linux Print Size'
arm-linux-gnueabihf-size sensorMod_test.elf  |tee "sensorMod_test.elf.size"
   text	   data	    bss	    dec	    hex	filename
  11541	    328	     16	  11885	   2e6d	sensorMod_test.elf
'Finished building: sensorMod_test.elf.size'
' '
18:57:00 **** Incremental Build of configuration Debug for project sensorMod_test ****
make all 
make: Nothing to be done for `all'.
