10:49:16 **** Clean-only build of configuration Debug for project sensorMod_test ****
make clean 
rm -rf  ./src/SensorMod.o ./src/sensorMod_test.o ./src/xil_uio.o  ./src/SensorMod.d ./src/sensorMod_test.d ./src/xil_uio.d  sensorMod_test.elf.size  sensorMod_test.elf
 
10:49:17 **** Build of configuration Debug for project sensorMod_test ****
make all 
Building file: ../src/SensorMod.c
Invoking: ARM v7 Linux gcc compiler
arm-linux-gnueabihf-gcc -Wall -O0 -g3 -c -fmessage-length=0 -MT"src/SensorMod.o" -MMD -MP -MF"src/SensorMod.d" -MT"src/SensorMod.o" -o "src/SensorMod.o" "../src/SensorMod.c"
../src/SensorMod.c: In function ‘sensorMod__init’:
../src/SensorMod.c:14:24: warning: assignment makes integer from pointer without a cast [-Wint-conversion]
     self->Q._uint32[0] = (uint32_t *)xil_uio__read32(self->sensorMod_handler, 
                        ^
../src/SensorMod.c:16:24: warning: assignment makes integer from pointer without a cast [-Wint-conversion]
     self->Q._uint32[1] = (uint32_t *)xil_uio__read32(self->sensorMod_handler, 
                        ^
../src/SensorMod.c:18:24: warning: assignment makes integer from pointer without a cast [-Wint-conversion]
     self->Q._uint32[2] = (uint32_t *)xil_uio__read32(self->sensorMod_handler, 
                        ^
../src/SensorMod.c:20:25: warning: assignment makes integer from pointer without a cast [-Wint-conversion]
     self->ab._uint32[0] = (uint32_t *)xil_uio__read32(self->sensorMod_handler, 
                         ^
../src/SensorMod.c:22:25: warning: assignment makes integer from pointer without a cast [-Wint-conversion]
     self->ab._uint32[1] = (uint32_t *)xil_uio__read32(self->sensorMod_handler, 
                         ^
../src/SensorMod.c: In function ‘sensorMod__isReady’:
../src/SensorMod.c:69:39: warning: passing argument 1 of ‘xil_uio__read32’ from incompatible pointer type [-Wincompatible-pointer-types]
     uint32_t status = xil_uio__read32(self, STATUS_READ);
                                       ^~~~
In file included from ../src/SensorMod.h:6:0,
                 from ../src/SensorMod.c:1:
../src/xil_uio.h:27:10: note: expected ‘xil_uio * {aka struct xil_uio_t *}’ but argument is of type ‘sensorMod * {aka struct sensorMod_struct *}’
 uint32_t xil_uio__read32(xil_uio* self, const uint32_t offset); // reads data from virtual mem address with offset
          ^~~~~~~~~~~~~~~
../src/SensorMod.c: In function ‘sensorMod__set_centerCurr’:
../src/SensorMod.c:87:35: warning: passing argument 3 of ‘xil_uio__write32’ makes integer from pointer without a cast [-Wint-conversion]
    OFFSET_CEN_CURR | OFFSET_CONF, (uint32_t *)self->center_current._uint32);
                                   ^
In file included from ../src/SensorMod.h:6:0,
                 from ../src/SensorMod.c:1:
../src/xil_uio.h:28:6: note: expected ‘uint32_t {aka const unsigned int}’ but argument is of type ‘uint32_t * {aka unsigned int *}’
 void xil_uio__write32 (xil_uio* self, const uint32_t offset, const uint32_t writeval);
      ^~~~~~~~~~~~~~~~
../src/SensorMod.c: In function ‘sensorMod__set_Kalman’:
../src/SensorMod.c:93:29: warning: passing argument 3 of ‘xil_uio__write32’ makes integer from pointer without a cast [-Wint-conversion]
    OFFSET_DT | OFFSET_CONF, (uint32_t *)self->dt._uint32);
                             ^
In file included from ../src/SensorMod.h:6:0,
                 from ../src/SensorMod.c:1:
../src/xil_uio.h:28:6: note: expected ‘uint32_t {aka const unsigned int}’ but argument is of type ‘uint32_t * {aka unsigned int *}’
 void xil_uio__write32 (xil_uio* self, const uint32_t offset, const uint32_t writeval);
      ^~~~~~~~~~~~~~~~
../src/SensorMod.c:96:28: warning: passing argument 3 of ‘xil_uio__write32’ makes integer from pointer without a cast [-Wint-conversion]
    OFFSET_R | OFFSET_CONF, (uint32_t *)self->R._uint32);
                            ^
In file included from ../src/SensorMod.h:6:0,
                 from ../src/SensorMod.c:1:
../src/xil_uio.h:28:6: note: expected ‘uint32_t {aka const unsigned int}’ but argument is of type ‘uint32_t * {aka unsigned int *}’
 void xil_uio__write32 (xil_uio* self, const uint32_t offset, const uint32_t writeval);
      ^~~~~~~~~~~~~~~~
Finished building: ../src/SensorMod.c
 
Building file: ../src/sensorMod_test.c
Invoking: ARM v7 Linux gcc compiler
arm-linux-gnueabihf-gcc -Wall -O0 -g3 -c -fmessage-length=0 -MT"src/sensorMod_test.o" -MMD -MP -MF"src/sensorMod_test.d" -MT"src/sensorMod_test.o" -o "src/sensorMod_test.o" "../src/sensorMod_test.c"
Finished building: ../src/sensorMod_test.c
 
Building file: ../src/xil_uio.c
Invoking: ARM v7 Linux gcc compiler
arm-linux-gnueabihf-gcc -Wall -O0 -g3 -c -fmessage-length=0 -MT"src/xil_uio.o" -MMD -MP -MF"src/xil_uio.d" -MT"src/xil_uio.o" -o "src/xil_uio.o" "../src/xil_uio.c"
Finished building: ../src/xil_uio.c
 
Building target: sensorMod_test.elf
Invoking: ARM v7 Linux gcc linker
arm-linux-gnueabihf-gcc  -o "sensorMod_test.elf"  ./src/SensorMod.o ./src/sensorMod_test.o ./src/xil_uio.o   
Finished building target: sensorMod_test.elf
 
Invoking: ARM v7 Linux Print Size
arm-linux-gnueabihf-size sensorMod_test.elf  |tee "sensorMod_test.elf.size"
   text	   data	    bss	    dec	    hex	filename
   4005	    320	      4	   4329	   10e9	sensorMod_test.elf
Finished building: sensorMod_test.elf.size
 
10:50:34 **** Incremental Build of configuration Debug for project sensorMod_test ****
make all 
make: Nothing to be done for 'all'.
10:52:11 **** Incremental Build of configuration Debug for project sensorMod_test ****
make all 
make: Nothing to be done for 'all'.
10:54:57 **** Build of configuration Debug for project sensorMod_test ****
make all 
Building file: ../src/helloworld.c
Invoking: ARM v7 Linux gcc compiler
arm-linux-gnueabihf-gcc -Wall -O0 -g3 -c -fmessage-length=0 -MT"src/helloworld.o" -MMD -MP -MF"src/helloworld.d" -MT"src/helloworld.o" -o "src/helloworld.o" "../src/helloworld.c"
Finished building: ../src/helloworld.c
 
Building target: sensorMod_test.elf
Invoking: ARM v7 Linux gcc linker
arm-linux-gnueabihf-gcc  -o "sensorMod_test.elf"  ./src/helloworld.o   
Finished building target: sensorMod_test.elf
 
Invoking: ARM v7 Linux Print Size
arm-linux-gnueabihf-size sensorMod_test.elf  |tee "sensorMod_test.elf.size"
   text	   data	    bss	    dec	    hex	filename
    852	    280	      4	   1136	    470	sensorMod_test.elf
Finished building: sensorMod_test.elf.size
 
10:55:12 **** Auto Build of configuration Debug for project sensorMod_test ****
make all 
Building target: sensorMod_test.elf
Invoking: ARM v7 Linux gcc linker
arm-linux-gnueabihf-gcc  -o "sensorMod_test.elf"   
arm-linux-gnueabihf-gcc: fatal error: no input files
compilation terminated.
makefile:36: recipe for target 'sensorMod_test.elf' failed
make: *** [sensorMod_test.elf] Error 1
10:55:29 **** Auto Build of configuration Debug for project sensorMod_test ****
make all 
Building file: ../src/SensorMod.c
Invoking: ARM v7 Linux gcc compiler
arm-linux-gnueabihf-gcc -Wall -O0 -g3 -c -fmessage-length=0 -MT"src/SensorMod.o" -MMD -MP -MF"src/SensorMod.d" -MT"src/SensorMod.o" -o "src/SensorMod.o" "../src/SensorMod.c"
../src/SensorMod.c: In function ‘sensorMod__init’:
../src/SensorMod.c:14:24: warning: assignment makes integer from pointer without a cast [-Wint-conversion]
     self->Q._uint32[0] = (uint32_t *)xil_uio__read32(self->sensorMod_handler, 
                        ^
../src/SensorMod.c:16:24: warning: assignment makes integer from pointer without a cast [-Wint-conversion]
     self->Q._uint32[1] = (uint32_t *)xil_uio__read32(self->sensorMod_handler, 
                        ^
../src/SensorMod.c:18:24: warning: assignment makes integer from pointer without a cast [-Wint-conversion]
     self->Q._uint32[2] = (uint32_t *)xil_uio__read32(self->sensorMod_handler, 
                        ^
../src/SensorMod.c:20:25: warning: assignment makes integer from pointer without a cast [-Wint-conversion]
     self->ab._uint32[0] = (uint32_t *)xil_uio__read32(self->sensorMod_handler, 
                         ^
../src/SensorMod.c:22:25: warning: assignment makes integer from pointer without a cast [-Wint-conversion]
     self->ab._uint32[1] = (uint32_t *)xil_uio__read32(self->sensorMod_handler, 
                         ^
../src/SensorMod.c: In function ‘sensorMod__isReady’:
../src/SensorMod.c:69:39: warning: passing argument 1 of ‘xil_uio__read32’ from incompatible pointer type [-Wincompatible-pointer-types]
     uint32_t status = xil_uio__read32(self, STATUS_READ);
                                       ^~~~
In file included from ../src/SensorMod.h:6:0,
                 from ../src/SensorMod.c:1:
../src/xil_uio.h:27:10: note: expected ‘xil_uio * {aka struct xil_uio_t *}’ but argument is of type ‘sensorMod * {aka struct sensorMod_struct *}’
 uint32_t xil_uio__read32(xil_uio* self, const uint32_t offset); // reads data from virtual mem address with offset
          ^~~~~~~~~~~~~~~
../src/SensorMod.c: In function ‘sensorMod__set_centerCurr’:
../src/SensorMod.c:87:35: warning: passing argument 3 of ‘xil_uio__write32’ makes integer from pointer without a cast [-Wint-conversion]
    OFFSET_CEN_CURR | OFFSET_CONF, (uint32_t *)self->center_current._uint32);
                                   ^
In file included from ../src/SensorMod.h:6:0,
                 from ../src/SensorMod.c:1:
../src/xil_uio.h:28:6: note: expected ‘uint32_t {aka const unsigned int}’ but argument is of type ‘uint32_t * {aka unsigned int *}’
 void xil_uio__write32 (xil_uio* self, const uint32_t offset, const uint32_t writeval);
      ^~~~~~~~~~~~~~~~
../src/SensorMod.c: In function ‘sensorMod__set_Kalman’:
../src/SensorMod.c:93:29: warning: passing argument 3 of ‘xil_uio__write32’ makes integer from pointer without a cast [-Wint-conversion]
    OFFSET_DT | OFFSET_CONF, (uint32_t *)self->dt._uint32);
                             ^
In file included from ../src/SensorMod.h:6:0,
                 from ../src/SensorMod.c:1:
../src/xil_uio.h:28:6: note: expected ‘uint32_t {aka const unsigned int}’ but argument is of type ‘uint32_t * {aka unsigned int *}’
 void xil_uio__write32 (xil_uio* self, const uint32_t offset, const uint32_t writeval);
      ^~~~~~~~~~~~~~~~
../src/SensorMod.c:96:28: warning: passing argument 3 of ‘xil_uio__write32’ makes integer from pointer without a cast [-Wint-conversion]
    OFFSET_R | OFFSET_CONF, (uint32_t *)self->R._uint32);
                            ^
In file included from ../src/SensorMod.h:6:0,
                 from ../src/SensorMod.c:1:
../src/xil_uio.h:28:6: note: expected ‘uint32_t {aka const unsigned int}’ but argument is of type ‘uint32_t * {aka unsigned int *}’
 void xil_uio__write32 (xil_uio* self, const uint32_t offset, const uint32_t writeval);
      ^~~~~~~~~~~~~~~~
Finished building: ../src/SensorMod.c
 
Building file: ../src/sensorMod_test.c
Invoking: ARM v7 Linux gcc compiler
arm-linux-gnueabihf-gcc -Wall -O0 -g3 -c -fmessage-length=0 -MT"src/sensorMod_test.o" -MMD -MP -MF"src/sensorMod_test.d" -MT"src/sensorMod_test.o" -o "src/sensorMod_test.o" "../src/sensorMod_test.c"
Finished building: ../src/sensorMod_test.c
 
Building file: ../src/xil_uio.c
Invoking: ARM v7 Linux gcc compiler
arm-linux-gnueabihf-gcc -Wall -O0 -g3 -c -fmessage-length=0 -MT"src/xil_uio.o" -MMD -MP -MF"src/xil_uio.d" -MT"src/xil_uio.o" -o "src/xil_uio.o" "../src/xil_uio.c"
Finished building: ../src/xil_uio.c
 
Building target: sensorMod_test.elf
Invoking: ARM v7 Linux gcc linker
arm-linux-gnueabihf-gcc  -o "sensorMod_test.elf"  ./src/SensorMod.o ./src/sensorMod_test.o ./src/xil_uio.o   
Finished building target: sensorMod_test.elf
 
Invoking: ARM v7 Linux Print Size
arm-linux-gnueabihf-size sensorMod_test.elf  |tee "sensorMod_test.elf.size"
   text	   data	    bss	    dec	    hex	filename
   4005	    320	      4	   4329	   10e9	sensorMod_test.elf
Finished building: sensorMod_test.elf.size
 
10:56:16 **** Incremental Build of configuration Debug for project sensorMod_test ****
make all 
make: Nothing to be done for 'all'.
